2016-09-02 00:44:24.669 11409 INFO neutron.wsgi [req-635a5ac0-5d74-4c2a-b50a-2b407ccc5984 a01a11068ae742de856b960cad5860f2 4609a26e18504a5e828b2f02a95f3014 - - -] 10.1.13.251 - - [02/Sep/2016 00:44:24] "GET /v2.0/subnets.json HTTP/1.1" 200 1876 0.051062
2016-09-02 00:44:24.855 11409 INFO neutron.wsgi [req-0cccf9f0-4c79-4559-963d-7805e569a3a1 a01a11068ae742de856b960cad5860f2 4609a26e18504a5e828b2f02a95f3014 - - -] 10.1.13.251 - - [02/Sep/2016 00:44:24] "GET /v2.0/networks.json?router%3Aexternal=True HTTP/1.1" 200 1471 0.181231
2016-09-02 00:44:24.908 11409 INFO neutron.wsgi [req-3d5c9303-f389-4287-8919-9d8ea73234b5 a01a11068ae742de856b960cad5860f2 4609a26e18504a5e828b2f02a95f3014 - - -] 10.1.13.251 - - [02/Sep/2016 00:44:24] "GET /v2.0/subnets.json HTTP/1.1" 200 1876 0.050195
2016-09-02 00:44:24.944 11409 INFO neutron.wsgi [req-8f88d920-0bec-4d5a-98d2-5af00587ce63 a01a11068ae742de856b960cad5860f2 4609a26e18504a5e828b2f02a95f3014 - - -] 10.1.13.251 - - [02/Sep/2016 00:44:24] "GET /v2.0/ports.json HTTP/1.1" 200 3429 0.032196
2016-09-02 00:44:24.996 11409 INFO neutron.wsgi [req-40e330a6-eb2d-406d-a22c-3a8cb8b1fb66 a01a11068ae742de856b960cad5860f2 4609a26e18504a5e828b2f02a95f3014 - - -] 10.1.13.251 - - [02/Sep/2016 00:44:24] "GET /v2.0/routers.json?tenant_id=4609a26e18504a5e828b2f02a95f3014 HTTP/1.1" 200 750 0.048498
2016-09-02 00:44:35.212 11417 WARNING keystonemiddleware.auth_token [-] Using the in-process token cache is deprecated as of the 4.2.0 release and may be removed in the 5.0.0 release or the 'O' development cycle. The in-process cache causes inconsistent results and high memory usage. When the feature is removed the auth_token middleware will not cache tokens by default which may result in performance issues. It is recommended to use  memcache for the auth_token token cache by setting the memcached_servers option.
2016-09-02 00:44:35.699 11417 INFO neutron.wsgi [req-e4533f1d-09e6-40a6-9a6b-a1310b76cd91 a01a11068ae742de856b960cad5860f2 4609a26e18504a5e828b2f02a95f3014 - - -] 10.1.13.251 - - [02/Sep/2016 00:44:35] "GET /v2.0/networks.json?shared=False&tenant_id=4609a26e18504a5e828b2f02a95f3014 HTTP/1.1" 200 842 0.488414
2016-09-02 00:44:35.753 11417 INFO neutron.wsgi [req-bce90cb5-eb2a-48a0-be73-c3c60c6e4932 a01a11068ae742de856b960cad5860f2 4609a26e18504a5e828b2f02a95f3014 - - -] 10.1.13.251 - - [02/Sep/2016 00:44:35] "GET /v2.0/subnets.json HTTP/1.1" 200 1876 0.050521
2016-09-02 00:44:35.932 11417 INFO neutron.wsgi [req-654fa3d1-ed33-4118-87ed-5e5240f6b0a2 a01a11068ae742de856b960cad5860f2 4609a26e18504a5e828b2f02a95f3014 - - -] 10.1.13.251 - - [02/Sep/2016 00:44:35] "GET /v2.0/networks.json?shared=True HTTP/1.1" 200 856 0.175941
2016-09-02 00:44:35.985 11417 INFO neutron.wsgi [req-c9bc47ab-4df9-42d7-b2c9-56e1dc4fedee a01a11068ae742de856b960cad5860f2 4609a26e18504a5e828b2f02a95f3014 - - -] 10.1.13.251 - - [02/Sep/2016 00:44:35] "GET /v2.0/subnets.json HTTP/1.1" 200 1876 0.050337
2016-09-02 00:44:36.043 11417 INFO neutron.wsgi [req-b27e2d16-8752-432e-884b-dd2e1022a25f a01a11068ae742de856b960cad5860f2 4609a26e18504a5e828b2f02a95f3014 - - -] 10.1.13.251 - - [02/Sep/2016 00:44:36] "GET /v2.0/networks.json?router%3Aexternal=True HTTP/1.1" 200 1471 0.053737
2016-09-02 00:44:36.048 11420 WARNING keystonemiddleware.auth_token [-] Using the in-process token cache is deprecated as of the 4.2.0 release and may be removed in the 5.0.0 release or the 'O' development cycle. The in-process cache causes inconsistent results and high memory usage. When the feature is removed the auth_token middleware will not cache tokens by default which may result in performance issues. It is recommended to use  memcache for the auth_token token cache by setting the memcached_servers option.
2016-09-02 00:44:36.537 11420 INFO neutron.wsgi [req-22a693cf-77d7-4b0c-8854-f1b637be60a3 a01a11068ae742de856b960cad5860f2 4609a26e18504a5e828b2f02a95f3014 - - -] 10.1.13.251 - - [02/Sep/2016 00:44:36] "GET /v2.0/subnets.json HTTP/1.1" 200 1876 0.490705
2016-09-02 00:44:36.577 11420 INFO neutron.wsgi [req-13b2ec58-2c45-4cdd-92e1-1fd8860c69c9 a01a11068ae742de856b960cad5860f2 4609a26e18504a5e828b2f02a95f3014 - - -] 10.1.13.251 - - [02/Sep/2016 00:44:36] "GET /v2.0/ports.json HTTP/1.1" 200 3429 0.035088
2016-09-02 00:44:36.761 11420 INFO neutron.wsgi [req-9c813a70-05c9-41ec-a8e5-9fcb28bd022f a01a11068ae742de856b960cad5860f2 4609a26e18504a5e828b2f02a95f3014 - - -] 10.1.13.251 - - [02/Sep/2016 00:44:36] "GET /v2.0/routers.json?tenant_id=4609a26e18504a5e828b2f02a95f3014 HTTP/1.1" 200 750 0.179734
2016-09-02 00:44:47.071 11406 INFO neutron.wsgi [req-75ddf9bb-9463-453e-8c62-e18683611bc4 a01a11068ae742de856b960cad5860f2 4609a26e18504a5e828b2f02a95f3014 - - -] 10.1.13.251 - - [02/Sep/2016 00:44:47] "GET /v2.0/networks.json?shared=False&tenant_id=4609a26e18504a5e828b2f02a95f3014 HTTP/1.1" 200 842 0.076338
2016-09-02 00:44:47.165 11414 INFO neutron.wsgi [req-19117677-a590-4f4b-b71b-b9317dbd16ba a01a11068ae742de856b960cad5860f2 4609a26e18504a5e828b2f02a95f3014 - - -] 10.1.13.251 - - [02/Sep/2016 00:44:47] "GET /v2.0/subnets.json HTTP/1.1" 200 1876 0.090366
2016-09-02 00:44:47.228 11414 INFO neutron.wsgi [req-83c03459-61b6-45ce-b3c8-156b13ca8b3d a01a11068ae742de856b960cad5860f2 4609a26e18504a5e828b2f02a95f3014 - - -] 10.1.13.251 - - [02/Sep/2016 00:44:47] "GET /v2.0/networks.json?shared=True HTTP/1.1" 200 856 0.058236
2016-09-02 00:44:47.282 11414 INFO neutron.wsgi [req-0bee5ac1-ce60-4efe-955b-4b3551467655 a01a11068ae742de856b960cad5860f2 4609a26e18504a5e828b2f02a95f3014 - - -] 10.1.13.251 - - [02/Sep/2016 00:44:47] "GET /v2.0/subnets.json HTTP/1.1" 200 1876 0.051426
2016-09-02 00:44:47.341 11414 INFO neutron.wsgi [req-9e293730-9786-4ddc-a54c-4a54a311b589 a01a11068ae742de856b960cad5860f2 4609a26e18504a5e828b2f02a95f3014 - - -] 10.1.13.251 - - [02/Sep/2016 00:44:47] "GET /v2.0/networks.json?router%3Aexternal=True HTTP/1.1" 200 1471 0.054666
2016-09-02 00:44:47.394 11414 INFO neutron.wsgi [req-1011f529-be8d-4143-9dd4-dc019dea98b8 a01a11068ae742de856b960cad5860f2 4609a26e18504a5e828b2f02a95f3014 - - -] 10.1.13.251 - - [02/Sep/2016 00:44:47] "GET /v2.0/subnets.json HTTP/1.1" 200 1876 0.049351
2016-09-02 00:44:47.433 11414 INFO neutron.wsgi [req-f43b1f5a-686e-4e58-9b8e-af966a6bd93b a01a11068ae742de856b960cad5860f2 4609a26e18504a5e828b2f02a95f3014 - - -] 10.1.13.251 - - [02/Sep/2016 00:44:47] "GET /v2.0/ports.json HTTP/1.1" 200 3429 0.035064
2016-09-02 00:44:47.484 11414 INFO neutron.wsgi [req-25183fc8-d930-456a-99af-ec781332824b a01a11068ae742de856b960cad5860f2 4609a26e18504a5e828b2f02a95f3014 - - -] 10.1.13.251 - - [02/Sep/2016 00:44:47] "GET /v2.0/routers.json?tenant_id=4609a26e18504a5e828b2f02a95f3014 HTTP/1.1" 200 750 0.047436
2016-09-02 00:44:57.778 11408 INFO neutron.wsgi [req-6cd17092-11f7-434c-9d6b-4aea2ab29e64 a01a11068ae742de856b960cad5860f2 4609a26e18504a5e828b2f02a95f3014 - - -] 10.1.13.251 - - [02/Sep/2016 00:44:57] "GET /v2.0/networks.json?shared=False&tenant_id=4609a26e18504a5e828b2f02a95f3014 HTTP/1.1" 200 842 0.059366
2016-09-02 00:44:57.832 11408 INFO neutron.wsgi [req-05855cf4-5e1c-4a36-b2ea-9952bedc59dc a01a11068ae742de856b960cad5860f2 4609a26e18504a5e828b2f02a95f3014 - - -] 10.1.13.251 - - [02/Sep/2016 00:44:57] "GET /v2.0/subnets.json HTTP/1.1" 200 1876 0.049826
2016-09-02 00:44:57.888 11408 INFO neutron.wsgi [req-a9aadb70-67bf-4976-9d50-04375da10866 a01a11068ae742de856b960cad5860f2 4609a26e18504a5e828b2f02a95f3014 - - -] 10.1.13.251 - - [02/Sep/2016 00:44:57] "GET /v2.0/networks.json?shared=True HTTP/1.1" 200 856 0.053207
2016-09-02 00:44:57.942 11408 INFO neutron.wsgi [req-2148132d-1648-4931-8f11-7f42e43efea3 a01a11068ae742de856b960cad5860f2 4609a26e18504a5e828b2f02a95f3014 - - -] 10.1.13.251 - - [02/Sep/2016 00:44:57] "GET /v2.0/subnets.json HTTP/1.1" 200 1876 0.050672
2016-09-02 00:44:58.001 11408 INFO neutron.wsgi [req-608139d7-24a0-4f4b-b283-6ebbe0bdba97 a01a11068ae742de856b960cad5860f2 4609a26e18504a5e828b2f02a95f3014 - - -] 10.1.13.251 - - [02/Sep/2016 00:44:58] "GET /v2.0/networks.json?router%3Aexternal=True HTTP/1.1" 200 1471 0.055215
2016-09-02 00:44:58.189 11408 INFO neutron.wsgi [req-e05503f8-411e-47b0-b6e2-02fa04a28f11 a01a11068ae742de856b960cad5860f2 4609a26e18504a5e828b2f02a95f3014 - - -] 10.1.13.251 - - [02/Sep/2016 00:44:58] "GET /v2.0/subnets.json HTTP/1.1" 200 1876 0.184464
2016-09-02 00:44:58.244 11421 INFO neutron.wsgi [req-8edacefa-573b-4482-9967-a0f116979480 a01a11068ae742de856b960cad5860f2 4609a26e18504a5e828b2f02a95f3014 - - -] 10.1.13.251 - - [02/Sep/2016 00:44:58] "GET /v2.0/ports.json HTTP/1.1" 200 3429 0.050915
2016-09-02 00:44:58.304 11422 INFO neutron.wsgi [req-32d59f96-399f-4280-8d8f-3b1d2350fdcc a01a11068ae742de856b960cad5860f2 4609a26e18504a5e828b2f02a95f3014 - - -] 10.1.13.251 - - [02/Sep/2016 00:44:58] "GET /v2.0/routers.json?tenant_id=4609a26e18504a5e828b2f02a95f3014 HTTP/1.1" 200 750 0.053831
2016-09-02 00:45:08.550 11411 INFO neutron.wsgi [req-559743de-4c02-4ed2-8dd2-c90bfe4d5414 a01a11068ae742de856b960cad5860f2 4609a26e18504a5e828b2f02a95f3014 - - -] 10.1.13.251 - - [02/Sep/2016 00:45:08] "GET /v2.0/networks.json?shared=False&tenant_id=4609a26e18504a5e828b2f02a95f3014 HTTP/1.1" 200 842 0.056425
2016-09-02 00:45:08.619 11422 INFO neutron.wsgi [req-9a40fdcd-d87a-49f6-911d-f68b26886aa8 a01a11068ae742de856b960cad5860f2 4609a26e18504a5e828b2f02a95f3014 - - -] 10.1.13.251 - - [02/Sep/2016 00:45:08] "GET /v2.0/subnets.json HTTP/1.1" 200 1876 0.065627
2016-09-02 00:45:08.676 11422 INFO neutron.wsgi [req-fc81389c-0c38-4194-9659-3e5aa17b187d a01a11068ae742de856b960cad5860f2 4609a26e18504a5e828b2f02a95f3014 - - -] 10.1.13.251 - - [02/Sep/2016 00:45:08] "GET /v2.0/networks.json?shared=True HTTP/1.1" 200 856 0.054140
2016-09-02 00:45:08.733 11422 INFO neutron.wsgi [req-02a76e5c-30e3-4ca4-be40-e89284685a97 a01a11068ae742de856b960cad5860f2 4609a26e18504a5e828b2f02a95f3014 - - -] 10.1.13.251 - - [02/Sep/2016 00:45:08] "GET /v2.0/subnets.json HTTP/1.1" 200 1876 0.054066
2016-09-02 00:45:08.794 11424 INFO neutron.wsgi [req-2a062bb4-5790-49d5-aa2c-d46ace9da4f6 a01a11068ae742de856b960cad5860f2 4609a26e18504a5e828b2f02a95f3014 - - -] 10.1.13.251 - - [02/Sep/2016 00:45:08] "GET /v2.0/networks.json?router%3Aexternal=True HTTP/1.1" 200 1471 0.057367
2016-09-02 00:45:08.846 11424 INFO neutron.wsgi [req-b4442b82-0efa-41c1-9442-dce4efc6a010 a01a11068ae742de856b960cad5860f2 4609a26e18504a5e828b2f02a95f3014 - - -] 10.1.13.251 - - [02/Sep/2016 00:45:08] "GET /v2.0/subnets.json HTTP/1.1" 200 1876 0.048985
2016-09-02 00:45:08.881 11424 INFO neutron.wsgi [req-7d6c0adc-b509-4f24-b6b1-88fbda2cf282 a01a11068ae742de856b960cad5860f2 4609a26e18504a5e828b2f02a95f3014 - - -] 10.1.13.251 - - [02/Sep/2016 00:45:08] "GET /v2.0/ports.json HTTP/1.1" 200 3429 0.030954
2016-09-02 00:45:08.937 11419 INFO neutron.wsgi [req-0f30311e-1b78-41bb-868f-381296286721 a01a11068ae742de856b960cad5860f2 4609a26e18504a5e828b2f02a95f3014 - - -] 10.1.13.251 - - [02/Sep/2016 00:45:08] "GET /v2.0/routers.json?tenant_id=4609a26e18504a5e828b2f02a95f3014 HTTP/1.1" 200 750 0.052142
2016-09-02 00:45:19.194 11408 INFO neutron.wsgi [req-085d7f50-4655-48cb-89e5-a66ae95ef9e6 a01a11068ae742de856b960cad5860f2 4609a26e18504a5e828b2f02a95f3014 - - -] 10.1.13.251 - - [02/Sep/2016 00:45:19] "GET /v2.0/networks.json?shared=False&tenant_id=4609a26e18504a5e828b2f02a95f3014 HTTP/1.1" 200 842 0.058294
2016-09-02 00:45:19.249 11408 INFO neutron.wsgi [req-413911f7-a30d-45a6-9460-3d505ac99e28 a01a11068ae742de856b960cad5860f2 4609a26e18504a5e828b2f02a95f3014 - - -] 10.1.13.251 - - [02/Sep/2016 00:45:19] "GET /v2.0/subnets.json HTTP/1.1" 200 1876 0.051724
2016-09-02 00:45:19.307 11408 INFO neutron.wsgi [req-d0edbb5a-15ed-45fd-b63f-99466f87857e a01a11068ae742de856b960cad5860f2 4609a26e18504a5e828b2f02a95f3014 - - -] 10.1.13.251 - - [02/Sep/2016 00:45:19] "GET /v2.0/networks.json?shared=True HTTP/1.1" 200 856 0.054550
2016-09-02 00:45:19.359 11408 INFO neutron.wsgi [req-ced23053-3b6d-4d57-9295-bdf25e71c43e a01a11068ae742de856b960cad5860f2 4609a26e18504a5e828b2f02a95f3014 - - -] 10.1.13.251 - - [02/Sep/2016 00:45:19] "GET /v2.0/subnets.json HTTP/1.1" 200 1876 0.048928
2016-09-02 00:45:19.417 11408 INFO neutron.wsgi [req-75b752df-39fb-420e-b870-b9b3845be722 a01a11068ae742de856b960cad5860f2 4609a26e18504a5e828b2f02a95f3014 - - -] 10.1.13.251 - - [02/Sep/2016 00:45:19] "GET /v2.0/networks.json?router%3Aexternal=True HTTP/1.1" 200 1471 0.053890
2016-09-02 00:45:19.471 11408 INFO neutron.wsgi [req-e320a895-c814-447c-94f1-bdc845ac18c8 a01a11068ae742de856b960cad5860f2 4609a26e18504a5e828b2f02a95f3014 - - -] 10.1.13.251 - - [02/Sep/2016 00:45:19] "GET /v2.0/subnets.json HTTP/1.1" 200 1876 0.051106
2016-09-02 00:45:19.504 11408 INFO neutron.wsgi [req-d9af21b8-17f6-4419-b01c-89ed6c8eac23 a01a11068ae742de856b960cad5860f2 4609a26e18504a5e828b2f02a95f3014 - - -] 10.1.13.251 - - [02/Sep/2016 00:45:19] "GET /v2.0/ports.json HTTP/1.1" 200 3429 0.029661
2016-09-02 00:45:19.556 11408 INFO neutron.wsgi [req-423e67f3-892f-472c-b8b5-4c65084812a5 a01a11068ae742de856b960cad5860f2 4609a26e18504a5e828b2f02a95f3014 - - -] 10.1.13.251 - - [02/Sep/2016 00:45:19] "GET /v2.0/routers.json?tenant_id=4609a26e18504a5e828b2f02a95f3014 HTTP/1.1" 200 750 0.047278
2016-09-02 00:45:29.783 11416 WARNING keystonemiddleware.auth_token [-] Using the in-process token cache is deprecated as of the 4.2.0 release and may be removed in the 5.0.0 release or the 'O' development cycle. The in-process cache causes inconsistent results and high memory usage. When the feature is removed the auth_token middleware will not cache tokens by default which may result in performance issues. It is recommended to use  memcache for the auth_token token cache by setting the memcached_servers option.
2016-09-02 00:45:30.275 11416 INFO neutron.wsgi [req-d1377474-453f-40a8-8ff5-d67de4be4897 a01a11068ae742de856b960cad5860f2 4609a26e18504a5e828b2f02a95f3014 - - -] 10.1.13.251 - - [02/Sep/2016 00:45:30] "GET /v2.0/networks.json?shared=False&tenant_id=4609a26e18504a5e828b2f02a95f3014 HTTP/1.1" 200 842 0.493648
2016-09-02 00:45:30.330 11416 INFO neutron.wsgi [req-23d057d5-1b03-4c32-9f97-bec02258e16f a01a11068ae742de856b960cad5860f2 4609a26e18504a5e828b2f02a95f3014 - - -] 10.1.13.251 - - [02/Sep/2016 00:45:30] "GET /v2.0/subnets.json HTTP/1.1" 200 1876 0.051371
2016-09-02 00:45:30.513 11416 INFO neutron.wsgi [req-7e1239da-f711-47c1-a4e7-44b168bf8cc1 a01a11068ae742de856b960cad5860f2 4609a26e18504a5e828b2f02a95f3014 - - -] 10.1.13.251 - - [02/Sep/2016 00:45:30] "GET /v2.0/networks.json?shared=True HTTP/1.1" 200 856 0.179783
2016-09-02 00:45:30.569 11409 INFO neutron.wsgi [req-e06633f3-232b-4bc9-9ec2-4a8c70d0c6d8 a01a11068ae742de856b960cad5860f2 4609a26e18504a5e828b2f02a95f3014 - - -] 10.1.13.251 - - [02/Sep/2016 00:45:30] "GET /v2.0/subnets.json HTTP/1.1" 200 1876 0.053332
2016-09-02 00:45:30.576 11405 WARNING keystonemiddleware.auth_token [-] Using the in-process token cache is deprecated as of the 4.2.0 release and may be removed in the 5.0.0 release or the 'O' development cycle. The in-process cache causes inconsistent results and high memory usage. When the feature is removed the auth_token middleware will not cache tokens by default which may result in performance issues. It is recommended to use  memcache for the auth_token token cache by setting the memcached_servers option.
2016-09-02 00:45:31.071 11405 INFO neutron.wsgi [req-b5f56dc3-bf0f-4ab9-8dd3-d1a97147dca6 a01a11068ae742de856b960cad5860f2 4609a26e18504a5e828b2f02a95f3014 - - -] 10.1.13.251 - - [02/Sep/2016 00:45:31] "GET /v2.0/networks.json?router%3Aexternal=True HTTP/1.1" 200 1471 0.496844
2016-09-02 00:45:31.132 11406 INFO neutron.wsgi [req-8cdf64ab-bd6f-4345-bc01-79c40c69a02d a01a11068ae742de856b960cad5860f2 4609a26e18504a5e828b2f02a95f3014 - - -] 10.1.13.251 - - [02/Sep/2016 00:45:31] "GET /v2.0/subnets.json HTTP/1.1" 200 1876 0.057825
2016-09-02 00:45:31.170 11406 INFO neutron.wsgi [req-19808c1c-d603-44d8-a043-ddc38a046858 a01a11068ae742de856b960cad5860f2 4609a26e18504a5e828b2f02a95f3014 - - -] 10.1.13.251 - - [02/Sep/2016 00:45:31] "GET /v2.0/ports.json HTTP/1.1" 200 3429 0.033357
2016-09-02 00:45:31.230 11406 INFO neutron.wsgi [req-9fec3da7-32b2-4407-882c-eaa3cc016fff a01a11068ae742de856b960cad5860f2 4609a26e18504a5e828b2f02a95f3014 - - -] 10.1.13.251 - - [02/Sep/2016 00:45:31] "GET /v2.0/routers.json?tenant_id=4609a26e18504a5e828b2f02a95f3014 HTTP/1.1" 200 750 0.055070
2016-09-02 00:45:41.478 11406 INFO neutron.wsgi [req-174c0241-3b7c-483e-832a-f0fa3669f805 a01a11068ae742de856b960cad5860f2 4609a26e18504a5e828b2f02a95f3014 - - -] 10.1.13.251 - - [02/Sep/2016 00:45:41] "GET /v2.0/networks.json?shared=False&tenant_id=4609a26e18504a5e828b2f02a95f3014 HTTP/1.1" 200 842 0.057527
2016-09-02 00:45:41.573 11415 INFO neutron.wsgi [req-2856e024-9a72-4ed6-afed-3721ddc3e394 a01a11068ae742de856b960cad5860f2 4609a26e18504a5e828b2f02a95f3014 - - -] 10.1.13.251 - - [02/Sep/2016 00:45:41] "GET /v2.0/subnets.json HTTP/1.1" 200 1876 0.091662
2016-09-02 00:45:41.632 11423 INFO neutron.wsgi [req-dae76665-a897-45da-828e-64477c5fbc81 a01a11068ae742de856b960cad5860f2 4609a26e18504a5e828b2f02a95f3014 - - -] 10.1.13.251 - - [02/Sep/2016 00:45:41] "GET /v2.0/networks.json?shared=True HTTP/1.1" 200 856 0.055545
2016-09-02 00:45:41.685 11409 INFO neutron.wsgi [req-73ae5d0b-b16b-44bd-8371-d98705dc8c05 a01a11068ae742de856b960cad5860f2 4609a26e18504a5e828b2f02a95f3014 - - -] 10.1.13.251 - - [02/Sep/2016 00:45:41] "GET /v2.0/subnets.json HTTP/1.1" 200 1876 0.050401
2016-09-02 00:45:41.744 11409 INFO neutron.wsgi [req-6e8d8d5f-fcf6-49b0-903b-1bbc8139bfb7 a01a11068ae742de856b960cad5860f2 4609a26e18504a5e828b2f02a95f3014 - - -] 10.1.13.251 - - [02/Sep/2016 00:45:41] "GET /v2.0/networks.json?router%3Aexternal=True HTTP/1.1" 200 1471 0.055571
2016-09-02 00:45:41.802 11403 INFO neutron.wsgi [req-63067b55-0729-4125-9351-5e2f33b6c2a8 a01a11068ae742de856b960cad5860f2 4609a26e18504a5e828b2f02a95f3014 - - -] 10.1.13.251 - - [02/Sep/2016 00:45:41] "GET /v2.0/subnets.json HTTP/1.1" 200 1876 0.053936
2016-09-02 00:45:41.836 11419 INFO neutron.wsgi [req-26f40174-59ae-4456-89d0-5fd66d0b7e0c a01a11068ae742de856b960cad5860f2 4609a26e18504a5e828b2f02a95f3014 - - -] 10.1.13.251 - - [02/Sep/2016 00:45:41] "GET /v2.0/ports.json HTTP/1.1" 200 3429 0.030016
2016-09-02 00:45:41.886 11419 INFO neutron.wsgi [req-7a239ee3-d765-4a7d-95f0-95b64142f547 a01a11068ae742de856b960cad5860f2 4609a26e18504a5e828b2f02a95f3014 - - -] 10.1.13.251 - - [02/Sep/2016 00:45:41] "GET /v2.0/routers.json?tenant_id=4609a26e18504a5e828b2f02a95f3014 HTTP/1.1" 200 750 0.046024
2016-09-02 00:45:52.137 11403 INFO neutron.wsgi [req-a176fa36-65d5-488a-bde0-ea34d7a2ce93 a01a11068ae742de856b960cad5860f2 4609a26e18504a5e828b2f02a95f3014 - - -] 10.1.13.251 - - [02/Sep/2016 00:45:52] "GET /v2.0/networks.json?shared=False&tenant_id=4609a26e18504a5e828b2f02a95f3014 HTTP/1.1" 200 842 0.056925
2016-09-02 00:45:52.200 11422 INFO neutron.wsgi [req-6cfa30c1-5f56-415f-99a0-9c1f5829943d a01a11068ae742de856b960cad5860f2 4609a26e18504a5e828b2f02a95f3014 - - -] 10.1.13.251 - - [02/Sep/2016 00:45:52] "GET /v2.0/subnets.json HTTP/1.1" 200 1876 0.058361
2016-09-02 00:45:52.260 11413 INFO neutron.wsgi [req-88a2ff32-cdb4-4940-82aa-6c8c3ee60bc6 a01a11068ae742de856b960cad5860f2 4609a26e18504a5e828b2f02a95f3014 - - -] 10.1.13.251 - - [02/Sep/2016 00:45:52] "GET /v2.0/networks.json?shared=True HTTP/1.1" 200 856 0.056885
2016-09-02 00:45:52.316 11413 INFO neutron.wsgi [req-ce5d1350-9c14-4c65-8327-1f56418c3bee a01a11068ae742de856b960cad5860f2 4609a26e18504a5e828b2f02a95f3014 - - -] 10.1.13.251 - - [02/Sep/2016 00:45:52] "GET /v2.0/subnets.json HTTP/1.1" 200 1876 0.052523
2016-09-02 00:45:52.374 11413 INFO neutron.wsgi [req-e37fac95-a368-448d-88a5-fbbc24837a1a a01a11068ae742de856b960cad5860f2 4609a26e18504a5e828b2f02a95f3014 - - -] 10.1.13.251 - - [02/Sep/2016 00:45:52] "GET /v2.0/networks.json?router%3Aexternal=True HTTP/1.1" 200 1471 0.054132
2016-09-02 00:45:52.445 11413 INFO neutron.wsgi [req-c2e199cb-26dd-406b-badd-17c5b5bc1d71 a01a11068ae742de856b960cad5860f2 4609a26e18504a5e828b2f02a95f3014 - - -] 10.1.13.251 - - [02/Sep/2016 00:45:52] "GET /v2.0/subnets.json HTTP/1.1" 200 1876 0.067493
2016-09-02 00:45:52.484 11425 INFO neutron.wsgi [req-2e559818-a64a-4f14-af0d-9d9f2870c85d a01a11068ae742de856b960cad5860f2 4609a26e18504a5e828b2f02a95f3014 - - -] 10.1.13.251 - - [02/Sep/2016 00:45:52] "GET /v2.0/ports.json HTTP/1.1" 200 3429 0.034924
2016-09-02 00:45:52.537 11425 INFO neutron.wsgi [req-d0da5077-de67-4727-b53d-b7a4c107d655 a01a11068ae742de856b960cad5860f2 4609a26e18504a5e828b2f02a95f3014 - - -] 10.1.13.251 - - [02/Sep/2016 00:45:52] "GET /v2.0/routers.json?tenant_id=4609a26e18504a5e828b2f02a95f3014 HTTP/1.1" 200 750 0.048504
2016-09-02 00:46:02.849 11413 INFO neutron.wsgi [req-6e8e5fc9-a9a2-4d4b-b88f-d830bb60884a a01a11068ae742de856b960cad5860f2 4609a26e18504a5e828b2f02a95f3014 - - -] 10.1.13.251 - - [02/Sep/2016 00:46:02] "GET /v2.0/networks.json?shared=False&tenant_id=4609a26e18504a5e828b2f02a95f3014 HTTP/1.1" 200 842 0.068190
2016-09-02 00:46:02.903 11413 INFO neutron.wsgi [req-4cffed2d-4e9b-4df4-a8aa-cb47e65b46ef a01a11068ae742de856b960cad5860f2 4609a26e18504a5e828b2f02a95f3014 - - -] 10.1.13.251 - - [02/Sep/2016 00:46:02] "GET /v2.0/subnets.json HTTP/1.1" 200 1876 0.051312
2016-09-02 00:46:02.962 11413 INFO neutron.wsgi [req-c6f04010-d2a3-4573-9417-8fccbbe4909a a01a11068ae742de856b960cad5860f2 4609a26e18504a5e828b2f02a95f3014 - - -] 10.1.13.251 - - [02/Sep/2016 00:46:02] "GET /v2.0/networks.json?shared=True HTTP/1.1" 200 856 0.054463
2016-09-02 00:46:03.018 11413 INFO neutron.wsgi [req-4ac18914-06aa-4bac-8b19-7e6cb642983a a01a11068ae742de856b960cad5860f2 4609a26e18504a5e828b2f02a95f3014 - - -] 10.1.13.251 - - [02/Sep/2016 00:46:03] "GET /v2.0/subnets.json HTTP/1.1" 200 1876 0.053380
2016-09-02 00:46:03.080 11413 INFO neutron.wsgi [req-075d019e-be97-469e-b156-e596aad9d1b4 a01a11068ae742de856b960cad5860f2 4609a26e18504a5e828b2f02a95f3014 - - -] 10.1.13.251 - - [02/Sep/2016 00:46:03] "GET /v2.0/networks.json?router%3Aexternal=True HTTP/1.1" 200 1471 0.057408
2016-09-02 00:46:03.134 11413 INFO neutron.wsgi [req-3cdcb3c9-60fe-4f19-851b-6fbc681306cb a01a11068ae742de856b960cad5860f2 4609a26e18504a5e828b2f02a95f3014 - - -] 10.1.13.251 - - [02/Sep/2016 00:46:03] "GET /v2.0/subnets.json HTTP/1.1" 200 1876 0.050267
2016-09-02 00:46:03.172 11413 INFO neutron.wsgi [req-0f0ffd1d-4647-454e-868e-2d6afed96225 a01a11068ae742de856b960cad5860f2 4609a26e18504a5e828b2f02a95f3014 - - -] 10.1.13.251 - - [02/Sep/2016 00:46:03] "GET /v2.0/ports.json HTTP/1.1" 200 3429 0.033893
2016-09-02 00:46:03.226 11413 INFO neutron.wsgi [req-fe5e4ff5-8bef-4876-8c4d-ca9358fb5275 a01a11068ae742de856b960cad5860f2 4609a26e18504a5e828b2f02a95f3014 - - -] 10.1.13.251 - - [02/Sep/2016 00:46:03] "GET /v2.0/routers.json?tenant_id=4609a26e18504a5e828b2f02a95f3014 HTTP/1.1" 200 750 0.050310
2016-09-02 00:46:13.500 11414 INFO neutron.wsgi [req-a2af054e-5809-4e68-a423-b023c6dd4fc2 a01a11068ae742de856b960cad5860f2 4609a26e18504a5e828b2f02a95f3014 - - -] 10.1.13.251 - - [02/Sep/2016 00:46:13] "GET /v2.0/networks.json?shared=False&tenant_id=4609a26e18504a5e828b2f02a95f3014 HTTP/1.1" 200 842 0.059891
2016-09-02 00:46:13.555 11414 INFO neutron.wsgi [req-0b503a31-7b76-4a05-a58c-d656f5c66981 a01a11068ae742de856b960cad5860f2 4609a26e18504a5e828b2f02a95f3014 - - -] 10.1.13.251 - - [02/Sep/2016 00:46:13] "GET /v2.0/subnets.json HTTP/1.1" 200 1876 0.052030
2016-09-02 00:46:13.612 11414 INFO neutron.wsgi [req-f8baab68-0444-4e8a-9908-a32105fb64ae a01a11068ae742de856b960cad5860f2 4609a26e18504a5e828b2f02a95f3014 - - -] 10.1.13.251 - - [02/Sep/2016 00:46:13] "GET /v2.0/networks.json?shared=True HTTP/1.1" 200 856 0.053892
2016-09-02 00:46:13.665 11414 INFO neutron.wsgi [req-5fc71005-cc3c-423c-967a-ca75d119414a a01a11068ae742de856b960cad5860f2 4609a26e18504a5e828b2f02a95f3014 - - -] 10.1.13.251 - - [02/Sep/2016 00:46:13] "GET /v2.0/subnets.json HTTP/1.1" 200 1876 0.049547
2016-09-02 00:46:13.875 11414 INFO neutron.wsgi [req-71786346-3683-4ff1-ac27-e7cf228ca52b a01a11068ae742de856b960cad5860f2 4609a26e18504a5e828b2f02a95f3014 - - -] 10.1.13.251 - - [02/Sep/2016 00:46:13] "GET /v2.0/networks.json?router%3Aexternal=True HTTP/1.1" 200 1471 0.206382
2016-09-02 00:46:13.929 11414 INFO neutron.wsgi [req-fe52bc11-bac0-4eeb-8192-dfc78f12263c a01a11068ae742de856b960cad5860f2 4609a26e18504a5e828b2f02a95f3014 - - -] 10.1.13.251 - - [02/Sep/2016 00:46:13] "GET /v2.0/subnets.json HTTP/1.1" 200 1876 0.050505
2016-09-02 00:46:13.961 11414 INFO neutron.wsgi [req-6146ae1f-6df5-4e80-b8d3-fbc926f851a4 a01a11068ae742de856b960cad5860f2 4609a26e18504a5e828b2f02a95f3014 - - -] 10.1.13.251 - - [02/Sep/2016 00:46:13] "GET /v2.0/ports.json HTTP/1.1" 200 3429 0.028264
2016-09-02 00:46:14.012 11414 INFO neutron.wsgi [req-64bd7336-7c9f-46d3-b95b-c092b4fb20d6 a01a11068ae742de856b960cad5860f2 4609a26e18504a5e828b2f02a95f3014 - - -] 10.1.13.251 - - [02/Sep/2016 00:46:14] "GET /v2.0/routers.json?tenant_id=4609a26e18504a5e828b2f02a95f3014 HTTP/1.1" 200 750 0.046504
2016-09-02 00:46:24.273 11417 INFO neutron.wsgi [req-07b617b5-ec40-42b1-a91e-ace56d6e0cf4 a01a11068ae742de856b960cad5860f2 4609a26e18504a5e828b2f02a95f3014 - - -] 10.1.13.251 - - [02/Sep/2016 00:46:24] "GET /v2.0/networks.json?shared=False&tenant_id=4609a26e18504a5e828b2f02a95f3014 HTTP/1.1" 200 842 0.052773
2016-09-02 00:46:24.341 11414 INFO neutron.wsgi [req-64101f34-33c2-4884-9ce5-299d8dca2424 a01a11068ae742de856b960cad5860f2 4609a26e18504a5e828b2f02a95f3014 - - -] 10.1.13.251 - - [02/Sep/2016 00:46:24] "GET /v2.0/subnets.json HTTP/1.1" 200 1876 0.064177
2016-09-02 00:46:24.398 11414 INFO neutron.wsgi [req-b82aec4c-bf61-4d23-bca3-5d549765d5e6 a01a11068ae742de856b960cad5860f2 4609a26e18504a5e828b2f02a95f3014 - - -] 10.1.13.251 - - [02/Sep/2016 00:46:24] "GET /v2.0/networks.json?shared=True HTTP/1.1" 200 856 0.053377
2016-09-02 00:46:24.452 11414 INFO neutron.wsgi [req-61e79177-af1a-4748-8ec2-b9c4d34f1fbe a01a11068ae742de856b960cad5860f2 4609a26e18504a5e828b2f02a95f3014 - - -] 10.1.13.251 - - [02/Sep/2016 00:46:24] "GET /v2.0/subnets.json HTTP/1.1" 200 1876 0.050771
2016-09-02 00:46:24.510 11414 INFO neutron.wsgi [req-337e81d9-5924-44ca-9a65-4a15351bdc03 a01a11068ae742de856b960cad5860f2 4609a26e18504a5e828b2f02a95f3014 - - -] 10.1.13.251 - - [02/Sep/2016 00:46:24] "GET /v2.0/networks.json?router%3Aexternal=True HTTP/1.1" 200 1471 0.054427
2016-09-02 00:46:24.564 11414 INFO neutron.wsgi [req-8cae8228-abe9-46ce-9c39-27e86637becf a01a11068ae742de856b960cad5860f2 4609a26e18504a5e828b2f02a95f3014 - - -] 10.1.13.251 - - [02/Sep/2016 00:46:24] "GET /v2.0/subnets.json HTTP/1.1" 200 1876 0.050734
2016-09-02 00:46:24.597 11414 INFO neutron.wsgi [req-6d534cf1-798c-4dbb-be41-0972c7d90d5b a01a11068ae742de856b960cad5860f2 4609a26e18504a5e828b2f02a95f3014 - - -] 10.1.13.251 - - [02/Sep/2016 00:46:24] "GET /v2.0/ports.json HTTP/1.1" 200 3429 0.029070
2016-09-02 00:46:24.651 11414 INFO neutron.wsgi [req-cb618e9d-a231-4dda-bdaf-10354c929958 a01a11068ae742de856b960cad5860f2 4609a26e18504a5e828b2f02a95f3014 - - -] 10.1.13.251 - - [02/Sep/2016 00:46:24] "GET /v2.0/routers.json?tenant_id=4609a26e18504a5e828b2f02a95f3014 HTTP/1.1" 200 750 0.049639
2016-09-02 00:46:34.933 11403 INFO neutron.wsgi [req-4a438fc9-4cac-45ee-9e83-4ff6b6063468 a01a11068ae742de856b960cad5860f2 4609a26e18504a5e828b2f02a95f3014 - - -] 10.1.13.251 - - [02/Sep/2016 00:46:34] "GET /v2.0/networks.json?shared=False&tenant_id=4609a26e18504a5e828b2f02a95f3014 HTTP/1.1" 200 842 0.076659
2016-09-02 00:46:34.994 11403 INFO neutron.wsgi [req-3735d9ca-a40b-4b3d-b425-f5a8f1ecb9e5 a01a11068ae742de856b960cad5860f2 4609a26e18504a5e828b2f02a95f3014 - - -] 10.1.13.251 - - [02/Sep/2016 00:46:34] "GET /v2.0/subnets.json HTTP/1.1" 200 1876 0.057900
2016-09-02 00:46:35.053 11403 INFO neutron.wsgi [req-f0af7565-2374-4628-b49c-37757bb409bf a01a11068ae742de856b960cad5860f2 4609a26e18504a5e828b2f02a95f3014 - - -] 10.1.13.251 - - [02/Sep/2016 00:46:35] "GET /v2.0/networks.json?shared=True HTTP/1.1" 200 856 0.055612
2016-09-02 00:46:35.110 11403 INFO neutron.wsgi [req-fe295aaa-3ad0-47cf-96c2-720b562c9c08 a01a11068ae742de856b960cad5860f2 4609a26e18504a5e828b2f02a95f3014 - - -] 10.1.13.251 - - [02/Sep/2016 00:46:35] "GET /v2.0/subnets.json HTTP/1.1" 200 1876 0.053984
2016-09-02 00:46:35.170 11407 INFO neutron.wsgi [req-9ead78ba-484f-41f4-bb23-a6699e347337 a01a11068ae742de856b960cad5860f2 4609a26e18504a5e828b2f02a95f3014 - - -] 10.1.13.251 - - [02/Sep/2016 00:46:35] "GET /v2.0/networks.json?router%3Aexternal=True HTTP/1.1" 200 1471 0.055976
2016-09-02 00:46:35.226 11407 INFO neutron.wsgi [req-404a5c08-d69e-4a2d-83c4-2f044013d688 a01a11068ae742de856b960cad5860f2 4609a26e18504a5e828b2f02a95f3014 - - -] 10.1.13.251 - - [02/Sep/2016 00:46:35] "GET /v2.0/subnets.json HTTP/1.1" 200 1876 0.052516
2016-09-02 00:46:35.263 11407 INFO neutron.wsgi [req-86c94dd6-4990-49f4-a7b2-eb896e0be721 a01a11068ae742de856b960cad5860f2 4609a26e18504a5e828b2f02a95f3014 - - -] 10.1.13.251 - - [02/Sep/2016 00:46:35] "GET /v2.0/ports.json HTTP/1.1" 200 3429 0.032989
2016-09-02 00:46:35.321 11407 INFO neutron.wsgi [req-b5fc7c39-762f-4690-b4db-a0e63265affe a01a11068ae742de856b960cad5860f2 4609a26e18504a5e828b2f02a95f3014 - - -] 10.1.13.251 - - [02/Sep/2016 00:46:35] "GET /v2.0/routers.json?tenant_id=4609a26e18504a5e828b2f02a95f3014 HTTP/1.1" 200 750 0.054011
2016-09-02 00:46:45.934 11421 INFO neutron.wsgi [req-6d917cf4-0f28-45dd-b22d-91dcf969020c a01a11068ae742de856b960cad5860f2 4609a26e18504a5e828b2f02a95f3014 - - -] 10.1.13.251 - - [02/Sep/2016 00:46:45] "GET /v2.0/networks.json?shared=False&tenant_id=4609a26e18504a5e828b2f02a95f3014 HTTP/1.1" 200 842 0.205948
2016-09-02 00:46:45.999 11408 INFO neutron.wsgi [req-8b91a8ca-d13b-4d36-943c-f5cad978c56b a01a11068ae742de856b960cad5860f2 4609a26e18504a5e828b2f02a95f3014 - - -] 10.1.13.251 - - [02/Sep/2016 00:46:45] "GET /v2.0/subnets.json HTTP/1.1" 200 1876 0.058871
2016-09-02 00:46:46.059 11408 INFO neutron.wsgi [req-5f54bf79-05a4-4437-b2d1-287fe1011568 a01a11068ae742de856b960cad5860f2 4609a26e18504a5e828b2f02a95f3014 - - -] 10.1.13.251 - - [02/Sep/2016 00:46:46] "GET /v2.0/networks.json?shared=True HTTP/1.1" 200 856 0.056058
2016-09-02 00:46:46.117 11408 INFO neutron.wsgi [req-5c677c8b-9a2f-4b3d-8473-d7a606b013cc a01a11068ae742de856b960cad5860f2 4609a26e18504a5e828b2f02a95f3014 - - -] 10.1.13.251 - - [02/Sep/2016 00:46:46] "GET /v2.0/subnets.json HTTP/1.1" 200 1876 0.054353
2016-09-02 00:46:46.195 11414 INFO neutron.wsgi [req-22fdf9f9-5cde-48a7-bdfb-fa6ea7ab7112 a01a11068ae742de856b960cad5860f2 4609a26e18504a5e828b2f02a95f3014 - - -] 10.1.13.251 - - [02/Sep/2016 00:46:46] "GET /v2.0/networks.json?router%3Aexternal=True HTTP/1.1" 200 1471 0.072812
2016-09-02 00:46:46.251 11414 INFO neutron.wsgi [req-20384fc8-d0f1-4188-89cd-c80d83dc1c36 a01a11068ae742de856b960cad5860f2 4609a26e18504a5e828b2f02a95f3014 - - -] 10.1.13.251 - - [02/Sep/2016 00:46:46] "GET /v2.0/subnets.json HTTP/1.1" 200 1876 0.053292
2016-09-02 00:46:46.292 11425 INFO neutron.wsgi [req-6db40825-2e1f-483b-8825-3c45a760c0c0 a01a11068ae742de856b960cad5860f2 4609a26e18504a5e828b2f02a95f3014 - - -] 10.1.13.251 - - [02/Sep/2016 00:46:46] "GET /v2.0/ports.json HTTP/1.1" 200 3429 0.036400
2016-09-02 00:46:46.362 11415 INFO neutron.wsgi [req-4a7b59df-7f2b-4a55-b4d6-098247a88311 a01a11068ae742de856b960cad5860f2 4609a26e18504a5e828b2f02a95f3014 - - -] 10.1.13.251 - - [02/Sep/2016 00:46:46] "GET /v2.0/routers.json?tenant_id=4609a26e18504a5e828b2f02a95f3014 HTTP/1.1" 200 750 0.064176
2016-09-02 00:46:56.610 11418 WARNING keystonemiddleware.auth_token [-] Using the in-process token cache is deprecated as of the 4.2.0 release and may be removed in the 5.0.0 release or the 'O' development cycle. The in-process cache causes inconsistent results and high memory usage. When the feature is removed the auth_token middleware will not cache tokens by default which may result in performance issues. It is recommended to use  memcache for the auth_token token cache by setting the memcached_servers option.
2016-09-02 00:46:57.090 11418 INFO neutron.wsgi [req-465d1168-2466-431c-a136-12c8f6ed589a a01a11068ae742de856b960cad5860f2 4609a26e18504a5e828b2f02a95f3014 - - -] 10.1.13.251 - - [02/Sep/2016 00:46:57] "GET /v2.0/networks.json?shared=False&tenant_id=4609a26e18504a5e828b2f02a95f3014 HTTP/1.1" 200 842 0.481633
2016-09-02 00:46:57.152 11425 INFO neutron.wsgi [req-e715cd9c-fef2-4bf7-9df6-db4f2fc1d8c7 a01a11068ae742de856b960cad5860f2 4609a26e18504a5e828b2f02a95f3014 - - -] 10.1.13.251 - - [02/Sep/2016 00:46:57] "GET /v2.0/subnets.json HTTP/1.1" 200 1876 0.057009
2016-09-02 00:46:57.213 11425 INFO neutron.wsgi [req-49bfe9ab-ddb7-4fe3-8461-f0834b37418a a01a11068ae742de856b960cad5860f2 4609a26e18504a5e828b2f02a95f3014 - - -] 10.1.13.251 - - [02/Sep/2016 00:46:57] "GET /v2.0/networks.json?shared=True HTTP/1.1" 200 856 0.056695
2016-09-02 00:46:57.267 11425 INFO neutron.wsgi [req-d1cd0c45-502a-4b92-86ca-d9e34e1e1118 a01a11068ae742de856b960cad5860f2 4609a26e18504a5e828b2f02a95f3014 - - -] 10.1.13.251 - - [02/Sep/2016 00:46:57] "GET /v2.0/subnets.json HTTP/1.1" 200 1876 0.050880
2016-09-02 00:46:57.325 11417 INFO neutron.wsgi [req-54fdbb43-fc25-4d60-b7be-722a32f809ca a01a11068ae742de856b960cad5860f2 4609a26e18504a5e828b2f02a95f3014 - - -] 10.1.13.251 - - [02/Sep/2016 00:46:57] "GET /v2.0/networks.json?router%3Aexternal=True HTTP/1.1" 200 1471 0.054484
2016-09-02 00:46:57.378 11420 INFO neutron.wsgi [req-e89e1760-2679-4f0f-a655-177780f2a05e a01a11068ae742de856b960cad5860f2 4609a26e18504a5e828b2f02a95f3014 - - -] 10.1.13.251 - - [02/Sep/2016 00:46:57] "GET /v2.0/subnets.json HTTP/1.1" 200 1876 0.049972
2016-09-02 00:46:57.412 11420 INFO neutron.wsgi [req-6f494915-b281-4bf3-9073-94acc68b455c a01a11068ae742de856b960cad5860f2 4609a26e18504a5e828b2f02a95f3014 - - -] 10.1.13.251 - - [02/Sep/2016 00:46:57] "GET /v2.0/ports.json HTTP/1.1" 200 3429 0.030150
2016-09-02 00:46:57.460 11420 INFO neutron.wsgi [req-d3660fd8-acca-49ea-9750-44c30074601a a01a11068ae742de856b960cad5860f2 4609a26e18504a5e828b2f02a95f3014 - - -] 10.1.13.251 - - [02/Sep/2016 00:46:57] "GET /v2.0/routers.json?tenant_id=4609a26e18504a5e828b2f02a95f3014 HTTP/1.1" 200 750 0.043894
2016-09-02 00:47:07.757 11412 INFO neutron.wsgi [req-80c8efbf-31b8-4dab-9bc7-70e6fb7b8563 a01a11068ae742de856b960cad5860f2 4609a26e18504a5e828b2f02a95f3014 - - -] 10.1.13.251 - - [02/Sep/2016 00:47:07] "GET /v2.0/networks.json?shared=False&tenant_id=4609a26e18504a5e828b2f02a95f3014 HTTP/1.1" 200 842 0.092912
2016-09-02 00:47:07.822 11412 INFO neutron.wsgi [req-1439e8a6-2ec3-4ee0-ae21-be41e7e650d1 a01a11068ae742de856b960cad5860f2 4609a26e18504a5e828b2f02a95f3014 - - -] 10.1.13.251 - - [02/Sep/2016 00:47:07] "GET /v2.0/subnets.json HTTP/1.1" 200 1876 0.059919
2016-09-02 00:47:07.882 11412 INFO neutron.wsgi [req-b721fa27-cadd-46df-a260-b60ca7d99e21 a01a11068ae742de856b960cad5860f2 4609a26e18504a5e828b2f02a95f3014 - - -] 10.1.13.251 - - [02/Sep/2016 00:47:07] "GET /v2.0/networks.json?shared=True HTTP/1.1" 200 856 0.056459
2016-09-02 00:47:07.936 11412 INFO neutron.wsgi [req-07b6ba3a-7dee-473e-b442-fc7e370462d8 a01a11068ae742de856b960cad5860f2 4609a26e18504a5e828b2f02a95f3014 - - -] 10.1.13.251 - - [02/Sep/2016 00:47:07] "GET /v2.0/subnets.json HTTP/1.1" 200 1876 0.050672
2016-09-02 00:47:07.995 11408 INFO neutron.wsgi [req-17294c00-37b6-43ec-9158-cedfc8bf5f39 a01a11068ae742de856b960cad5860f2 4609a26e18504a5e828b2f02a95f3014 - - -] 10.1.13.251 - - [02/Sep/2016 00:47:07] "GET /v2.0/networks.json?router%3Aexternal=True HTTP/1.1" 200 1471 0.055723
2016-09-02 00:47:08.053 11405 INFO neutron.wsgi [req-a7d02423-e0b9-4100-bf60-760f418d2d6c a01a11068ae742de856b960cad5860f2 4609a26e18504a5e828b2f02a95f3014 - - -] 10.1.13.251 - - [02/Sep/2016 00:47:08] "GET /v2.0/subnets.json HTTP/1.1" 200 1876 0.053569
2016-09-02 00:47:08.091 11412 INFO neutron.wsgi [req-e45d1814-b5c7-4447-ab54-d361947b034e a01a11068ae742de856b960cad5860f2 4609a26e18504a5e828b2f02a95f3014 - - -] 10.1.13.251 - - [02/Sep/2016 00:47:08] "GET /v2.0/ports.json HTTP/1.1" 200 3429 0.034763
2016-09-02 00:47:08.147 11412 INFO neutron.wsgi [req-7fe25693-c71b-413b-9eee-cc55de3c8036 a01a11068ae742de856b960cad5860f2 4609a26e18504a5e828b2f02a95f3014 - - -] 10.1.13.251 - - [02/Sep/2016 00:47:08] "GET /v2.0/routers.json?tenant_id=4609a26e18504a5e828b2f02a95f3014 HTTP/1.1" 200 750 0.050901
2016-09-02 00:47:18.479 11412 INFO neutron.wsgi [req-310da02e-a5d8-4fb0-84ab-764ed9959905 a01a11068ae742de856b960cad5860f2 4609a26e18504a5e828b2f02a95f3014 - - -] 10.1.13.251 - - [02/Sep/2016 00:47:18] "GET /v2.0/networks.json?shared=False&tenant_id=4609a26e18504a5e828b2f02a95f3014 HTTP/1.1" 200 842 0.059502
2016-09-02 00:47:18.536 11412 INFO neutron.wsgi [req-875e08af-0ded-44fb-ab05-1aaf5949f384 a01a11068ae742de856b960cad5860f2 4609a26e18504a5e828b2f02a95f3014 - - -] 10.1.13.251 - - [02/Sep/2016 00:47:18] "GET /v2.0/subnets.json HTTP/1.1" 200 1876 0.052846
2016-09-02 00:47:18.594 11412 INFO neutron.wsgi [req-4199b44b-a350-4032-8ceb-91ff1e1da4d1 a01a11068ae742de856b960cad5860f2 4609a26e18504a5e828b2f02a95f3014 - - -] 10.1.13.251 - - [02/Sep/2016 00:47:18] "GET /v2.0/networks.json?shared=True HTTP/1.1" 200 856 0.054712
2016-09-02 00:47:18.647 11412 INFO neutron.wsgi [req-4de5a0a2-42e4-426b-87bc-eb735f5bd8ec a01a11068ae742de856b960cad5860f2 4609a26e18504a5e828b2f02a95f3014 - - -] 10.1.13.251 - - [02/Sep/2016 00:47:18] "GET /v2.0/subnets.json HTTP/1.1" 200 1876 0.050132
2016-09-02 00:47:18.705 11412 INFO neutron.wsgi [req-42493537-077a-479a-8a9f-affa7830e5eb a01a11068ae742de856b960cad5860f2 4609a26e18504a5e828b2f02a95f3014 - - -] 10.1.13.251 - - [02/Sep/2016 00:47:18] "GET /v2.0/networks.json?router%3Aexternal=True HTTP/1.1" 200 1471 0.054631
2016-09-02 00:47:18.947 11412 INFO neutron.wsgi [req-87fc00b8-f110-4a86-bffd-3ecad2e64510 a01a11068ae742de856b960cad5860f2 4609a26e18504a5e828b2f02a95f3014 - - -] 10.1.13.251 - - [02/Sep/2016 00:47:18] "GET /v2.0/subnets.json HTTP/1.1" 200 1876 0.239173
2016-09-02 00:47:19.013 11424 INFO neutron.wsgi [req-e9f39520-2007-4399-b4c2-9ec45834b868 a01a11068ae742de856b960cad5860f2 4609a26e18504a5e828b2f02a95f3014 - - -] 10.1.13.251 - - [02/Sep/2016 00:47:19] "GET /v2.0/ports.json HTTP/1.1" 200 3429 0.060440
2016-09-02 00:47:19.076 11408 INFO neutron.wsgi [req-00019059-1008-47aa-9b9a-3c42d0e05e50 a01a11068ae742de856b960cad5860f2 4609a26e18504a5e828b2f02a95f3014 - - -] 10.1.13.251 - - [02/Sep/2016 00:47:19] "GET /v2.0/routers.json?tenant_id=4609a26e18504a5e828b2f02a95f3014 HTTP/1.1" 200 750 0.057640
2016-09-02 00:47:29.302 11403 INFO neutron.wsgi [req-fd33e2af-3229-4500-a23a-35db9899ff17 a01a11068ae742de856b960cad5860f2 4609a26e18504a5e828b2f02a95f3014 - - -] 10.1.13.251 - - [02/Sep/2016 00:47:29] "GET /v2.0/networks.json?shared=False&tenant_id=4609a26e18504a5e828b2f02a95f3014 HTTP/1.1" 200 842 0.059032
2016-09-02 00:47:29.357 11403 INFO neutron.wsgi [req-a253508a-c1d3-48a3-806b-cd0f790290e9 a01a11068ae742de856b960cad5860f2 4609a26e18504a5e828b2f02a95f3014 - - -] 10.1.13.251 - - [02/Sep/2016 00:47:29] "GET /v2.0/subnets.json HTTP/1.1" 200 1876 0.051242
2016-09-02 00:47:29.421 11414 INFO neutron.wsgi [req-84e6f9bf-c7ef-4914-b186-1aff936e565a a01a11068ae742de856b960cad5860f2 4609a26e18504a5e828b2f02a95f3014 - - -] 10.1.13.251 - - [02/Sep/2016 00:47:29] "GET /v2.0/networks.json?shared=True HTTP/1.1" 200 856 0.060002
2016-09-02 00:47:29.475 11414 INFO neutron.wsgi [req-8afadfcd-cc06-47e1-beef-f4f66cdeb151 a01a11068ae742de856b960cad5860f2 4609a26e18504a5e828b2f02a95f3014 - - -] 10.1.13.251 - - [02/Sep/2016 00:47:29] "GET /v2.0/subnets.json HTTP/1.1" 200 1876 0.051399
2016-09-02 00:47:29.534 11411 INFO neutron.wsgi [req-5cfb1920-8f35-44b4-92b4-f18343cbe460 a01a11068ae742de856b960cad5860f2 4609a26e18504a5e828b2f02a95f3014 - - -] 10.1.13.251 - - [02/Sep/2016 00:47:29] "GET /v2.0/networks.json?router%3Aexternal=True HTTP/1.1" 200 1471 0.055409
2016-09-02 00:47:29.586 11411 INFO neutron.wsgi [req-fd7678fe-eafd-4890-a3e1-48b1900d46e4 a01a11068ae742de856b960cad5860f2 4609a26e18504a5e828b2f02a95f3014 - - -] 10.1.13.251 - - [02/Sep/2016 00:47:29] "GET /v2.0/subnets.json HTTP/1.1" 200 1876 0.048896
2016-09-02 00:47:29.624 11411 INFO neutron.wsgi [req-94b38b02-1681-4c8d-8ed8-ce2688fb1752 a01a11068ae742de856b960cad5860f2 4609a26e18504a5e828b2f02a95f3014 - - -] 10.1.13.251 - - [02/Sep/2016 00:47:29] "GET /v2.0/ports.json HTTP/1.1" 200 3429 0.034175
2016-09-02 00:47:29.675 11411 INFO neutron.wsgi [req-26507308-2bd6-4105-925a-d775de4a0576 a01a11068ae742de856b960cad5860f2 4609a26e18504a5e828b2f02a95f3014 - - -] 10.1.13.251 - - [02/Sep/2016 00:47:29] "GET /v2.0/routers.json?tenant_id=4609a26e18504a5e828b2f02a95f3014 HTTP/1.1" 200 750 0.046353
2016-09-02 00:47:39.951 11418 INFO neutron.wsgi [req-f20057f3-56d5-4258-8cb7-bfa9a23692a5 a01a11068ae742de856b960cad5860f2 4609a26e18504a5e828b2f02a95f3014 - - -] 10.1.13.251 - - [02/Sep/2016 00:47:39] "GET /v2.0/networks.json?shared=False&tenant_id=4609a26e18504a5e828b2f02a95f3014 HTTP/1.1" 200 842 0.055915
2016-09-02 00:47:40.146 11418 INFO neutron.wsgi [req-d3f02eb2-6544-41bc-a3a9-867a593fb3aa a01a11068ae742de856b960cad5860f2 4609a26e18504a5e828b2f02a95f3014 - - -] 10.1.13.251 - - [02/Sep/2016 00:47:40] "GET /v2.0/subnets.json HTTP/1.1" 200 1876 0.191749
2016-09-02 00:47:40.206 11418 INFO neutron.wsgi [req-99b80f57-c58b-4af3-ba75-92e53622649a a01a11068ae742de856b960cad5860f2 4609a26e18504a5e828b2f02a95f3014 - - -] 10.1.13.251 - - [02/Sep/2016 00:47:40] "GET /v2.0/networks.json?shared=True HTTP/1.1" 200 856 0.055919
2016-09-02 00:47:40.261 11418 INFO neutron.wsgi [req-0a662f7b-54ac-4e2e-888d-33784ce3f722 a01a11068ae742de856b960cad5860f2 4609a26e18504a5e828b2f02a95f3014 - - -] 10.1.13.251 - - [02/Sep/2016 00:47:40] "GET /v2.0/subnets.json HTTP/1.1" 200 1876 0.051970
2016-09-02 00:47:40.319 11418 INFO neutron.wsgi [req-e64f08e2-371e-4b19-946b-84d86f84cab9 a01a11068ae742de856b960cad5860f2 4609a26e18504a5e828b2f02a95f3014 - - -] 10.1.13.251 - - [02/Sep/2016 00:47:40] "GET /v2.0/networks.json?router%3Aexternal=True HTTP/1.1" 200 1471 0.054102
2016-09-02 00:47:40.374 11418 INFO neutron.wsgi [req-99700ae9-3c7d-46d1-8245-23a542b7f147 a01a11068ae742de856b960cad5860f2 4609a26e18504a5e828b2f02a95f3014 - - -] 10.1.13.251 - - [02/Sep/2016 00:47:40] "GET /v2.0/subnets.json HTTP/1.1" 200 1876 0.051495
2016-09-02 00:47:40.415 11417 INFO neutron.wsgi [req-252cebb8-091e-4973-909a-1d2949341719 a01a11068ae742de856b960cad5860f2 4609a26e18504a5e828b2f02a95f3014 - - -] 10.1.13.251 - - [02/Sep/2016 00:47:40] "GET /v2.0/ports.json HTTP/1.1" 200 3429 0.036989
2016-09-02 00:47:40.467 11417 INFO neutron.wsgi [req-14a2d8d3-8188-49d2-a3e3-361c03a98e9f a01a11068ae742de856b960cad5860f2 4609a26e18504a5e828b2f02a95f3014 - - -] 10.1.13.251 - - [02/Sep/2016 00:47:40] "GET /v2.0/routers.json?tenant_id=4609a26e18504a5e828b2f02a95f3014 HTTP/1.1" 200 750 0.048353
2016-09-02 00:47:50.708 11421 INFO neutron.wsgi [req-e95906f4-ce75-4e17-bebd-483058f015da a01a11068ae742de856b960cad5860f2 4609a26e18504a5e828b2f02a95f3014 - - -] 10.1.13.251 - - [02/Sep/2016 00:47:50] "GET /v2.0/networks.json?shared=False&tenant_id=4609a26e18504a5e828b2f02a95f3014 HTTP/1.1" 200 842 0.055690
2016-09-02 00:47:50.762 11421 INFO neutron.wsgi [req-eba160c2-5500-4b8e-94d8-e1c62daddb18 a01a11068ae742de856b960cad5860f2 4609a26e18504a5e828b2f02a95f3014 - - -] 10.1.13.251 - - [02/Sep/2016 00:47:50] "GET /v2.0/subnets.json HTTP/1.1" 200 1876 0.050310
2016-09-02 00:47:50.820 11421 INFO neutron.wsgi [req-af73c0e0-c08f-4e0c-82aa-beff6ddbb19d a01a11068ae742de856b960cad5860f2 4609a26e18504a5e828b2f02a95f3014 - - -] 10.1.13.251 - - [02/Sep/2016 00:47:50] "GET /v2.0/networks.json?shared=True HTTP/1.1" 200 856 0.055448
2016-09-02 00:47:50.875 11421 INFO neutron.wsgi [req-44d3a2b1-a2b3-42ba-aae5-a3da7f3161ba a01a11068ae742de856b960cad5860f2 4609a26e18504a5e828b2f02a95f3014 - - -] 10.1.13.251 - - [02/Sep/2016 00:47:50] "GET /v2.0/subnets.json HTTP/1.1" 200 1876 0.051188
2016-09-02 00:47:50.962 11411 INFO neutron.wsgi [req-ed0b51f6-223c-494a-84ba-ed9bcc827e55 a01a11068ae742de856b960cad5860f2 4609a26e18504a5e828b2f02a95f3014 - - -] 10.1.13.251 - - [02/Sep/2016 00:47:50] "GET /v2.0/networks.json?router%3Aexternal=True HTTP/1.1" 200 1471 0.083316
2016-09-02 00:47:51.022 11414 INFO neutron.wsgi [req-e8ef051a-7682-44eb-8f5a-69f9e3af63c2 a01a11068ae742de856b960cad5860f2 4609a26e18504a5e828b2f02a95f3014 - - -] 10.1.13.251 - - [02/Sep/2016 00:47:51] "GET /v2.0/subnets.json HTTP/1.1" 200 1876 0.055251
2016-09-02 00:47:51.061 11416 INFO neutron.wsgi [req-5a0676fd-f40b-47b2-b502-fee641618ea5 a01a11068ae742de856b960cad5860f2 4609a26e18504a5e828b2f02a95f3014 - - -] 10.1.13.251 - - [02/Sep/2016 00:47:51] "GET /v2.0/ports.json HTTP/1.1" 200 3429 0.035845
2016-09-02 00:47:51.113 11416 INFO neutron.wsgi [req-866637b1-70ef-41c4-b7cb-4cf706994045 a01a11068ae742de856b960cad5860f2 4609a26e18504a5e828b2f02a95f3014 - - -] 10.1.13.251 - - [02/Sep/2016 00:47:51] "GET /v2.0/routers.json?tenant_id=4609a26e18504a5e828b2f02a95f3014 HTTP/1.1" 200 750 0.047700
2016-09-02 00:48:01.378 11415 INFO neutron.wsgi [req-550e6279-d812-4bd6-9e17-1f62cfed2bb7 a01a11068ae742de856b960cad5860f2 4609a26e18504a5e828b2f02a95f3014 - - -] 10.1.13.251 - - [02/Sep/2016 00:48:01] "GET /v2.0/networks.json?shared=False&tenant_id=4609a26e18504a5e828b2f02a95f3014 HTTP/1.1" 200 842 0.068319
2016-09-02 00:48:01.432 11415 INFO neutron.wsgi [req-7e770b5d-5c08-4463-83a6-d05e418f7b43 a01a11068ae742de856b960cad5860f2 4609a26e18504a5e828b2f02a95f3014 - - -] 10.1.13.251 - - [02/Sep/2016 00:48:01] "GET /v2.0/subnets.json HTTP/1.1" 200 1876 0.050423
2016-09-02 00:48:01.491 11415 INFO neutron.wsgi [req-f9d7f9c3-14bc-40d8-90ac-4677de327103 a01a11068ae742de856b960cad5860f2 4609a26e18504a5e828b2f02a95f3014 - - -] 10.1.13.251 - - [02/Sep/2016 00:48:01] "GET /v2.0/networks.json?shared=True HTTP/1.1" 200 856 0.055342
2016-09-02 00:48:01.545 11415 INFO neutron.wsgi [req-088fe07d-1eb0-4340-9196-a476a355a9c3 a01a11068ae742de856b960cad5860f2 4609a26e18504a5e828b2f02a95f3014 - - -] 10.1.13.251 - - [02/Sep/2016 00:48:01] "GET /v2.0/subnets.json HTTP/1.1" 200 1876 0.051124
2016-09-02 00:48:01.602 11415 INFO neutron.wsgi [req-586a83cb-4427-4753-80d4-818af07c0d47 a01a11068ae742de856b960cad5860f2 4609a26e18504a5e828b2f02a95f3014 - - -] 10.1.13.251 - - [02/Sep/2016 00:48:01] "GET /v2.0/networks.json?router%3Aexternal=True HTTP/1.1" 200 1471 0.053136
2016-09-02 00:48:01.656 11415 INFO neutron.wsgi [req-1174a843-6296-4ced-a80e-3f7cd9c64345 a01a11068ae742de856b960cad5860f2 4609a26e18504a5e828b2f02a95f3014 - - -] 10.1.13.251 - - [02/Sep/2016 00:48:01] "GET /v2.0/subnets.json HTTP/1.1" 200 1876 0.050536
2016-09-02 00:48:01.692 11415 INFO neutron.wsgi [req-06c77d5f-d89b-44ff-bf9f-82954eeeaa7e a01a11068ae742de856b960cad5860f2 4609a26e18504a5e828b2f02a95f3014 - - -] 10.1.13.251 - - [02/Sep/2016 00:48:01] "GET /v2.0/ports.json HTTP/1.1" 200 3429 0.032842
2016-09-02 00:48:01.743 11415 INFO neutron.wsgi [req-44df1485-bb81-4b32-8ece-09d80de63978 a01a11068ae742de856b960cad5860f2 4609a26e18504a5e828b2f02a95f3014 - - -] 10.1.13.251 - - [02/Sep/2016 00:48:01] "GET /v2.0/routers.json?tenant_id=4609a26e18504a5e828b2f02a95f3014 HTTP/1.1" 200 750 0.046218
2016-09-02 00:48:12.002 11414 INFO neutron.wsgi [req-b59ebca5-8269-4c4e-bda1-44a6c223c372 a01a11068ae742de856b960cad5860f2 4609a26e18504a5e828b2f02a95f3014 - - -] 10.1.13.251 - - [02/Sep/2016 00:48:12] "GET /v2.0/networks.json?shared=False&tenant_id=4609a26e18504a5e828b2f02a95f3014 HTTP/1.1" 200 842 0.057848
2016-09-02 00:48:12.062 11420 INFO neutron.wsgi [req-93937110-e17e-4ded-9ac4-69274e574165 a01a11068ae742de856b960cad5860f2 4609a26e18504a5e828b2f02a95f3014 - - -] 10.1.13.251 - - [02/Sep/2016 00:48:12] "GET /v2.0/subnets.json HTTP/1.1" 200 1876 0.057080
2016-09-02 00:48:12.124 11420 INFO neutron.wsgi [req-a26b9643-3527-4271-9168-f49785bc5a72 a01a11068ae742de856b960cad5860f2 4609a26e18504a5e828b2f02a95f3014 - - -] 10.1.13.251 - - [02/Sep/2016 00:48:12] "GET /v2.0/networks.json?shared=True HTTP/1.1" 200 856 0.058894
2016-09-02 00:48:12.178 11420 INFO neutron.wsgi [req-76c5f1de-32e6-402f-a591-66a2f3b308a6 a01a11068ae742de856b960cad5860f2 4609a26e18504a5e828b2f02a95f3014 - - -] 10.1.13.251 - - [02/Sep/2016 00:48:12] "GET /v2.0/subnets.json HTTP/1.1" 200 1876 0.051288
2016-09-02 00:48:12.281 11407 INFO neutron.wsgi [req-98eee85e-9122-47fb-b15c-12adf6fea383 a01a11068ae742de856b960cad5860f2 4609a26e18504a5e828b2f02a95f3014 - - -] 10.1.13.251 - - [02/Sep/2016 00:48:12] "GET /v2.0/networks.json?router%3Aexternal=True HTTP/1.1" 200 1471 0.094830
2016-09-02 00:48:12.336 11420 INFO neutron.wsgi [req-26085a41-147e-4c64-a8ce-54dc00132802 a01a11068ae742de856b960cad5860f2 4609a26e18504a5e828b2f02a95f3014 - - -] 10.1.13.251 - - [02/Sep/2016 00:48:12] "GET /v2.0/subnets.json HTTP/1.1" 200 1876 0.051572
2016-09-02 00:48:12.372 11420 INFO neutron.wsgi [req-8772a80c-56b3-4ab1-bee5-73bd35e1358a a01a11068ae742de856b960cad5860f2 4609a26e18504a5e828b2f02a95f3014 - - -] 10.1.13.251 - - [02/Sep/2016 00:48:12] "GET /v2.0/ports.json HTTP/1.1" 200 3429 0.031421
2016-09-02 00:48:12.440 11420 INFO neutron.wsgi [req-22995db4-b893-4a70-aeae-e89b46dd0afd a01a11068ae742de856b960cad5860f2 4609a26e18504a5e828b2f02a95f3014 - - -] 10.1.13.251 - - [02/Sep/2016 00:48:12] "GET /v2.0/routers.json?tenant_id=4609a26e18504a5e828b2f02a95f3014 HTTP/1.1" 200 750 0.063628
2016-09-02 00:48:22.896 11414 INFO neutron.wsgi [req-d52c5555-d477-4823-97a4-92c2137050ca a01a11068ae742de856b960cad5860f2 4609a26e18504a5e828b2f02a95f3014 - - -] 10.1.13.251 - - [02/Sep/2016 00:48:22] "GET /v2.0/networks.json?shared=False&tenant_id=4609a26e18504a5e828b2f02a95f3014 HTTP/1.1" 200 842 0.187767
2016-09-02 00:48:22.950 11414 INFO neutron.wsgi [req-3eb98b16-0a0e-45b6-b734-dcebd586384b a01a11068ae742de856b960cad5860f2 4609a26e18504a5e828b2f02a95f3014 - - -] 10.1.13.251 - - [02/Sep/2016 00:48:22] "GET /v2.0/subnets.json HTTP/1.1" 200 1876 0.050104
