2016-09-01 23:44:27.459 32318 WARNING oslo.messaging._drivers.impl_rabbit [req-c24f047d-3d46-40ec-96c3-89854d6b0758 - - - - -] Process forked after connection established! This can result in unpredictable behavior. See: http://docs.openstack.org/developer/oslo.messaging/transport.html
2016-09-01 23:44:27.460 32318 ERROR oslo.messaging._drivers.impl_rabbit [req-c24f047d-3d46-40ec-96c3-89854d6b0758 - - - - -] AMQP server on 10.1.13.251:5671 is unreachable: [Errno 32] Broken pipe. Trying again in 1 seconds.
2016-09-01 23:44:28.500 32318 INFO oslo.messaging._drivers.impl_rabbit [req-c24f047d-3d46-40ec-96c3-89854d6b0758 - - - - -] Reconnected to AMQP server on 10.1.13.251:5671 via [amqp] client
2016-09-01 23:44:33.270 32321 WARNING oslo.messaging._drivers.impl_rabbit [req-9d0c68a5-471d-421d-9971-56a30d8087ec - - - - -] Process forked after connection established! This can result in unpredictable behavior. See: http://docs.openstack.org/developer/oslo.messaging/transport.html
2016-09-01 23:44:33.271 32321 ERROR oslo.messaging._drivers.impl_rabbit [req-9d0c68a5-471d-421d-9971-56a30d8087ec - - - - -] AMQP server on 10.1.13.251:5671 is unreachable: [Errno 32] Broken pipe. Trying again in 1 seconds.
2016-09-01 23:44:34.310 32321 INFO oslo.messaging._drivers.impl_rabbit [req-9d0c68a5-471d-421d-9971-56a30d8087ec - - - - -] Reconnected to AMQP server on 10.1.13.251:5671 via [amqp] client
2016-09-01 23:44:36.392 32311 WARNING oslo.messaging._drivers.impl_rabbit [req-8795d4d6-44dc-4934-8eca-8c598877f4d7 - - - - -] Process forked after connection established! This can result in unpredictable behavior. See: http://docs.openstack.org/developer/oslo.messaging/transport.html
2016-09-01 23:44:36.394 32311 ERROR oslo.messaging._drivers.impl_rabbit [req-8795d4d6-44dc-4934-8eca-8c598877f4d7 - - - - -] AMQP server on 10.1.13.251:5671 is unreachable: [Errno 32] Broken pipe. Trying again in 1 seconds.
2016-09-01 23:44:37.433 32311 INFO oslo.messaging._drivers.impl_rabbit [req-8795d4d6-44dc-4934-8eca-8c598877f4d7 - - - - -] Reconnected to AMQP server on 10.1.13.251:5671 via [amqp] client
2016-09-01 23:44:42.269 32308 WARNING oslo.messaging._drivers.impl_rabbit [req-c377663c-6b2b-46aa-b339-30d181ffaa13 - - - - -] Process forked after connection established! This can result in unpredictable behavior. See: http://docs.openstack.org/developer/oslo.messaging/transport.html
2016-09-01 23:44:42.270 32308 ERROR oslo.messaging._drivers.impl_rabbit [req-c377663c-6b2b-46aa-b339-30d181ffaa13 - - - - -] AMQP server on 10.1.13.251:5671 is unreachable: [Errno 32] Broken pipe. Trying again in 1 seconds.
2016-09-01 23:44:43.309 32308 INFO oslo.messaging._drivers.impl_rabbit [req-c377663c-6b2b-46aa-b339-30d181ffaa13 - - - - -] Reconnected to AMQP server on 10.1.13.251:5671 via [amqp] client
2016-09-01 23:44:47.309 32319 WARNING oslo.messaging._drivers.impl_rabbit [req-4a7917a4-ae7b-4266-9bc0-e71d00134a8f - - - - -] Process forked after connection established! This can result in unpredictable behavior. See: http://docs.openstack.org/developer/oslo.messaging/transport.html
2016-09-01 23:44:47.310 32319 ERROR oslo.messaging._drivers.impl_rabbit [req-4a7917a4-ae7b-4266-9bc0-e71d00134a8f - - - - -] AMQP server on 10.1.13.251:5671 is unreachable: [Errno 32] Broken pipe. Trying again in 1 seconds.
2016-09-01 23:44:48.349 32319 INFO oslo.messaging._drivers.impl_rabbit [req-4a7917a4-ae7b-4266-9bc0-e71d00134a8f - - - - -] Reconnected to AMQP server on 10.1.13.251:5671 via [amqp] client
2016-09-01 23:45:36.327 32315 WARNING oslo.messaging._drivers.impl_rabbit [req-8795d4d6-44dc-4934-8eca-8c598877f4d7 - - - - -] Process forked after connection established! This can result in unpredictable behavior. See: http://docs.openstack.org/developer/oslo.messaging/transport.html
2016-09-01 23:45:36.328 32315 ERROR oslo.messaging._drivers.impl_rabbit [req-8795d4d6-44dc-4934-8eca-8c598877f4d7 - - - - -] AMQP server on 10.1.13.251:5671 is unreachable: [Errno 32] Broken pipe. Trying again in 1 seconds.
2016-09-01 23:45:37.367 32315 INFO oslo.messaging._drivers.impl_rabbit [req-8795d4d6-44dc-4934-8eca-8c598877f4d7 - - - - -] Reconnected to AMQP server on 10.1.13.251:5671 via [amqp] client
2016-09-01 23:45:57.374 32290 WARNING keystonemiddleware.auth_token [-] Using the in-process token cache is deprecated as of the 4.2.0 release and may be removed in the 5.0.0 release or the 'O' development cycle. The in-process cache causes inconsistent results and high memory usage. When the feature is removed the auth_token middleware will not cache tokens by default which may result in performance issues. It is recommended to use  memcache for the auth_token token cache by setting the memcached_servers option.
2016-09-01 23:45:57.902 32290 INFO neutron.wsgi [req-da137133-1087-4c03-af48-7ee54204fc71 a01a11068ae742de856b960cad5860f2 4609a26e18504a5e828b2f02a95f3014 - - -] 10.1.13.251 - - [01/Sep/2016 23:45:57] "GET /v2.0/ports.json?device_id=415b6af1-e47a-4ac6-912f-aeddd9d5d1b1 HTTP/1.1" 200 226 0.529795
2016-09-01 23:46:06.324 32317 WARNING oslo.messaging._drivers.impl_rabbit [req-8795d4d6-44dc-4934-8eca-8c598877f4d7 - - - - -] Process forked after connection established! This can result in unpredictable behavior. See: http://docs.openstack.org/developer/oslo.messaging/transport.html
2016-09-01 23:46:06.325 32317 ERROR oslo.messaging._drivers.impl_rabbit [req-8795d4d6-44dc-4934-8eca-8c598877f4d7 - - - - -] AMQP server on 10.1.13.251:5671 is unreachable: [Errno 32] Broken pipe. Trying again in 1 seconds.
2016-09-01 23:46:07.365 32317 INFO oslo.messaging._drivers.impl_rabbit [req-8795d4d6-44dc-4934-8eca-8c598877f4d7 - - - - -] Reconnected to AMQP server on 10.1.13.251:5671 via [amqp] client
2016-09-01 23:46:36.321 32309 WARNING oslo.messaging._drivers.impl_rabbit [req-8795d4d6-44dc-4934-8eca-8c598877f4d7 - - - - -] Process forked after connection established! This can result in unpredictable behavior. See: http://docs.openstack.org/developer/oslo.messaging/transport.html
2016-09-01 23:46:36.322 32309 ERROR oslo.messaging._drivers.impl_rabbit [req-8795d4d6-44dc-4934-8eca-8c598877f4d7 - - - - -] AMQP server on 10.1.13.251:5671 is unreachable: [Errno 32] Broken pipe. Trying again in 1 seconds.
2016-09-01 23:46:37.367 32309 INFO oslo.messaging._drivers.impl_rabbit [req-8795d4d6-44dc-4934-8eca-8c598877f4d7 - - - - -] Reconnected to AMQP server on 10.1.13.251:5671 via [amqp] client
2016-09-01 23:47:06.317 32314 WARNING oslo.messaging._drivers.impl_rabbit [req-8795d4d6-44dc-4934-8eca-8c598877f4d7 - - - - -] Process forked after connection established! This can result in unpredictable behavior. See: http://docs.openstack.org/developer/oslo.messaging/transport.html
2016-09-01 23:47:06.318 32314 ERROR oslo.messaging._drivers.impl_rabbit [req-8795d4d6-44dc-4934-8eca-8c598877f4d7 - - - - -] AMQP server on 10.1.13.251:5671 is unreachable: [Errno 32] Broken pipe. Trying again in 1 seconds.
2016-09-01 23:47:07.357 32314 INFO oslo.messaging._drivers.impl_rabbit [req-8795d4d6-44dc-4934-8eca-8c598877f4d7 - - - - -] Reconnected to AMQP server on 10.1.13.251:5671 via [amqp] client
2016-09-01 23:50:57.339 32279 WARNING keystonemiddleware.auth_token [-] Using the in-process token cache is deprecated as of the 4.2.0 release and may be removed in the 5.0.0 release or the 'O' development cycle. The in-process cache causes inconsistent results and high memory usage. When the feature is removed the auth_token middleware will not cache tokens by default which may result in performance issues. It is recommended to use  memcache for the auth_token token cache by setting the memcached_servers option.
2016-09-01 23:50:57.870 32279 INFO neutron.wsgi [req-f4a67b78-dfc7-4a24-aaa4-20e3e428d351 a01a11068ae742de856b960cad5860f2 4609a26e18504a5e828b2f02a95f3014 - - -] 10.1.13.251 - - [01/Sep/2016 23:50:57] "GET /v2.0/ports.json?device_id=415b6af1-e47a-4ac6-912f-aeddd9d5d1b1 HTTP/1.1" 200 226 0.532686
2016-09-01 23:53:18.425 32294 WARNING keystonemiddleware.auth_token [-] Using the in-process token cache is deprecated as of the 4.2.0 release and may be removed in the 5.0.0 release or the 'O' development cycle. The in-process cache causes inconsistent results and high memory usage. When the feature is removed the auth_token middleware will not cache tokens by default which may result in performance issues. It is recommended to use  memcache for the auth_token token cache by setting the memcached_servers option.
2016-09-01 23:53:18.954 32294 INFO neutron.wsgi [req-474c5517-b86f-42c1-9b65-21368d24084f 93e10f1269af498e9791f2baebe91f72 e5275a07edc54c9c97b5b304fe3b1b9a - - -] 10.1.13.251 - - [01/Sep/2016 23:53:18] "GET /v2.0/ports.json?device_id=415b6af1-e47a-4ac6-912f-aeddd9d5d1b1 HTTP/1.1" 200 226 0.530255
2016-09-01 23:53:19.201 32286 WARNING keystonemiddleware.auth_token [-] Using the in-process token cache is deprecated as of the 4.2.0 release and may be removed in the 5.0.0 release or the 'O' development cycle. The in-process cache causes inconsistent results and high memory usage. When the feature is removed the auth_token middleware will not cache tokens by default which may result in performance issues. It is recommended to use  memcache for the auth_token token cache by setting the memcached_servers option.
2016-09-01 23:53:19.692 32286 INFO neutron.wsgi [req-1b0425be-7f68-4dd9-87e7-5cd1c6a80bd4 93e10f1269af498e9791f2baebe91f72 e5275a07edc54c9c97b5b304fe3b1b9a - - -] 10.1.13.251 - - [01/Sep/2016 23:53:19] "GET /v2.0/lb/vips.json HTTP/1.1" 200 225 0.491763
2016-09-01 23:53:19.945 32286 INFO neutron.wsgi [req-578be8ca-1c6f-4ecb-8440-00831c0c6db5 93e10f1269af498e9791f2baebe91f72 e5275a07edc54c9c97b5b304fe3b1b9a - - -] 10.1.13.251 - - [01/Sep/2016 23:53:19] "GET /v2.0/lbaas/loadbalancers.json HTTP/1.1" 404 266 0.130390
2016-09-01 23:53:19.955 32286 INFO neutron.wsgi [req-94776237-f26c-4ab3-ac4f-345ff9910b04 93e10f1269af498e9791f2baebe91f72 e5275a07edc54c9c97b5b304fe3b1b9a - - -] 10.1.13.251 - - [01/Sep/2016 23:53:19] "GET /v2.0/lbaas/loadbalancers.json HTTP/1.1" 404 266 0.002546
2016-09-01 23:53:20.105 32292 WARNING keystonemiddleware.auth_token [-] Using the in-process token cache is deprecated as of the 4.2.0 release and may be removed in the 5.0.0 release or the 'O' development cycle. The in-process cache causes inconsistent results and high memory usage. When the feature is removed the auth_token middleware will not cache tokens by default which may result in performance issues. It is recommended to use  memcache for the auth_token token cache by setting the memcached_servers option.
2016-09-01 23:53:20.643 32292 INFO neutron.wsgi [req-44cba2fb-00a0-4619-9f9a-254cd404b536 93e10f1269af498e9791f2baebe91f72 e5275a07edc54c9c97b5b304fe3b1b9a - - -] 10.1.13.251 - - [01/Sep/2016 23:53:20] "GET /v2.0/floatingips.json HTTP/1.1" 200 232 0.539281
2016-09-01 23:53:20.763 32276 WARNING keystonemiddleware.auth_token [-] Using the in-process token cache is deprecated as of the 4.2.0 release and may be removed in the 5.0.0 release or the 'O' development cycle. The in-process cache causes inconsistent results and high memory usage. When the feature is removed the auth_token middleware will not cache tokens by default which may result in performance issues. It is recommended to use  memcache for the auth_token token cache by setting the memcached_servers option.
2016-09-01 23:53:21.252 32276 INFO neutron.wsgi [req-9e3d0445-6e30-4b8c-ae32-8113a874a4b3 93e10f1269af498e9791f2baebe91f72 e5275a07edc54c9c97b5b304fe3b1b9a - - -] 10.1.13.251 - - [01/Sep/2016 23:53:21] "GET /v2.0/lbaas/pools.json HTTP/1.1" 404 266 0.492626
2016-09-01 23:53:21.489 32292 INFO neutron.wsgi [req-d4fcf9ee-7dd0-4f64-bba8-75284d9d5323 93e10f1269af498e9791f2baebe91f72 e5275a07edc54c9c97b5b304fe3b1b9a - - -] 10.1.13.251 - - [01/Sep/2016 23:53:21] "GET /v2.0/fw/firewalls.json HTTP/1.1" 200 230 0.115545
2016-09-01 23:53:22.244 32283 WARNING keystonemiddleware.auth_token [-] Using the in-process token cache is deprecated as of the 4.2.0 release and may be removed in the 5.0.0 release or the 'O' development cycle. The in-process cache causes inconsistent results and high memory usage. When the feature is removed the auth_token middleware will not cache tokens by default which may result in performance issues. It is recommended to use  memcache for the auth_token token cache by setting the memcached_servers option.
2016-09-01 23:53:22.743 32283 INFO neutron.wsgi [req-808852f9-4afe-4105-9b81-f0d3c4de98d0 93e10f1269af498e9791f2baebe91f72 e5275a07edc54c9c97b5b304fe3b1b9a - - -] 10.1.13.251 - - [01/Sep/2016 23:53:22] "GET /v2.0/vpn/vpnservices.json HTTP/1.1" 200 232 0.500813
2016-09-01 23:53:22.863 32278 WARNING keystonemiddleware.auth_token [-] Using the in-process token cache is deprecated as of the 4.2.0 release and may be removed in the 5.0.0 release or the 'O' development cycle. The in-process cache causes inconsistent results and high memory usage. When the feature is removed the auth_token middleware will not cache tokens by default which may result in performance issues. It is recommended to use  memcache for the auth_token token cache by setting the memcached_servers option.
2016-09-01 23:53:23.323 32278 INFO neutron.wsgi [req-ec30e701-9093-41bc-9bf2-e61251e6600f 93e10f1269af498e9791f2baebe91f72 e5275a07edc54c9c97b5b304fe3b1b9a - - -] 10.1.13.251 - - [01/Sep/2016 23:53:23] "GET /v2.0/lbaas/pools.json HTTP/1.1" 404 266 0.461716
2016-09-01 23:53:23.445 32280 WARNING keystonemiddleware.auth_token [-] Using the in-process token cache is deprecated as of the 4.2.0 release and may be removed in the 5.0.0 release or the 'O' development cycle. The in-process cache causes inconsistent results and high memory usage. When the feature is removed the auth_token middleware will not cache tokens by default which may result in performance issues. It is recommended to use  memcache for the auth_token token cache by setting the memcached_servers option.
2016-09-01 23:53:24.012 32280 INFO neutron.wsgi [req-ba9af292-14ea-4d16-afcc-256e7e23eb73 93e10f1269af498e9791f2baebe91f72 e5275a07edc54c9c97b5b304fe3b1b9a - - -] 10.1.13.251 - - [01/Sep/2016 23:53:24] "GET /v2.0/vpn/ipsec-site-connections.json HTTP/1.1" 200 243 0.568439
2016-09-01 23:53:24.248 32280 INFO neutron.wsgi [req-5e20bf17-0029-451d-afcd-add4797b5c61 93e10f1269af498e9791f2baebe91f72 e5275a07edc54c9c97b5b304fe3b1b9a - - -] 10.1.13.251 - - [01/Sep/2016 23:53:24] "GET /v2.0/fw/firewall_policies.json HTTP/1.1" 200 238 0.116904
2016-09-01 23:53:24.259 32286 INFO neutron.wsgi [req-b832b26d-d0c4-49d4-884a-8e0977e2638a 93e10f1269af498e9791f2baebe91f72 e5275a07edc54c9c97b5b304fe3b1b9a - - -] 10.1.13.251 - - [01/Sep/2016 23:53:24] "GET /v2.0/lbaas/loadbalancers.json HTTP/1.1" 404 266 0.002869
2016-09-01 23:53:24.274 32286 INFO neutron.wsgi [req-465d9a7d-6a26-4dd2-afde-ce9e9a7fa9b2 93e10f1269af498e9791f2baebe91f72 e5275a07edc54c9c97b5b304fe3b1b9a - - -] 10.1.13.251 - - [01/Sep/2016 23:53:24] "GET /v2.0/lbaas/loadbalancers.json HTTP/1.1" 404 266 0.002479
2016-09-01 23:53:24.290 32286 INFO neutron.wsgi [req-d219f929-7047-41d4-b36b-6f997e680121 93e10f1269af498e9791f2baebe91f72 e5275a07edc54c9c97b5b304fe3b1b9a - - -] 10.1.13.251 - - [01/Sep/2016 23:53:24] "GET /v2.0/lbaas/loadbalancers.json HTTP/1.1" 404 266 0.002584
2016-09-01 23:53:24.539 32292 INFO neutron.wsgi [req-7fe4d46e-c63f-4758-abb8-11aab8b70435 93e10f1269af498e9791f2baebe91f72 e5275a07edc54c9c97b5b304fe3b1b9a - - -] 10.1.13.251 - - [01/Sep/2016 23:53:24] "GET /v2.0/lbaas/listeners.json HTTP/1.1" 404 266 0.132874
2016-09-01 23:53:24.769 32294 INFO neutron.wsgi [req-0db09b97-109c-4aa3-9b07-a0b92e424370 93e10f1269af498e9791f2baebe91f72 e5275a07edc54c9c97b5b304fe3b1b9a - - -] 10.1.13.251 - - [01/Sep/2016 23:53:24] "GET /v2.0/lbaas/healthmonitors.json HTTP/1.1" 404 266 0.110732
2016-09-01 23:55:57.625 32279 INFO neutron.wsgi [req-49381a43-7fb2-4aa5-bd7d-715439469ee5 a01a11068ae742de856b960cad5860f2 4609a26e18504a5e828b2f02a95f3014 - - -] 10.1.13.251 - - [01/Sep/2016 23:55:57] "GET /v2.0/ports.json?device_id=415b6af1-e47a-4ac6-912f-aeddd9d5d1b1 HTTP/1.1" 200 226 0.127007
2016-09-02 00:00:17.543 32294 INFO neutron.wsgi [req-0dab4396-9e6b-4415-a81d-e2f362950e39 a01a11068ae742de856b960cad5860f2 4609a26e18504a5e828b2f02a95f3014 - - -] 10.1.13.251 - - [02/Sep/2016 00:00:17] "GET /v2.0/ports.json?device_id=415b6af1-e47a-4ac6-912f-aeddd9d5d1b1 HTTP/1.1" 200 226 0.058350
2016-09-02 00:00:17.578 32294 INFO neutron.wsgi [req-81ec63e6-7d59-448b-8dfa-cc7e82e67d10 a01a11068ae742de856b960cad5860f2 4609a26e18504a5e828b2f02a95f3014 - - -] 10.1.13.251 - - [02/Sep/2016 00:00:17] "GET /v2.0/ports.json?device_id=415b6af1-e47a-4ac6-912f-aeddd9d5d1b1 HTTP/1.1" 200 226 0.028687
2016-09-02 00:00:17.596 32294 INFO neutron.wsgi [req-bd547c88-71ee-4da0-95e9-e841747b491d a01a11068ae742de856b960cad5860f2 4609a26e18504a5e828b2f02a95f3014 - - -] 10.1.13.251 - - [02/Sep/2016 00:00:17] "GET /v2.0/floatingips.json?tenant_id=4609a26e18504a5e828b2f02a95f3014 HTTP/1.1" 200 232 0.014894
2016-09-02 00:00:17.601 32285 WARNING keystonemiddleware.auth_token [-] Using the in-process token cache is deprecated as of the 4.2.0 release and may be removed in the 5.0.0 release or the 'O' development cycle. The in-process cache causes inconsistent results and high memory usage. When the feature is removed the auth_token middleware will not cache tokens by default which may result in performance issues. It is recommended to use  memcache for the auth_token token cache by setting the memcached_servers option.
2016-09-02 00:00:18.116 32285 INFO neutron.wsgi [req-870314c5-ac0c-47c1-a8cd-700666d9c326 a01a11068ae742de856b960cad5860f2 4609a26e18504a5e828b2f02a95f3014 - - -] 10.1.13.251 - - [02/Sep/2016 00:00:18] "GET /v2.0/ports.json?tenant_id=4609a26e18504a5e828b2f02a95f3014 HTTP/1.1" 200 226 0.515988
2016-09-02 00:00:18.235 32283 INFO neutron.wsgi [req-2b7d4165-1ab9-428e-af65-8cfedc54be24 a01a11068ae742de856b960cad5860f2 4609a26e18504a5e828b2f02a95f3014 - - -] 10.1.13.251 - - [02/Sep/2016 00:00:18] "GET /v2.0/networks.json HTTP/1.1" 200 2065 0.114202
2016-09-02 00:00:18.289 32283 INFO neutron.wsgi [req-08d50394-d389-4c43-a014-256f006dfe69 a01a11068ae742de856b960cad5860f2 4609a26e18504a5e828b2f02a95f3014 - - -] 10.1.13.251 - - [02/Sep/2016 00:00:18] "GET /v2.0/subnets.json HTTP/1.1" 200 1861 0.051404
2016-09-02 00:00:20.257 32283 INFO neutron.wsgi [req-237dc66f-2adb-41e3-8efd-48ec5f365e45 a01a11068ae742de856b960cad5860f2 4609a26e18504a5e828b2f02a95f3014 - - -] 10.1.13.251 - - [02/Sep/2016 00:00:20] "GET /v2.0/extensions.json HTTP/1.1" 200 7211 0.003913
2016-09-02 00:00:31.240 32279 INFO neutron.wsgi [req-72376961-a35e-4fb3-bdd9-c5cc9f19fe71 a01a11068ae742de856b960cad5860f2 4609a26e18504a5e828b2f02a95f3014 - - -] 10.1.13.251 - - [02/Sep/2016 00:00:31] "GET /v2.0/ports.json?device_id=415b6af1-e47a-4ac6-912f-aeddd9d5d1b1 HTTP/1.1" 200 226 0.063590
2016-09-02 00:00:31.249 32287 WARNING keystonemiddleware.auth_token [-] Using the in-process token cache is deprecated as of the 4.2.0 release and may be removed in the 5.0.0 release or the 'O' development cycle. The in-process cache causes inconsistent results and high memory usage. When the feature is removed the auth_token middleware will not cache tokens by default which may result in performance issues. It is recommended to use  memcache for the auth_token token cache by setting the memcached_servers option.
2016-09-02 00:00:31.703 32287 INFO neutron.wsgi [req-a0e869cf-f07c-4dbd-90f1-62da42fb08a8 a01a11068ae742de856b960cad5860f2 4609a26e18504a5e828b2f02a95f3014 - - -] 10.1.13.251 - - [02/Sep/2016 00:00:31] "GET /v2.0/ports.json?device_id=415b6af1-e47a-4ac6-912f-aeddd9d5d1b1 HTTP/1.1" 200 226 0.455073
2016-09-02 00:00:31.721 32287 INFO neutron.wsgi [req-989c22e6-48d3-4a5c-8eaf-b6fa71f57374 a01a11068ae742de856b960cad5860f2 4609a26e18504a5e828b2f02a95f3014 - - -] 10.1.13.251 - - [02/Sep/2016 00:00:31] "GET /v2.0/floatingips.json?tenant_id=4609a26e18504a5e828b2f02a95f3014 HTTP/1.1" 200 232 0.014613
2016-09-02 00:00:31.752 32287 INFO neutron.wsgi [req-6ab15584-5523-4da5-9f74-e29baa6af2a3 a01a11068ae742de856b960cad5860f2 4609a26e18504a5e828b2f02a95f3014 - - -] 10.1.13.251 - - [02/Sep/2016 00:00:31] "GET /v2.0/ports.json?tenant_id=4609a26e18504a5e828b2f02a95f3014 HTTP/1.1" 200 226 0.028175
2016-09-02 00:00:31.817 32287 INFO neutron.wsgi [req-86bee62b-9acf-4330-878b-25904bf9cfb9 a01a11068ae742de856b960cad5860f2 4609a26e18504a5e828b2f02a95f3014 - - -] 10.1.13.251 - - [02/Sep/2016 00:00:31] "GET /v2.0/networks.json HTTP/1.1" 200 2065 0.062243
2016-09-02 00:00:32.087 32287 INFO neutron.wsgi [req-2b6b4ede-ef1c-4f76-83f8-0432a79979ac a01a11068ae742de856b960cad5860f2 4609a26e18504a5e828b2f02a95f3014 - - -] 10.1.13.251 - - [02/Sep/2016 00:00:32] "GET /v2.0/subnets.json HTTP/1.1" 200 1861 0.267048
2016-09-02 00:00:35.888 32292 INFO neutron.wsgi [req-0f8b4545-e975-4d0f-b0b3-4b8fdfed49ee a01a11068ae742de856b960cad5860f2 4609a26e18504a5e828b2f02a95f3014 - - -] 10.1.13.251 - - [02/Sep/2016 00:00:35] "GET /v2.0/extensions.json HTTP/1.1" 200 7211 0.038264
2016-09-02 00:00:43.611 32293 WARNING keystonemiddleware.auth_token [-] Using the in-process token cache is deprecated as of the 4.2.0 release and may be removed in the 5.0.0 release or the 'O' development cycle. The in-process cache causes inconsistent results and high memory usage. When the feature is removed the auth_token middleware will not cache tokens by default which may result in performance issues. It is recommended to use  memcache for the auth_token token cache by setting the memcached_servers option.
2016-09-02 00:00:44.022 32293 INFO neutron.wsgi [req-1f3d2ce6-49e9-4dad-8f18-f8642b68b922 a01a11068ae742de856b960cad5860f2 4609a26e18504a5e828b2f02a95f3014 - - -] 10.1.13.251 - - [02/Sep/2016 00:00:44] "GET /v2.0/extensions.json HTTP/1.1" 200 7211 0.414406
2016-09-02 00:00:44.114 32293 INFO neutron.wsgi [req-be34f896-ce69-4fd9-b722-eb3e1f9edba0 a01a11068ae742de856b960cad5860f2 4609a26e18504a5e828b2f02a95f3014 - - -] 10.1.13.251 - - [02/Sep/2016 00:00:44] "GET /v2.0/security-groups.json?tenant_id=4609a26e18504a5e828b2f02a95f3014 HTTP/1.1" 200 1841 0.087360
2016-09-02 00:00:44.734 32286 INFO neutron.wsgi [req-591a38b3-01f0-424d-9555-c9d6a1385e0d a01a11068ae742de856b960cad5860f2 4609a26e18504a5e828b2f02a95f3014 - - -] 10.1.13.251 - - [02/Sep/2016 00:00:44] "GET /v2.0/networks.json?shared=False&tenant_id=4609a26e18504a5e828b2f02a95f3014 HTTP/1.1" 200 842 0.100626
2016-09-02 00:00:44.792 32286 INFO neutron.wsgi [req-646cd95e-a894-48d7-b2f7-6baa025a794a a01a11068ae742de856b960cad5860f2 4609a26e18504a5e828b2f02a95f3014 - - -] 10.1.13.251 - - [02/Sep/2016 00:00:44] "GET /v2.0/subnets.json HTTP/1.1" 200 1861 0.054638
2016-09-02 00:00:44.799 32284 WARNING keystonemiddleware.auth_token [-] Using the in-process token cache is deprecated as of the 4.2.0 release and may be removed in the 5.0.0 release or the 'O' development cycle. The in-process cache causes inconsistent results and high memory usage. When the feature is removed the auth_token middleware will not cache tokens by default which may result in performance issues. It is recommended to use  memcache for the auth_token token cache by setting the memcached_servers option.
2016-09-02 00:00:45.312 32284 INFO neutron.wsgi [req-601d6cdc-71c6-479a-9971-0e7da553075a a01a11068ae742de856b960cad5860f2 4609a26e18504a5e828b2f02a95f3014 - - -] 10.1.13.251 - - [02/Sep/2016 00:00:45] "GET /v2.0/networks.json?shared=True HTTP/1.1" 200 855 0.515230
2016-09-02 00:00:45.317 32289 WARNING keystonemiddleware.auth_token [-] Using the in-process token cache is deprecated as of the 4.2.0 release and may be removed in the 5.0.0 release or the 'O' development cycle. The in-process cache causes inconsistent results and high memory usage. When the feature is removed the auth_token middleware will not cache tokens by default which may result in performance issues. It is recommended to use  memcache for the auth_token token cache by setting the memcached_servers option.
2016-09-02 00:00:45.794 32289 INFO neutron.wsgi [req-218c9c50-e4c0-4e00-b883-b4fb60649bb8 a01a11068ae742de856b960cad5860f2 4609a26e18504a5e828b2f02a95f3014 - - -] 10.1.13.251 - - [02/Sep/2016 00:00:45] "GET /v2.0/subnets.json HTTP/1.1" 200 1861 0.478780
2016-09-02 00:00:45.906 32288 WARNING keystonemiddleware.auth_token [-] Using the in-process token cache is deprecated as of the 4.2.0 release and may be removed in the 5.0.0 release or the 'O' development cycle. The in-process cache causes inconsistent results and high memory usage. When the feature is removed the auth_token middleware will not cache tokens by default which may result in performance issues. It is recommended to use  memcache for the auth_token token cache by setting the memcached_servers option.
2016-09-02 00:00:45.937 32294 INFO neutron.wsgi [req-136c1a95-40cc-4dc0-85ff-d0eb143fb522 a01a11068ae742de856b960cad5860f2 4609a26e18504a5e828b2f02a95f3014 - - -] 10.1.13.251 - - [02/Sep/2016 00:00:45] "GET /v2.0/ports.json?network_id=2e81e9bf-a6b0-431c-bf15-eeacbb07ea5a HTTP/1.1" 200 1012 0.038376
2016-09-02 00:00:46.389 32288 INFO neutron.wsgi [req-f7166e05-d50f-46dc-a131-0334164bc7ad a01a11068ae742de856b960cad5860f2 4609a26e18504a5e828b2f02a95f3014 - - -] 10.1.13.251 - - [02/Sep/2016 00:00:46] "GET /v2.0/ports.json?network_id=472e77a7-f01d-4fcf-974b-485522822598 HTTP/1.1" 200 974 0.484982
2016-09-02 00:01:20.666 32295 WARNING keystonemiddleware.auth_token [-] Using the in-process token cache is deprecated as of the 4.2.0 release and may be removed in the 5.0.0 release or the 'O' development cycle. The in-process cache causes inconsistent results and high memory usage. When the feature is removed the auth_token middleware will not cache tokens by default which may result in performance issues. It is recommended to use  memcache for the auth_token token cache by setting the memcached_servers option.
2016-09-02 00:01:21.147 32295 INFO neutron.wsgi [req-873a846a-8374-4e02-9ed6-0b0a651da37b a01a11068ae742de856b960cad5860f2 4609a26e18504a5e828b2f02a95f3014 - - -] 10.1.13.251 - - [02/Sep/2016 00:01:21] "GET /v2.0/networks.json?id=2e81e9bf-a6b0-431c-bf15-eeacbb07ea5a HTTP/1.1" 200 842 0.482843
2016-09-02 00:01:21.157 32295 INFO neutron.wsgi [req-fdd5a452-f070-4c0f-bf1c-4cba7f715fdd a01a11068ae742de856b960cad5860f2 4609a26e18504a5e828b2f02a95f3014 - - -] 10.1.13.251 - - [02/Sep/2016 00:01:21] "GET /v2.0/quotas/4609a26e18504a5e828b2f02a95f3014.json HTTP/1.1" 200 610 0.006922
2016-09-02 00:01:21.191 32295 INFO neutron.wsgi [req-b04347cf-35f7-410e-afd3-4bdeb214068e a01a11068ae742de856b960cad5860f2 4609a26e18504a5e828b2f02a95f3014 - - -] 10.1.13.251 - - [02/Sep/2016 00:01:21] "GET /v2.0/ports.json?fields=id&tenant_id=4609a26e18504a5e828b2f02a95f3014 HTTP/1.1" 200 226 0.032330
2016-09-02 00:01:21.536 32295 INFO neutron.wsgi [req-8bd41da4-ad4c-4816-a5fc-a05cbd6c8a7a a01a11068ae742de856b960cad5860f2 4609a26e18504a5e828b2f02a95f3014 - - -] 10.1.13.251 - - [02/Sep/2016 00:01:21] "GET /v2.0/ports.json?device_id=941c6967-c55c-4c3e-8765-7efd85fb5a54 HTTP/1.1" 200 226 0.027462
2016-09-02 00:01:21.833 32289 INFO neutron.wsgi [req-85b41255-17b6-4dc9-b137-deb80493e86c a01a11068ae742de856b960cad5860f2 4609a26e18504a5e828b2f02a95f3014 - - -] 10.1.13.251 - - [02/Sep/2016 00:01:21] "GET /v2.0/ports.json?device_id=941c6967-c55c-4c3e-8765-7efd85fb5a54 HTTP/1.1" 200 226 0.032427
2016-09-02 00:01:21.842 32291 WARNING keystonemiddleware.auth_token [-] Using the in-process token cache is deprecated as of the 4.2.0 release and may be removed in the 5.0.0 release or the 'O' development cycle. The in-process cache causes inconsistent results and high memory usage. When the feature is removed the auth_token middleware will not cache tokens by default which may result in performance issues. It is recommended to use  memcache for the auth_token token cache by setting the memcached_servers option.
2016-09-02 00:01:22.301 32291 INFO neutron.wsgi [req-d87db85f-bb39-4a7c-9658-57628d3e27d3 a01a11068ae742de856b960cad5860f2 4609a26e18504a5e828b2f02a95f3014 - - -] 10.1.13.251 - - [02/Sep/2016 00:01:22] "GET /v2.0/ports.json?device_id=941c6967-c55c-4c3e-8765-7efd85fb5a54 HTTP/1.1" 200 226 0.460686
2016-09-02 00:01:22.315 32296 WARNING keystonemiddleware.auth_token [-] Using the in-process token cache is deprecated as of the 4.2.0 release and may be removed in the 5.0.0 release or the 'O' development cycle. The in-process cache causes inconsistent results and high memory usage. When the feature is removed the auth_token middleware will not cache tokens by default which may result in performance issues. It is recommended to use  memcache for the auth_token token cache by setting the memcached_servers option.
2016-09-02 00:01:22.318 32291 INFO neutron.wsgi [req-d773b574-3749-4097-9049-aabfb7e6558a a01a11068ae742de856b960cad5860f2 4609a26e18504a5e828b2f02a95f3014 - - -] 10.1.13.251 - - [02/Sep/2016 00:01:22] "GET /v2.0/floatingips.json?tenant_id=4609a26e18504a5e828b2f02a95f3014 HTTP/1.1" 200 232 0.014591
2016-09-02 00:01:22.380 32290 INFO neutron.wsgi [req-2657eaca-cffc-4e1d-b9d8-644d0b3d1fc7 a01a11068ae742de856b960cad5860f2 4609a26e18504a5e828b2f02a95f3014 - - -] 10.1.13.251 - - [02/Sep/2016 00:01:22] "GET /v2.0/ports.json?tenant_id=4609a26e18504a5e828b2f02a95f3014 HTTP/1.1" 200 226 0.058199
2016-09-02 00:01:22.450 32290 INFO neutron.wsgi [req-ceeba099-ebeb-4697-8c41-da605876de46 a01a11068ae742de856b960cad5860f2 4609a26e18504a5e828b2f02a95f3014 - - -] 10.1.13.251 - - [02/Sep/2016 00:01:22] "GET /v2.0/networks.json HTTP/1.1" 200 2065 0.067082
2016-09-02 00:01:22.661 32290 INFO neutron.wsgi [req-cff1285a-e819-4244-a8e2-9ce9faa14a83 a01a11068ae742de856b960cad5860f2 4609a26e18504a5e828b2f02a95f3014 - - -] 10.1.13.251 - - [02/Sep/2016 00:01:22] "GET /v2.0/subnets.json HTTP/1.1" 200 1861 0.208432
2016-09-02 00:01:22.689 32296 INFO neutron.wsgi [req-9d812037-497d-420e-af83-c2b3ac4f8e5d a01a11068ae742de856b960cad5860f2 4609a26e18504a5e828b2f02a95f3014 - - -] 10.1.13.13 - - [02/Sep/2016 00:01:22] "GET /v2.0/extensions.json HTTP/1.1" 200 7211 0.375483
2016-09-02 00:01:22.843 32296 INFO neutron.wsgi [req-9ebd8118-10ee-40f4-98e5-18a994295f20 a01a11068ae742de856b960cad5860f2 4609a26e18504a5e828b2f02a95f3014 - - -] 10.1.13.13 - - [02/Sep/2016 00:01:22] "GET /v2.0/networks.json?id=2e81e9bf-a6b0-431c-bf15-eeacbb07ea5a HTTP/1.1" 200 842 0.143997
2016-09-02 00:01:22.912 32296 INFO neutron.wsgi [req-3cf7d95e-7cb7-4f02-b599-698e3e63ae66 a01a11068ae742de856b960cad5860f2 4609a26e18504a5e828b2f02a95f3014 - - -] 10.1.13.13 - - [02/Sep/2016 00:01:22] "GET /v2.0/security-groups.json?tenant_id=4609a26e18504a5e828b2f02a95f3014 HTTP/1.1" 200 1841 0.056028
2016-09-02 00:01:22.982 32297 WARNING keystonemiddleware.auth_token [-] Using the in-process token cache is deprecated as of the 4.2.0 release and may be removed in the 5.0.0 release or the 'O' development cycle. The in-process cache causes inconsistent results and high memory usage. When the feature is removed the auth_token middleware will not cache tokens by default which may result in performance issues. It is recommended to use  memcache for the auth_token token cache by setting the memcached_servers option.
2016-09-02 00:01:23.140 32296 INFO neutron.quota [req-01291ec9-8a14-4339-bd99-8e6c5da71f95 c0bc6bd293694e058aaf419c3a5c1b33 e5275a07edc54c9c97b5b304fe3b1b9a - - -] Loaded quota_driver: <neutron.db.quota.driver.DbQuotaDriver object at 0x6cea850>.
2016-09-02 00:01:23.359 32297 INFO neutron.wsgi [req-faecbb85-9fa8-4779-a65a-b79f8c7e96de a01a11068ae742de856b960cad5860f2 4609a26e18504a5e828b2f02a95f3014 - - -] 10.1.13.251 - - [02/Sep/2016 00:01:23] "GET /v2.0/extensions.json HTTP/1.1" 200 7211 0.378391
2016-09-02 00:01:23.673 32296 WARNING oslo.messaging._drivers.impl_rabbit [req-01291ec9-8a14-4339-bd99-8e6c5da71f95 c0bc6bd293694e058aaf419c3a5c1b33 e5275a07edc54c9c97b5b304fe3b1b9a - - -] Process forked after connection established! This can result in unpredictable behavior. See: http://docs.openstack.org/developer/oslo.messaging/transport.html
2016-09-02 00:01:23.675 32296 ERROR oslo.messaging._drivers.impl_rabbit [req-01291ec9-8a14-4339-bd99-8e6c5da71f95 c0bc6bd293694e058aaf419c3a5c1b33 e5275a07edc54c9c97b5b304fe3b1b9a - - -] AMQP server on 10.1.13.251:5671 is unreachable: [Errno 32] Broken pipe. Trying again in 1 seconds.
2016-09-02 00:01:24.717 32296 INFO oslo.messaging._drivers.impl_rabbit [req-01291ec9-8a14-4339-bd99-8e6c5da71f95 c0bc6bd293694e058aaf419c3a5c1b33 e5275a07edc54c9c97b5b304fe3b1b9a - - -] Reconnected to AMQP server on 10.1.13.251:5671 via [amqp] client
2016-09-02 00:01:24.838 32296 INFO neutron.wsgi [req-01291ec9-8a14-4339-bd99-8e6c5da71f95 c0bc6bd293694e058aaf419c3a5c1b33 e5275a07edc54c9c97b5b304fe3b1b9a - - -] 10.1.13.13 - - [02/Sep/2016 00:01:24] "POST /v2.0/ports.json HTTP/1.1" 201 1069 1.780909
2016-09-02 00:01:24.884 32296 INFO neutron.wsgi [req-2ea6a8c9-c45a-4735-8b7d-efdaff8b666b c0bc6bd293694e058aaf419c3a5c1b33 e5275a07edc54c9c97b5b304fe3b1b9a - - -] 10.1.13.13 - - [02/Sep/2016 00:01:24] "GET /v2.0/ports.json?tenant_id=4609a26e18504a5e828b2f02a95f3014&device_id=941c6967-c55c-4c3e-8765-7efd85fb5a54 HTTP/1.1" 200 1067 0.029104
2016-09-02 00:01:24.901 32296 INFO neutron.wsgi [req-64e033e2-996d-488f-aed3-6c65e815137d c0bc6bd293694e058aaf419c3a5c1b33 e5275a07edc54c9c97b5b304fe3b1b9a - - -] 10.1.13.13 - - [02/Sep/2016 00:01:24] "GET /v2.0/floatingips.json?fixed_ip_address=172.24.4.227&port_id=d411ccce-9c9f-4fed-9552-07b2bb032390 HTTP/1.1" 200 232 0.014465
2016-09-02 00:01:24.960 32296 INFO neutron.wsgi [req-0e640c60-0d04-41a3-b1bf-acbd8cda658a a01a11068ae742de856b960cad5860f2 4609a26e18504a5e828b2f02a95f3014 - - -] 10.1.13.13 - - [02/Sep/2016 00:01:24] "GET /v2.0/subnets.json?id=d97934d0-2a7a-46af-8ec9-6b5bd0511d1d HTTP/1.1" 200 778 0.057392
2016-09-02 00:01:25.005 32296 INFO neutron.wsgi [req-6a014e90-826f-49d8-8cd3-d4f25eb876ee a01a11068ae742de856b960cad5860f2 4609a26e18504a5e828b2f02a95f3014 - - -] 10.1.13.13 - - [02/Sep/2016 00:01:25] "GET /v2.0/ports.json?network_id=2e81e9bf-a6b0-431c-bf15-eeacbb07ea5a&device_owner=network%3Adhcp HTTP/1.1" 200 226 0.042985
2016-09-02 00:01:25.090 32281 WARNING keystonemiddleware.auth_token [-] Using the in-process token cache is deprecated as of the 4.2.0 release and may be removed in the 5.0.0 release or the 'O' development cycle. The in-process cache causes inconsistent results and high memory usage. When the feature is removed the auth_token middleware will not cache tokens by default which may result in performance issues. It is recommended to use  memcache for the auth_token token cache by setting the memcached_servers option.
2016-09-02 00:01:25.542 32281 INFO neutron.wsgi [req-235c5b4f-c6cf-4526-9044-edf4bcce29af a01a11068ae742de856b960cad5860f2 4609a26e18504a5e828b2f02a95f3014 - - -] 10.1.13.251 - - [02/Sep/2016 00:01:25] "GET /v2.0/ports.json?device_id=941c6967-c55c-4c3e-8765-7efd85fb5a54 HTTP/1.1" 200 1067 0.454360
2016-09-02 00:01:25.585 32281 INFO neutron.wsgi [req-a931e2b3-ddb3-4f6c-aa47-598516fa39a1 a01a11068ae742de856b960cad5860f2 4609a26e18504a5e828b2f02a95f3014 - - -] 10.1.13.251 - - [02/Sep/2016 00:01:25] "GET /v2.0/security-groups.json?id=2370e409-5e19-42ba-b636-f07d0d665de6 HTTP/1.1" 200 1841 0.039973
2016-09-02 00:01:25.648 32290 INFO neutron.wsgi [req-de3cd1d5-5842-4428-9e65-a025ee1f87a2 a01a11068ae742de856b960cad5860f2 4609a26e18504a5e828b2f02a95f3014 - - -] 10.1.13.251 - - [02/Sep/2016 00:01:25] "GET /v2.0/ports.json?device_id=941c6967-c55c-4c3e-8765-7efd85fb5a54 HTTP/1.1" 200 1067 0.028988
2016-09-02 00:01:25.665 32290 INFO neutron.wsgi [req-4999c905-6920-4a9a-aa27-8e6141d31f68 a01a11068ae742de856b960cad5860f2 4609a26e18504a5e828b2f02a95f3014 - - -] 10.1.13.251 - - [02/Sep/2016 00:01:25] "GET /v2.0/floatingips.json?tenant_id=4609a26e18504a5e828b2f02a95f3014&port_id=d411ccce-9c9f-4fed-9552-07b2bb032390 HTTP/1.1" 200 232 0.014341
2016-09-02 00:01:25.697 32290 INFO neutron.wsgi [req-af6bcd03-2121-48e4-85a7-c26151d9a507 a01a11068ae742de856b960cad5860f2 4609a26e18504a5e828b2f02a95f3014 - - -] 10.1.13.251 - - [02/Sep/2016 00:01:25] "GET /v2.0/ports.json?tenant_id=4609a26e18504a5e828b2f02a95f3014 HTTP/1.1" 200 1067 0.029439
2016-09-02 00:01:25.754 32290 INFO neutron.wsgi [req-c94df91a-d869-4192-9838-6f8ecf640d2b a01a11068ae742de856b960cad5860f2 4609a26e18504a5e828b2f02a95f3014 - - -] 10.1.13.251 - - [02/Sep/2016 00:01:25] "GET /v2.0/networks.json?id=2e81e9bf-a6b0-431c-bf15-eeacbb07ea5a HTTP/1.1" 200 842 0.053377
2016-09-02 00:01:25.807 32290 INFO neutron.wsgi [req-2a8f75ab-926b-4a8e-a372-8da22ca07343 a01a11068ae742de856b960cad5860f2 4609a26e18504a5e828b2f02a95f3014 - - -] 10.1.13.251 - - [02/Sep/2016 00:01:25] "GET /v2.0/subnets.json HTTP/1.1" 200 1861 0.049642
2016-09-02 00:01:25.850 32289 INFO neutron.wsgi [req-27aba22b-c74e-40a5-be7e-ed74cd57781c a01a11068ae742de856b960cad5860f2 4609a26e18504a5e828b2f02a95f3014 - - -] 10.1.13.251 - - [02/Sep/2016 00:01:25] "GET /v2.0/extensions.json HTTP/1.1" 200 7211 0.003734
2016-09-02 00:01:28.828 32289 INFO neutron.wsgi [req-a15a4e44-ab64-461c-ba9b-0e4b8dea09ee a01a11068ae742de856b960cad5860f2 4609a26e18504a5e828b2f02a95f3014 - - -] 10.1.13.251 - - [02/Sep/2016 00:01:28] "GET /v2.0/ports.json?device_id=941c6967-c55c-4c3e-8765-7efd85fb5a54 HTTP/1.1" 200 1069 0.027835
2016-09-02 00:01:28.994 32289 INFO neutron.wsgi [req-ce16de8d-a6c1-415e-a1f0-c6e061d82659 a01a11068ae742de856b960cad5860f2 4609a26e18504a5e828b2f02a95f3014 - - -] 10.1.13.251 - - [02/Sep/2016 00:01:28] "GET /v2.0/security-groups.json?id=2370e409-5e19-42ba-b636-f07d0d665de6 HTTP/1.1" 200 1841 0.163493
2016-09-02 00:01:29.151 32276 INFO neutron.wsgi [req-f7e67df0-7d3a-4052-81a1-c0b5191c48cf a01a11068ae742de856b960cad5860f2 4609a26e18504a5e828b2f02a95f3014 - - -] 10.1.13.251 - - [02/Sep/2016 00:01:29] "GET /v2.0/ports.json?device_id=941c6967-c55c-4c3e-8765-7efd85fb5a54 HTTP/1.1" 200 1069 0.110729
2016-09-02 00:01:29.169 32276 INFO neutron.wsgi [req-42bfd0f7-b2e4-4846-a2d1-8cdbf4340b71 a01a11068ae742de856b960cad5860f2 4609a26e18504a5e828b2f02a95f3014 - - -] 10.1.13.251 - - [02/Sep/2016 00:01:29] "GET /v2.0/floatingips.json?tenant_id=4609a26e18504a5e828b2f02a95f3014&port_id=d411ccce-9c9f-4fed-9552-07b2bb032390 HTTP/1.1" 200 232 0.015147
2016-09-02 00:01:29.209 32296 INFO neutron.wsgi [req-0a698910-c0f0-4cc4-9fe0-72958107cd97 a01a11068ae742de856b960cad5860f2 4609a26e18504a5e828b2f02a95f3014 - - -] 10.1.13.251 - - [02/Sep/2016 00:01:29] "GET /v2.0/ports.json?tenant_id=4609a26e18504a5e828b2f02a95f3014 HTTP/1.1" 200 1069 0.034862
2016-09-02 00:01:29.264 32296 INFO neutron.wsgi [req-59d963f0-47ad-45ac-9f4f-9aa2879167df a01a11068ae742de856b960cad5860f2 4609a26e18504a5e828b2f02a95f3014 - - -] 10.1.13.251 - - [02/Sep/2016 00:01:29] "GET /v2.0/networks.json?id=2e81e9bf-a6b0-431c-bf15-eeacbb07ea5a HTTP/1.1" 200 842 0.051616
2016-09-02 00:01:29.319 32296 INFO neutron.wsgi [req-5f7e89b9-f487-463d-b5f5-c05d6b3fef89 a01a11068ae742de856b960cad5860f2 4609a26e18504a5e828b2f02a95f3014 - - -] 10.1.13.251 - - [02/Sep/2016 00:01:29] "GET /v2.0/subnets.json HTTP/1.1" 200 1861 0.051734
2016-09-02 00:01:29.581 32291 INFO neutron.wsgi [req-a0713e3e-33ca-4bcc-9d54-c2e9189f13c5 a01a11068ae742de856b960cad5860f2 4609a26e18504a5e828b2f02a95f3014 - - -] 10.1.13.251 - - [02/Sep/2016 00:01:29] "GET /v2.0/extensions.json HTTP/1.1" 200 7211 0.003989
2016-09-02 00:01:31.156 32305 INFO neutron.notifiers.nova [-] Nova event response: {u'status': u'completed', u'tag': u'd411ccce-9c9f-4fed-9552-07b2bb032390', u'name': u'network-vif-plugged', u'server_uuid': u'941c6967-c55c-4c3e-8765-7efd85fb5a54', u'code': 200}
2016-09-02 00:01:35.131 32295 INFO neutron.wsgi [req-89cd7d3f-9ff1-4c25-ba56-150fcd28b9e5 a01a11068ae742de856b960cad5860f2 4609a26e18504a5e828b2f02a95f3014 - - -] 10.1.13.251 - - [02/Sep/2016 00:01:35] "GET /v2.0/ports.json?device_id=941c6967-c55c-4c3e-8765-7efd85fb5a54 HTTP/1.1" 200 1069 0.155323
2016-09-02 00:01:35.171 32295 INFO neutron.wsgi [req-73f249cb-0f40-47d9-9776-beeba6f4af09 a01a11068ae742de856b960cad5860f2 4609a26e18504a5e828b2f02a95f3014 - - -] 10.1.13.251 - - [02/Sep/2016 00:01:35] "GET /v2.0/security-groups.json?id=2370e409-5e19-42ba-b636-f07d0d665de6 HTTP/1.1" 200 1841 0.037402
2016-09-02 00:01:35.231 32295 INFO neutron.wsgi [req-0bf5f50e-9366-451c-b6b5-b2446b21918d a01a11068ae742de856b960cad5860f2 4609a26e18504a5e828b2f02a95f3014 - - -] 10.1.13.251 - - [02/Sep/2016 00:01:35] "GET /v2.0/ports.json?device_id=941c6967-c55c-4c3e-8765-7efd85fb5a54 HTTP/1.1" 200 1069 0.029791
2016-09-02 00:01:35.249 32295 INFO neutron.wsgi [req-88692668-293a-4b26-9812-306812180634 a01a11068ae742de856b960cad5860f2 4609a26e18504a5e828b2f02a95f3014 - - -] 10.1.13.251 - - [02/Sep/2016 00:01:35] "GET /v2.0/floatingips.json?tenant_id=4609a26e18504a5e828b2f02a95f3014&port_id=d411ccce-9c9f-4fed-9552-07b2bb032390 HTTP/1.1" 200 232 0.014443
2016-09-02 00:01:35.279 32295 INFO neutron.wsgi [req-d590941b-8865-4e3a-a970-208d75e2fc01 a01a11068ae742de856b960cad5860f2 4609a26e18504a5e828b2f02a95f3014 - - -] 10.1.13.251 - - [02/Sep/2016 00:01:35] "GET /v2.0/ports.json?tenant_id=4609a26e18504a5e828b2f02a95f3014 HTTP/1.1" 200 1069 0.027606
2016-09-02 00:01:35.335 32295 INFO neutron.wsgi [req-2f6acb76-21fa-424b-8335-13341c130b19 a01a11068ae742de856b960cad5860f2 4609a26e18504a5e828b2f02a95f3014 - - -] 10.1.13.251 - - [02/Sep/2016 00:01:35] "GET /v2.0/networks.json?id=2e81e9bf-a6b0-431c-bf15-eeacbb07ea5a HTTP/1.1" 200 842 0.052001
2016-09-02 00:01:35.390 32295 INFO neutron.wsgi [req-3836b396-629f-497b-b134-8def9caa6be1 a01a11068ae742de856b960cad5860f2 4609a26e18504a5e828b2f02a95f3014 - - -] 10.1.13.251 - - [02/Sep/2016 00:01:35] "GET /v2.0/subnets.json HTTP/1.1" 200 1861 0.051878
2016-09-02 00:01:36.106 32291 INFO neutron.wsgi [req-7a598340-2b8f-4071-92b5-ba4c1e126117 a01a11068ae742de856b960cad5860f2 4609a26e18504a5e828b2f02a95f3014 - - -] 10.1.13.251 - - [02/Sep/2016 00:01:36] "GET /v2.0/extensions.json HTTP/1.1" 200 7211 0.003222
2016-09-02 00:01:47.258 32291 INFO neutron.wsgi [req-3e0b8bf9-0599-4934-adac-3d97ce7373dd a01a11068ae742de856b960cad5860f2 4609a26e18504a5e828b2f02a95f3014 - - -] 10.1.13.251 - - [02/Sep/2016 00:01:47] "GET /v2.0/extensions.json HTTP/1.1" 200 7211 0.003735
2016-09-02 00:01:47.275 32291 INFO neutron.wsgi [req-48a3f936-6473-4f66-826e-0aceb5b3d7bb a01a11068ae742de856b960cad5860f2 4609a26e18504a5e828b2f02a95f3014 - - -] 10.1.13.251 - - [02/Sep/2016 00:01:47] "GET /v2.0/floatingips.json?tenant_id=4609a26e18504a5e828b2f02a95f3014 HTTP/1.1" 200 232 0.013106
2016-09-02 00:01:47.308 32291 INFO neutron.wsgi [req-3d2c16b5-36e6-48a1-83ad-598742be386b a01a11068ae742de856b960cad5860f2 4609a26e18504a5e828b2f02a95f3014 - - -] 10.1.13.251 - - [02/Sep/2016 00:01:47] "GET /v2.0/ports.json?tenant_id=4609a26e18504a5e828b2f02a95f3014 HTTP/1.1" 200 1069 0.030464
2016-09-02 00:01:47.339 32291 INFO neutron.wsgi [req-adc4b753-3f97-475c-85be-2e4ef4fb1fff a01a11068ae742de856b960cad5860f2 4609a26e18504a5e828b2f02a95f3014 - - -] 10.1.13.251 - - [02/Sep/2016 00:01:47] "GET /v2.0/ports.json?tenant_id=4609a26e18504a5e828b2f02a95f3014 HTTP/1.1" 200 1069 0.027619
2016-09-02 00:01:48.751 32282 WARNING keystonemiddleware.auth_token [-] Using the in-process token cache is deprecated as of the 4.2.0 release and may be removed in the 5.0.0 release or the 'O' development cycle. The in-process cache causes inconsistent results and high memory usage. When the feature is removed the auth_token middleware will not cache tokens by default which may result in performance issues. It is recommended to use  memcache for the auth_token token cache by setting the memcached_servers option.
2016-09-02 00:01:49.214 32282 INFO neutron.wsgi [req-579af68d-0357-4cfd-a321-ddbbb4672768 a01a11068ae742de856b960cad5860f2 4609a26e18504a5e828b2f02a95f3014 - - -] 10.1.13.251 - - [02/Sep/2016 00:01:49] "GET /v2.0/ports.json?device_id=941c6967-c55c-4c3e-8765-7efd85fb5a54 HTTP/1.1" 200 1069 0.464962
2016-09-02 00:01:49.257 32282 INFO neutron.wsgi [req-6c4a7348-c771-4d8b-aae5-2014f3459b9b a01a11068ae742de856b960cad5860f2 4609a26e18504a5e828b2f02a95f3014 - - -] 10.1.13.251 - - [02/Sep/2016 00:01:49] "GET /v2.0/security-groups.json?id=2370e409-5e19-42ba-b636-f07d0d665de6 HTTP/1.1" 200 1841 0.040173
2016-09-02 00:01:49.327 32282 INFO neutron.wsgi [req-d3e8a6bc-3684-410a-91a7-601eba8826e0 a01a11068ae742de856b960cad5860f2 4609a26e18504a5e828b2f02a95f3014 - - -] 10.1.13.251 - - [02/Sep/2016 00:01:49] "GET /v2.0/networks.json?router%3Aexternal=True HTTP/1.1" 200 1470 0.062156
2016-09-02 00:01:49.528 32282 INFO neutron.wsgi [req-0e6ede30-4fb4-41a0-950e-c4c25fa94baf a01a11068ae742de856b960cad5860f2 4609a26e18504a5e828b2f02a95f3014 - - -] 10.1.13.251 - - [02/Sep/2016 00:01:49] "GET /v2.0/routers.json HTTP/1.1" 200 1248 0.198241
2016-09-02 00:01:49.720 32294 INFO neutron.wsgi [req-c455dc67-52a3-4719-9090-38da10eea22f a01a11068ae742de856b960cad5860f2 4609a26e18504a5e828b2f02a95f3014 - - -] 10.1.13.251 - - [02/Sep/2016 00:01:49] "GET /v2.0/networks.json?shared=True HTTP/1.1" 200 855 0.187843
2016-09-02 00:01:49.784 32285 INFO neutron.wsgi [req-91e06b3b-ebbf-4098-a15b-52cd15dd4c1f a01a11068ae742de856b960cad5860f2 4609a26e18504a5e828b2f02a95f3014 - - -] 10.1.13.251 - - [02/Sep/2016 00:01:49] "GET /v2.0/subnets.json HTTP/1.1" 200 1861 0.061016
2016-09-02 00:01:49.795 32285 INFO neutron.wsgi [req-c56a9802-7764-4db7-a545-0f55f266457b a01a11068ae742de856b960cad5860f2 4609a26e18504a5e828b2f02a95f3014 - - -] 10.1.13.251 - - [02/Sep/2016 00:01:49] "GET /v2.0/lb/vips.json HTTP/1.1" 200 225 0.007760
2016-09-02 00:01:53.163 32276 INFO neutron.wsgi [req-af5a2ebc-bb0e-443c-a6bf-fb7e52ea9c03 a01a11068ae742de856b960cad5860f2 4609a26e18504a5e828b2f02a95f3014 - - -] 10.1.13.251 - - [02/Sep/2016 00:01:53] "GET /v2.0/extensions.json HTTP/1.1" 200 7211 0.003729
2016-09-02 00:01:53.229 32276 INFO neutron.wsgi [req-5e84484f-f6d9-4f66-99cf-1d158fe1babe a01a11068ae742de856b960cad5860f2 4609a26e18504a5e828b2f02a95f3014 - - -] 10.1.13.251 - - [02/Sep/2016 00:01:53] "GET /v2.0/networks.json?router%3Aexternal=True HTTP/1.1" 200 1470 0.062949
2016-09-02 00:01:53.776 32296 INFO neutron.wsgi [req-ffda5625-cb31-459a-8f93-c5284be0693b a01a11068ae742de856b960cad5860f2 4609a26e18504a5e828b2f02a95f3014 - - -] 10.1.13.251 - - [02/Sep/2016 00:01:53] "GET /v2.0/quotas/4609a26e18504a5e828b2f02a95f3014.json HTTP/1.1" 200 610 0.009033
2016-09-02 00:01:53.920 32288 INFO neutron.wsgi [req-a48b0d37-e99e-4126-9549-9b17b5da70b6 a01a11068ae742de856b960cad5860f2 4609a26e18504a5e828b2f02a95f3014 - - -] 10.1.13.251 - - [02/Sep/2016 00:01:53] "GET /v2.0/ports.json?device_id=941c6967-c55c-4c3e-8765-7efd85fb5a54 HTTP/1.1" 200 1069 0.028954
2016-09-02 00:01:53.962 32288 INFO neutron.wsgi [req-324fbc91-63e9-4fed-8d9d-3f1021ba94fc a01a11068ae742de856b960cad5860f2 4609a26e18504a5e828b2f02a95f3014 - - -] 10.1.13.251 - - [02/Sep/2016 00:01:53] "GET /v2.0/security-groups.json?id=2370e409-5e19-42ba-b636-f07d0d665de6 HTTP/1.1" 200 1841 0.039131
2016-09-02 00:01:54.007 32295 INFO neutron.wsgi [req-cc11aada-bfc4-4810-89ac-c7d73138d77a a01a11068ae742de856b960cad5860f2 4609a26e18504a5e828b2f02a95f3014 - - -] 10.1.13.251 - - [02/Sep/2016 00:01:54] "GET /v2.0/floatingips.json?tenant_id=4609a26e18504a5e828b2f02a95f3014 HTTP/1.1" 200 232 0.013426
2016-09-02 00:01:54.037 32295 INFO neutron.wsgi [req-85aa007b-4af7-4cd3-9c03-294202544d8f a01a11068ae742de856b960cad5860f2 4609a26e18504a5e828b2f02a95f3014 - - -] 10.1.13.251 - - [02/Sep/2016 00:01:54] "GET /v2.0/ports.json?tenant_id=4609a26e18504a5e828b2f02a95f3014 HTTP/1.1" 200 1069 0.026880
2016-09-02 00:01:54.074 32295 INFO neutron.wsgi [req-82b3f5d3-569e-4c09-8543-e8b0c8b13192 a01a11068ae742de856b960cad5860f2 4609a26e18504a5e828b2f02a95f3014 - - -] 10.1.13.251 - - [02/Sep/2016 00:01:54] "GET /v2.0/security-groups.json?tenant_id=4609a26e18504a5e828b2f02a95f3014 HTTP/1.1" 200 1841 0.034818
2016-09-02 00:01:54.132 32295 INFO neutron.wsgi [req-251b9477-fd2c-403f-9e5c-1a1c47d5d10c a01a11068ae742de856b960cad5860f2 4609a26e18504a5e828b2f02a95f3014 - - -] 10.1.13.251 - - [02/Sep/2016 00:01:54] "GET /v2.0/networks.json?shared=False HTTP/1.1" 200 1438 0.054527
2016-09-02 00:01:54.186 32295 INFO neutron.wsgi [req-a9877039-f1dd-43fe-bc62-4ac9301207ca a01a11068ae742de856b960cad5860f2 4609a26e18504a5e828b2f02a95f3014 - - -] 10.1.13.251 - - [02/Sep/2016 00:01:54] "GET /v2.0/subnets.json HTTP/1.1" 200 1861 0.050746
2016-09-02 00:01:54.249 32295 INFO neutron.wsgi [req-c085773b-12b0-4032-9a19-d0bc469082a1 a01a11068ae742de856b960cad5860f2 4609a26e18504a5e828b2f02a95f3014 - - -] 10.1.13.251 - - [02/Sep/2016 00:01:54] "GET /v2.0/networks.json?shared=True HTTP/1.1" 200 855 0.059859
2016-09-02 00:01:54.303 32295 INFO neutron.wsgi [req-1f13a80c-3892-4b22-b699-728ec64dce1a a01a11068ae742de856b960cad5860f2 4609a26e18504a5e828b2f02a95f3014 - - -] 10.1.13.251 - - [02/Sep/2016 00:01:54] "GET /v2.0/subnets.json HTTP/1.1" 200 1861 0.050833
2016-09-02 00:01:54.357 32295 INFO neutron.wsgi [req-1f354017-7cff-4964-9235-b85826894d61 a01a11068ae742de856b960cad5860f2 4609a26e18504a5e828b2f02a95f3014 - - -] 10.1.13.251 - - [02/Sep/2016 00:01:54] "GET /v2.0/subnets.json HTTP/1.1" 200 1861 0.050646
2016-09-02 00:01:54.411 32295 INFO neutron.wsgi [req-844bc6fa-26d1-46c0-8168-29a732a210d3 a01a11068ae742de856b960cad5860f2 4609a26e18504a5e828b2f02a95f3014 - - -] 10.1.13.251 - - [02/Sep/2016 00:01:54] "GET /v2.0/routers.json HTTP/1.1" 200 1248 0.050353
2016-09-02 00:01:57.186 32281 INFO neutron.wsgi [req-2543592e-8fd2-4ea0-b6be-16b004b5765d a01a11068ae742de856b960cad5860f2 4609a26e18504a5e828b2f02a95f3014 - - -] 10.1.13.251 - - [02/Sep/2016 00:01:57] "GET /v2.0/extensions.json HTTP/1.1" 200 7211 0.003726
2016-09-02 00:01:57.249 32281 INFO neutron.wsgi [req-958b2ed1-4679-4758-89ad-041ccab930c2 a01a11068ae742de856b960cad5860f2 4609a26e18504a5e828b2f02a95f3014 - - -] 10.1.13.251 - - [02/Sep/2016 00:01:57] "GET /v2.0/networks.json?router%3Aexternal=True HTTP/1.1" 200 1470 0.060309
