2016-09-02 00:38:07.373 11415 WARNING keystonemiddleware.auth_token [-] Using the in-process token cache is deprecated as of the 4.2.0 release and may be removed in the 5.0.0 release or the 'O' development cycle. The in-process cache causes inconsistent results and high memory usage. When the feature is removed the auth_token middleware will not cache tokens by default which may result in performance issues. It is recommended to use  memcache for the auth_token token cache by setting the memcached_servers option.
2016-09-02 00:38:07.955 11415 INFO neutron.wsgi [req-85eb3c6f-5658-416f-b654-21afe1a38edc a01a11068ae742de856b960cad5860f2 4609a26e18504a5e828b2f02a95f3014 - - -] 10.1.13.251 - - [02/Sep/2016 00:38:07] "GET /v2.0/networks.json?fields=id&name=polaris_external_15 HTTP/1.1" 200 275 0.582875
2016-09-02 00:38:44.957 11415 INFO neutron.quota [req-411fc98c-491d-4e44-b574-c08f0c081584 a01a11068ae742de856b960cad5860f2 4609a26e18504a5e828b2f02a95f3014 - - -] Loaded quota_driver: <neutron.db.quota.driver.DbQuotaDriver object at 0x71a2e10>.
2016-09-02 00:38:45.038 11415 INFO neutron.plugins.ml2.db [req-411fc98c-491d-4e44-b574-c08f0c081584 a01a11068ae742de856b960cad5860f2 4609a26e18504a5e828b2f02a95f3014 - - -] Added segment 0e78ef21-b716-4726-b692-99c1e338cde2 of type flat for network cf48fc7c-e8bb-4648-b23f-d109f74151db
2016-09-02 00:38:45.065 11415 INFO neutron.wsgi [req-411fc98c-491d-4e44-b574-c08f0c081584 a01a11068ae742de856b960cad5860f2 4609a26e18504a5e828b2f02a95f3014 - - -] 10.1.13.251 - - [02/Sep/2016 00:38:45] "POST /v2.0/networks.json HTTP/1.1" 201 815 0.258836
2016-09-02 00:39:07.824 11422 WARNING keystonemiddleware.auth_token [-] Using the in-process token cache is deprecated as of the 4.2.0 release and may be removed in the 5.0.0 release or the 'O' development cycle. The in-process cache causes inconsistent results and high memory usage. When the feature is removed the auth_token middleware will not cache tokens by default which may result in performance issues. It is recommended to use  memcache for the auth_token token cache by setting the memcached_servers option.
2016-09-02 00:39:08.349 11422 INFO neutron.wsgi [req-12f5ca3d-de99-4bfd-a049-7153abae81ee a01a11068ae742de856b960cad5860f2 4609a26e18504a5e828b2f02a95f3014 - - -] 10.1.13.251 - - [02/Sep/2016 00:39:08] "GET /v2.0/routers.json?fields=id&name=polaris_external_router_15 HTTP/1.1" 200 274 0.526050
2016-09-02 00:39:08.819 11422 WARNING oslo.messaging._drivers.impl_rabbit [req-98812402-315f-452a-bd3b-4979c7390e44 a01a11068ae742de856b960cad5860f2 4609a26e18504a5e828b2f02a95f3014 - - -] Process forked after connection established! This can result in unpredictable behavior. See: http://docs.openstack.org/developer/oslo.messaging/transport.html
2016-09-02 00:39:08.820 11422 ERROR oslo.messaging._drivers.impl_rabbit [req-98812402-315f-452a-bd3b-4979c7390e44 a01a11068ae742de856b960cad5860f2 4609a26e18504a5e828b2f02a95f3014 - - -] AMQP server on 10.1.13.251:5671 is unreachable: [Errno 32] Broken pipe. Trying again in 1 seconds.
2016-09-02 00:39:09.859 11422 INFO oslo.messaging._drivers.impl_rabbit [req-98812402-315f-452a-bd3b-4979c7390e44 a01a11068ae742de856b960cad5860f2 4609a26e18504a5e828b2f02a95f3014 - - -] Reconnected to AMQP server on 10.1.13.251:5671 via [amqp] client
2016-09-02 00:39:10.049 11422 INFO neutron.wsgi [req-98812402-315f-452a-bd3b-4979c7390e44 a01a11068ae742de856b960cad5860f2 4609a26e18504a5e828b2f02a95f3014 - - -] 10.1.13.251 - - [02/Sep/2016 00:39:10] "PUT /v2.0/routers/37e0f9fa-0277-4083-85be-5a24832d393e.json HTTP/1.1" 200 565 1.697836
2016-09-02 00:39:11.915 11415 INFO neutron.wsgi [req-a61c7670-34f7-4e33-8354-ea2b66b790f4 a01a11068ae742de856b960cad5860f2 4609a26e18504a5e828b2f02a95f3014 - - -] 10.1.13.251 - - [02/Sep/2016 00:39:11] "GET /v2.0/routers.json?fields=id&name=polaris_external_router_15 HTTP/1.1" 200 274 0.279537
2016-09-02 00:39:12.147 11415 WARNING oslo.messaging._drivers.impl_rabbit [req-0efd35e1-eb47-422a-8624-94763f02aeb9 a01a11068ae742de856b960cad5860f2 4609a26e18504a5e828b2f02a95f3014 - - -] Process forked after connection established! This can result in unpredictable behavior. See: http://docs.openstack.org/developer/oslo.messaging/transport.html
2016-09-02 00:39:12.148 11415 ERROR oslo.messaging._drivers.impl_rabbit [req-0efd35e1-eb47-422a-8624-94763f02aeb9 a01a11068ae742de856b960cad5860f2 4609a26e18504a5e828b2f02a95f3014 - - -] AMQP server on 10.1.13.251:5671 is unreachable: [Errno 32] Broken pipe. Trying again in 1 seconds.
2016-09-02 00:39:13.187 11415 INFO oslo.messaging._drivers.impl_rabbit [req-0efd35e1-eb47-422a-8624-94763f02aeb9 a01a11068ae742de856b960cad5860f2 4609a26e18504a5e828b2f02a95f3014 - - -] Reconnected to AMQP server on 10.1.13.251:5671 via [amqp] client
2016-09-02 00:39:13.198 11415 INFO neutron.wsgi [req-0efd35e1-eb47-422a-8624-94763f02aeb9 a01a11068ae742de856b960cad5860f2 4609a26e18504a5e828b2f02a95f3014 - - -] 10.1.13.251 - - [02/Sep/2016 00:39:13] "DELETE /v2.0/routers/37e0f9fa-0277-4083-85be-5a24832d393e.json HTTP/1.1" 204 173 1.280760
2016-09-02 00:39:14.774 11414 WARNING keystonemiddleware.auth_token [-] Using the in-process token cache is deprecated as of the 4.2.0 release and may be removed in the 5.0.0 release or the 'O' development cycle. The in-process cache causes inconsistent results and high memory usage. When the feature is removed the auth_token middleware will not cache tokens by default which may result in performance issues. It is recommended to use  memcache for the auth_token token cache by setting the memcached_servers option.
2016-09-02 00:39:15.333 11414 INFO neutron.wsgi [req-d19d1c78-83f8-439c-bd32-449e84d2a452 a01a11068ae742de856b960cad5860f2 4609a26e18504a5e828b2f02a95f3014 - - -] 10.1.13.251 - - [02/Sep/2016 00:39:15] "GET /v2.0/subnets.json?fields=id&name=polaris_subnet_15 HTTP/1.1" 200 274 0.559887
2016-09-02 00:39:15.778 11414 WARNING oslo.messaging._drivers.impl_rabbit [req-8315aacf-7eb8-4e75-a10c-c1fd0bf3efa0 a01a11068ae742de856b960cad5860f2 4609a26e18504a5e828b2f02a95f3014 - - -] Process forked after connection established! This can result in unpredictable behavior. See: http://docs.openstack.org/developer/oslo.messaging/transport.html
2016-09-02 00:39:15.779 11414 ERROR oslo.messaging._drivers.impl_rabbit [req-8315aacf-7eb8-4e75-a10c-c1fd0bf3efa0 a01a11068ae742de856b960cad5860f2 4609a26e18504a5e828b2f02a95f3014 - - -] AMQP server on 10.1.13.251:5671 is unreachable: [Errno 32] Broken pipe. Trying again in 1 seconds.
2016-09-02 00:39:16.818 11414 INFO oslo.messaging._drivers.impl_rabbit [req-8315aacf-7eb8-4e75-a10c-c1fd0bf3efa0 a01a11068ae742de856b960cad5860f2 4609a26e18504a5e828b2f02a95f3014 - - -] Reconnected to AMQP server on 10.1.13.251:5671 via [amqp] client
2016-09-02 00:39:16.821 11414 INFO neutron.wsgi [req-8315aacf-7eb8-4e75-a10c-c1fd0bf3efa0 a01a11068ae742de856b960cad5860f2 4609a26e18504a5e828b2f02a95f3014 - - -] 10.1.13.251 - - [02/Sep/2016 00:39:16] "DELETE /v2.0/subnets/e4ed7fb8-055e-4148-b167-c73a5e7d58cd.json HTTP/1.1" 204 173 1.485784
2016-09-02 00:39:19.013 11413 INFO neutron.wsgi [req-af580988-7081-4cca-8ae3-075a11d7e91a a01a11068ae742de856b960cad5860f2 4609a26e18504a5e828b2f02a95f3014 - - -] 10.1.13.251 - - [02/Sep/2016 00:39:19] "GET /v2.0/networks.json?fields=id&name=polaris_external_15 HTTP/1.1" 200 324 0.188945
2016-09-02 00:42:14.823 11424 WARNING keystonemiddleware.auth_token [-] Using the in-process token cache is deprecated as of the 4.2.0 release and may be removed in the 5.0.0 release or the 'O' development cycle. The in-process cache causes inconsistent results and high memory usage. When the feature is removed the auth_token middleware will not cache tokens by default which may result in performance issues. It is recommended to use  memcache for the auth_token token cache by setting the memcached_servers option.
2016-09-02 00:42:15.198 11424 INFO neutron.wsgi [req-93606d46-2e90-4071-8958-35bacbb04e9c a01a11068ae742de856b960cad5860f2 4609a26e18504a5e828b2f02a95f3014 - - -] 10.1.13.251 - - [02/Sep/2016 00:42:15] "GET /v2.0/extensions.json HTTP/1.1" 200 7211 0.376781
2016-09-02 00:42:15.851 11424 INFO neutron.wsgi [req-58c917f5-72be-4efe-8462-07db01e056c6 a01a11068ae742de856b960cad5860f2 4609a26e18504a5e828b2f02a95f3014 - - -] 10.1.13.251 - - [02/Sep/2016 00:42:15] "GET /v2.0/quotas/4609a26e18504a5e828b2f02a95f3014.json HTTP/1.1" 200 610 0.052935
2016-09-02 00:42:15.998 11426 INFO neutron.wsgi [req-75502b25-70e4-4e0d-b2bb-ce39cf3da2ac a01a11068ae742de856b960cad5860f2 4609a26e18504a5e828b2f02a95f3014 - - -] 10.1.13.251 - - [02/Sep/2016 00:42:15] "GET /v2.0/floatingips.json?tenant_id=4609a26e18504a5e828b2f02a95f3014 HTTP/1.1" 200 232 0.052888
2016-09-02 00:42:16.034 11426 INFO neutron.wsgi [req-7cc7b0bf-7523-4a2d-868b-11db540a64ca a01a11068ae742de856b960cad5860f2 4609a26e18504a5e828b2f02a95f3014 - - -] 10.1.13.251 - - [02/Sep/2016 00:42:16] "GET /v2.0/ports.json?tenant_id=4609a26e18504a5e828b2f02a95f3014 HTTP/1.1" 200 226 0.032861
2016-09-02 00:42:16.079 11426 INFO neutron.wsgi [req-2ca8dddd-ae74-4fe4-898a-85ce83645ade a01a11068ae742de856b960cad5860f2 4609a26e18504a5e828b2f02a95f3014 - - -] 10.1.13.251 - - [02/Sep/2016 00:42:16] "GET /v2.0/security-groups.json?tenant_id=4609a26e18504a5e828b2f02a95f3014 HTTP/1.1" 200 1841 0.041791
2016-09-02 00:42:16.286 11426 INFO neutron.wsgi [req-74e66fd8-cf38-4ea2-945a-3c7dac0641db a01a11068ae742de856b960cad5860f2 4609a26e18504a5e828b2f02a95f3014 - - -] 10.1.13.251 - - [02/Sep/2016 00:42:16] "GET /v2.0/networks.json?shared=False HTTP/1.1" 200 1438 0.203154
2016-09-02 00:42:16.340 11426 INFO neutron.wsgi [req-b90b91d9-fde5-435c-95db-a0b88b358fc5 a01a11068ae742de856b960cad5860f2 4609a26e18504a5e828b2f02a95f3014 - - -] 10.1.13.251 - - [02/Sep/2016 00:42:16] "GET /v2.0/subnets.json HTTP/1.1" 200 1876 0.051154
2016-09-02 00:42:16.400 11426 INFO neutron.wsgi [req-4544adb4-209a-42c8-97b9-38a51c92c956 a01a11068ae742de856b960cad5860f2 4609a26e18504a5e828b2f02a95f3014 - - -] 10.1.13.251 - - [02/Sep/2016 00:42:16] "GET /v2.0/networks.json?shared=True HTTP/1.1" 200 2036 0.056518
2016-09-02 00:42:16.455 11426 INFO neutron.wsgi [req-70898d42-648d-44f4-b952-cd6c63abb031 a01a11068ae742de856b960cad5860f2 4609a26e18504a5e828b2f02a95f3014 - - -] 10.1.13.251 - - [02/Sep/2016 00:42:16] "GET /v2.0/subnets.json HTTP/1.1" 200 1876 0.051768
2016-09-02 00:42:16.510 11426 INFO neutron.wsgi [req-b6176110-fb35-4605-b8c7-73055c65f58c a01a11068ae742de856b960cad5860f2 4609a26e18504a5e828b2f02a95f3014 - - -] 10.1.13.251 - - [02/Sep/2016 00:42:16] "GET /v2.0/subnets.json HTTP/1.1" 200 1876 0.051881
2016-09-02 00:42:16.628 11425 WARNING keystonemiddleware.auth_token [-] Using the in-process token cache is deprecated as of the 4.2.0 release and may be removed in the 5.0.0 release or the 'O' development cycle. The in-process cache causes inconsistent results and high memory usage. When the feature is removed the auth_token middleware will not cache tokens by default which may result in performance issues. It is recommended to use  memcache for the auth_token token cache by setting the memcached_servers option.
2016-09-02 00:42:17.088 11425 INFO neutron.wsgi [req-7c7006c7-70ca-4af0-9bbf-f8a09ac1f13d a01a11068ae742de856b960cad5860f2 4609a26e18504a5e828b2f02a95f3014 - - -] 10.1.13.251 - - [02/Sep/2016 00:42:17] "GET /v2.0/routers.json HTTP/1.1" 200 1253 0.461576
2016-09-02 00:42:18.591 11410 WARNING keystonemiddleware.auth_token [-] Using the in-process token cache is deprecated as of the 4.2.0 release and may be removed in the 5.0.0 release or the 'O' development cycle. The in-process cache causes inconsistent results and high memory usage. When the feature is removed the auth_token middleware will not cache tokens by default which may result in performance issues. It is recommended to use  memcache for the auth_token token cache by setting the memcached_servers option.
2016-09-02 00:42:19.141 11410 INFO neutron.wsgi [req-ce596211-1321-4c7b-93eb-7a5f706666d2 a01a11068ae742de856b960cad5860f2 4609a26e18504a5e828b2f02a95f3014 - - -] 10.1.13.251 - - [02/Sep/2016 00:42:19] "GET /v2.0/networks.json?shared=False&tenant_id=4609a26e18504a5e828b2f02a95f3014 HTTP/1.1" 200 842 0.551456
2016-09-02 00:42:19.195 11410 INFO neutron.wsgi [req-fa5ca7cf-3c1d-4af5-b0a5-0eae9b3bbfb0 a01a11068ae742de856b960cad5860f2 4609a26e18504a5e828b2f02a95f3014 - - -] 10.1.13.251 - - [02/Sep/2016 00:42:19] "GET /v2.0/subnets.json HTTP/1.1" 200 1876 0.050885
2016-09-02 00:42:19.381 11410 INFO neutron.wsgi [req-a4d01a2e-7651-448f-ad5c-ffcc262547cf a01a11068ae742de856b960cad5860f2 4609a26e18504a5e828b2f02a95f3014 - - -] 10.1.13.251 - - [02/Sep/2016 00:42:19] "GET /v2.0/networks.json?shared=True HTTP/1.1" 200 2036 0.182675
2016-09-02 00:42:19.434 11410 INFO neutron.wsgi [req-1d5d61b4-3b49-4d44-b4ca-17c1cc723519 a01a11068ae742de856b960cad5860f2 4609a26e18504a5e828b2f02a95f3014 - - -] 10.1.13.251 - - [02/Sep/2016 00:42:19] "GET /v2.0/subnets.json HTTP/1.1" 200 1876 0.050281
2016-09-02 00:42:19.494 11410 INFO neutron.wsgi [req-8cfc3c97-1be2-494d-9e0c-961c3a8f2c64 a01a11068ae742de856b960cad5860f2 4609a26e18504a5e828b2f02a95f3014 - - -] 10.1.13.251 - - [02/Sep/2016 00:42:19] "GET /v2.0/networks.json?router%3Aexternal=True HTTP/1.1" 200 2650 0.055981
2016-09-02 00:42:19.547 11410 INFO neutron.wsgi [req-0010f413-bd5a-44e0-9ce8-e24548f28604 a01a11068ae742de856b960cad5860f2 4609a26e18504a5e828b2f02a95f3014 - - -] 10.1.13.251 - - [02/Sep/2016 00:42:19] "GET /v2.0/subnets.json HTTP/1.1" 200 1876 0.049412
2016-09-02 00:42:19.586 11410 INFO neutron.wsgi [req-0d11e5f3-db69-4463-8dc1-8cc14ce0478e a01a11068ae742de856b960cad5860f2 4609a26e18504a5e828b2f02a95f3014 - - -] 10.1.13.251 - - [02/Sep/2016 00:42:19] "GET /v2.0/ports.json HTTP/1.1" 200 3429 0.034590
2016-09-02 00:42:19.636 11410 INFO neutron.wsgi [req-026d09a6-65c5-4e10-b4ab-e966ed6f0a7d a01a11068ae742de856b960cad5860f2 4609a26e18504a5e828b2f02a95f3014 - - -] 10.1.13.251 - - [02/Sep/2016 00:42:19] "GET /v2.0/routers.json?tenant_id=4609a26e18504a5e828b2f02a95f3014 HTTP/1.1" 200 750 0.046530
2016-09-02 00:42:29.922 11407 WARNING keystonemiddleware.auth_token [-] Using the in-process token cache is deprecated as of the 4.2.0 release and may be removed in the 5.0.0 release or the 'O' development cycle. The in-process cache causes inconsistent results and high memory usage. When the feature is removed the auth_token middleware will not cache tokens by default which may result in performance issues. It is recommended to use  memcache for the auth_token token cache by setting the memcached_servers option.
2016-09-02 00:42:30.423 11407 INFO neutron.wsgi [req-f9e017fd-9633-436c-86f6-c437daff2ea5 a01a11068ae742de856b960cad5860f2 4609a26e18504a5e828b2f02a95f3014 - - -] 10.1.13.251 - - [02/Sep/2016 00:42:30] "GET /v2.0/networks.json?shared=False&tenant_id=4609a26e18504a5e828b2f02a95f3014 HTTP/1.1" 200 842 0.502389
2016-09-02 00:42:30.515 11419 INFO neutron.wsgi [req-c6cf8ca0-de81-479c-98f7-6a3825845de4 a01a11068ae742de856b960cad5860f2 4609a26e18504a5e828b2f02a95f3014 - - -] 10.1.13.251 - - [02/Sep/2016 00:42:30] "GET /v2.0/subnets.json HTTP/1.1" 200 1876 0.088675
2016-09-02 00:42:30.578 11419 INFO neutron.wsgi [req-76197645-686a-4d37-9b6c-ffbe54a0e235 a01a11068ae742de856b960cad5860f2 4609a26e18504a5e828b2f02a95f3014 - - -] 10.1.13.251 - - [02/Sep/2016 00:42:30] "GET /v2.0/networks.json?shared=True HTTP/1.1" 200 2036 0.059313
2016-09-02 00:42:30.764 11419 INFO neutron.wsgi [req-acc632e4-3f5f-4cb4-bf06-17073a82e185 a01a11068ae742de856b960cad5860f2 4609a26e18504a5e828b2f02a95f3014 - - -] 10.1.13.251 - - [02/Sep/2016 00:42:30] "GET /v2.0/subnets.json HTTP/1.1" 200 1876 0.182946
2016-09-02 00:42:30.823 11419 INFO neutron.wsgi [req-bd6fdac3-7d56-44c6-8d26-01530ea81223 a01a11068ae742de856b960cad5860f2 4609a26e18504a5e828b2f02a95f3014 - - -] 10.1.13.251 - - [02/Sep/2016 00:42:30] "GET /v2.0/networks.json?router%3Aexternal=True HTTP/1.1" 200 2650 0.055102
2016-09-02 00:42:30.879 11419 INFO neutron.wsgi [req-16f8a4f3-19b5-4f4b-9102-d191b946810d a01a11068ae742de856b960cad5860f2 4609a26e18504a5e828b2f02a95f3014 - - -] 10.1.13.251 - - [02/Sep/2016 00:42:30] "GET /v2.0/subnets.json HTTP/1.1" 200 1876 0.052615
2016-09-02 00:42:30.914 11426 INFO neutron.wsgi [req-f3774c1b-2d5c-4b14-9e3e-365898f70006 a01a11068ae742de856b960cad5860f2 4609a26e18504a5e828b2f02a95f3014 - - -] 10.1.13.251 - - [02/Sep/2016 00:42:30] "GET /v2.0/ports.json HTTP/1.1" 200 3429 0.030390
2016-09-02 00:42:30.965 11425 INFO neutron.wsgi [req-4664ef29-a195-431b-9bf0-74f7e1cac4c9 a01a11068ae742de856b960cad5860f2 4609a26e18504a5e828b2f02a95f3014 - - -] 10.1.13.251 - - [02/Sep/2016 00:42:30] "GET /v2.0/routers.json?tenant_id=4609a26e18504a5e828b2f02a95f3014 HTTP/1.1" 200 750 0.047150
2016-09-02 00:42:36.250 11425 INFO neutron.wsgi [req-bc7f9384-aa91-474c-ad6c-c53b1f38b238 a01a11068ae742de856b960cad5860f2 4609a26e18504a5e828b2f02a95f3014 - - -] 10.1.13.251 - - [02/Sep/2016 00:42:36] "GET /v2.0/routers.json?fields=id&name=polaris_external_router_15 HTTP/1.1" 200 228 0.481688
2016-09-02 00:42:37.975 11422 INFO neutron.wsgi [req-e9995232-ea32-4715-9e26-b12734656d7d a01a11068ae742de856b960cad5860f2 4609a26e18504a5e828b2f02a95f3014 - - -] 10.1.13.251 - - [02/Sep/2016 00:42:37] "GET /v2.0/routers.json?fields=id&name=polaris_external_router_15 HTTP/1.1" 200 228 0.163952
2016-09-02 00:42:39.548 11408 WARNING keystonemiddleware.auth_token [-] Using the in-process token cache is deprecated as of the 4.2.0 release and may be removed in the 5.0.0 release or the 'O' development cycle. The in-process cache causes inconsistent results and high memory usage. When the feature is removed the auth_token middleware will not cache tokens by default which may result in performance issues. It is recommended to use  memcache for the auth_token token cache by setting the memcached_servers option.
2016-09-02 00:42:40.086 11408 INFO neutron.wsgi [req-c2879bc7-43b9-4359-96d6-3523c7b41dd1 a01a11068ae742de856b960cad5860f2 4609a26e18504a5e828b2f02a95f3014 - - -] 10.1.13.251 - - [02/Sep/2016 00:42:40] "GET /v2.0/subnets.json?fields=id&name=polaris_subnet_15 HTTP/1.1" 200 228 0.539615
2016-09-02 00:42:41.236 11425 INFO neutron.wsgi [req-faac574a-945b-49e7-a35c-90376fb2e805 a01a11068ae742de856b960cad5860f2 4609a26e18504a5e828b2f02a95f3014 - - -] 10.1.13.251 - - [02/Sep/2016 00:42:41] "GET /v2.0/networks.json?shared=False&tenant_id=4609a26e18504a5e828b2f02a95f3014 HTTP/1.1" 200 842 0.076475
2016-09-02 00:42:41.291 11425 INFO neutron.wsgi [req-3dd93fd7-b4d8-4f49-b351-1d39627f378d a01a11068ae742de856b960cad5860f2 4609a26e18504a5e828b2f02a95f3014 - - -] 10.1.13.251 - - [02/Sep/2016 00:42:41] "GET /v2.0/subnets.json HTTP/1.1" 200 1876 0.052061
2016-09-02 00:42:41.297 11411 WARNING keystonemiddleware.auth_token [-] Using the in-process token cache is deprecated as of the 4.2.0 release and may be removed in the 5.0.0 release or the 'O' development cycle. The in-process cache causes inconsistent results and high memory usage. When the feature is removed the auth_token middleware will not cache tokens by default which may result in performance issues. It is recommended to use  memcache for the auth_token token cache by setting the memcached_servers option.
2016-09-02 00:42:41.793 11411 INFO neutron.wsgi [req-101fdc0c-b01c-4ec7-b34f-7761a82c4207 a01a11068ae742de856b960cad5860f2 4609a26e18504a5e828b2f02a95f3014 - - -] 10.1.13.251 - - [02/Sep/2016 00:42:41] "GET /v2.0/networks.json?shared=True HTTP/1.1" 200 2036 0.497730
2016-09-02 00:42:41.848 11411 INFO neutron.wsgi [req-2594881c-8ff3-48b6-a4a4-66f8c4785713 a01a11068ae742de856b960cad5860f2 4609a26e18504a5e828b2f02a95f3014 - - -] 10.1.13.251 - - [02/Sep/2016 00:42:41] "GET /v2.0/subnets.json HTTP/1.1" 200 1876 0.050883
2016-09-02 00:42:42.041 11411 INFO neutron.wsgi [req-7cf38df0-351c-40fa-8d9d-3d3aaf9fb2d3 a01a11068ae742de856b960cad5860f2 4609a26e18504a5e828b2f02a95f3014 - - -] 10.1.13.251 - - [02/Sep/2016 00:42:42] "GET /v2.0/networks.json?router%3Aexternal=True HTTP/1.1" 200 2650 0.189315
2016-09-02 00:42:42.142 11424 INFO neutron.wsgi [req-5cbf9f1b-c952-4400-a533-0e14927f8727 a01a11068ae742de856b960cad5860f2 4609a26e18504a5e828b2f02a95f3014 - - -] 10.1.13.251 - - [02/Sep/2016 00:42:42] "GET /v2.0/subnets.json HTTP/1.1" 200 1876 0.097290
2016-09-02 00:42:42.181 11424 INFO neutron.wsgi [req-bfd07d4a-6dda-4cb5-b46f-247a05c79915 a01a11068ae742de856b960cad5860f2 4609a26e18504a5e828b2f02a95f3014 - - -] 10.1.13.251 - - [02/Sep/2016 00:42:42] "GET /v2.0/ports.json HTTP/1.1" 200 3429 0.034909
2016-09-02 00:42:42.377 11424 INFO neutron.wsgi [req-0fb4422e-a384-4cb9-8d09-2d2d9b2ea616 a01a11068ae742de856b960cad5860f2 4609a26e18504a5e828b2f02a95f3014 - - -] 10.1.13.251 - - [02/Sep/2016 00:42:42] "GET /v2.0/routers.json?tenant_id=4609a26e18504a5e828b2f02a95f3014 HTTP/1.1" 200 750 0.191521
2016-09-02 00:42:43.756 11414 INFO neutron.wsgi [req-edb03cd1-1918-4b73-ae5a-917a9ce0e740 a01a11068ae742de856b960cad5860f2 4609a26e18504a5e828b2f02a95f3014 - - -] 10.1.13.251 - - [02/Sep/2016 00:42:43] "GET /v2.0/networks.json?fields=id&name=polaris_external_15 HTTP/1.1" 200 324 0.153886
2016-09-02 00:42:52.674 11407 INFO neutron.wsgi [req-2fbf6749-1648-413b-a105-68d28d51bbd3 a01a11068ae742de856b960cad5860f2 4609a26e18504a5e828b2f02a95f3014 - - -] 10.1.13.251 - - [02/Sep/2016 00:42:52] "GET /v2.0/networks.json?shared=False&tenant_id=4609a26e18504a5e828b2f02a95f3014 HTTP/1.1" 200 842 0.070643
2016-09-02 00:42:52.728 11425 INFO neutron.wsgi [req-468256c8-f030-48e2-a526-a088187aa48d a01a11068ae742de856b960cad5860f2 4609a26e18504a5e828b2f02a95f3014 - - -] 10.1.13.251 - - [02/Sep/2016 00:42:52] "GET /v2.0/subnets.json HTTP/1.1" 200 1876 0.051612
2016-09-02 00:42:52.793 11425 INFO neutron.wsgi [req-f0f15a8f-adf3-4852-a124-4bf861ceb46d a01a11068ae742de856b960cad5860f2 4609a26e18504a5e828b2f02a95f3014 - - -] 10.1.13.251 - - [02/Sep/2016 00:42:52] "GET /v2.0/networks.json?shared=True HTTP/1.1" 200 2036 0.061942
2016-09-02 00:42:52.876 11408 INFO neutron.wsgi [req-5b397869-ef31-40c9-90d0-d46cf93bb9f2 a01a11068ae742de856b960cad5860f2 4609a26e18504a5e828b2f02a95f3014 - - -] 10.1.13.251 - - [02/Sep/2016 00:42:52] "GET /v2.0/subnets.json HTTP/1.1" 200 1876 0.079419
2016-09-02 00:42:53.068 11408 INFO neutron.wsgi [req-ccd2ef72-8514-4fd6-8add-db3f9b8c2cc9 a01a11068ae742de856b960cad5860f2 4609a26e18504a5e828b2f02a95f3014 - - -] 10.1.13.251 - - [02/Sep/2016 00:42:53] "GET /v2.0/networks.json?router%3Aexternal=True HTTP/1.1" 200 2650 0.186750
2016-09-02 00:42:53.153 11412 INFO neutron.wsgi [req-a8b6b4ba-a84a-4c4c-bf12-6bfcbac66ada a01a11068ae742de856b960cad5860f2 4609a26e18504a5e828b2f02a95f3014 - - -] 10.1.13.251 - - [02/Sep/2016 00:42:53] "GET /v2.0/subnets.json HTTP/1.1" 200 1876 0.082241
2016-09-02 00:42:53.252 11422 INFO neutron.wsgi [req-1e97777f-d88e-4093-8015-6db28d5e408c a01a11068ae742de856b960cad5860f2 4609a26e18504a5e828b2f02a95f3014 - - -] 10.1.13.251 - - [02/Sep/2016 00:42:53] "GET /v2.0/ports.json HTTP/1.1" 200 3429 0.092741
2016-09-02 00:42:53.447 11412 INFO neutron.wsgi [req-61eacdc3-0d47-48f1-a2a2-f711adf97c38 a01a11068ae742de856b960cad5860f2 4609a26e18504a5e828b2f02a95f3014 - - -] 10.1.13.251 - - [02/Sep/2016 00:42:53] "GET /v2.0/routers.json?tenant_id=4609a26e18504a5e828b2f02a95f3014 HTTP/1.1" 200 750 0.190489
2016-09-02 00:42:53.654 11414 INFO neutron.wsgi [req-16c9dcd3-73cb-4e23-8d8e-5d9d933326bf a01a11068ae742de856b960cad5860f2 4609a26e18504a5e828b2f02a95f3014 - - -] 10.1.13.251 - - [02/Sep/2016 00:42:53] "GET /v2.0/networks.json HTTP/1.1" 200 3245 0.154142
2016-09-02 00:42:53.721 11414 INFO neutron.wsgi [req-71c22713-6cae-4d6f-8aa0-1ce915770cb6 a01a11068ae742de856b960cad5860f2 4609a26e18504a5e828b2f02a95f3014 - - -] 10.1.13.251 - - [02/Sep/2016 00:42:53] "GET /v2.0/subnets.json?fields=id&fields=cidr&id=d97934d0-2a7a-46af-8ec9-6b5bd0511d1d&id=58faa1a2-728b-48ec-9ba0-cfc6f7c2b062&id=da35d823-625e-4469-a830-c905cea866d1 HTTP/1.1" 200 449 0.063960
2016-09-02 00:43:03.763 11408 INFO neutron.wsgi [req-aef04e92-668a-4c65-8de8-059c98547fc0 a01a11068ae742de856b960cad5860f2 4609a26e18504a5e828b2f02a95f3014 - - -] 10.1.13.251 - - [02/Sep/2016 00:43:03] "GET /v2.0/networks.json?shared=False&tenant_id=4609a26e18504a5e828b2f02a95f3014 HTTP/1.1" 200 842 0.054105
2016-09-02 00:43:03.815 11408 INFO neutron.wsgi [req-ea586f19-e15f-4ada-b109-c9712b1adfc4 a01a11068ae742de856b960cad5860f2 4609a26e18504a5e828b2f02a95f3014 - - -] 10.1.13.251 - - [02/Sep/2016 00:43:03] "GET /v2.0/subnets.json HTTP/1.1" 200 1876 0.049083
2016-09-02 00:43:03.874 11408 INFO neutron.wsgi [req-d0993f6b-91f0-425b-9bd5-263edf48d52f a01a11068ae742de856b960cad5860f2 4609a26e18504a5e828b2f02a95f3014 - - -] 10.1.13.251 - - [02/Sep/2016 00:43:03] "GET /v2.0/networks.json?shared=True HTTP/1.1" 200 2036 0.055528
2016-09-02 00:43:03.928 11408 INFO neutron.wsgi [req-8f0ffc34-741a-4cc8-b402-97f9dfe15dc4 a01a11068ae742de856b960cad5860f2 4609a26e18504a5e828b2f02a95f3014 - - -] 10.1.13.251 - - [02/Sep/2016 00:43:03] "GET /v2.0/subnets.json HTTP/1.1" 200 1876 0.050577
2016-09-02 00:43:03.988 11408 INFO neutron.wsgi [req-04475da2-0052-429d-b9a2-3c1eaf48fcea a01a11068ae742de856b960cad5860f2 4609a26e18504a5e828b2f02a95f3014 - - -] 10.1.13.251 - - [02/Sep/2016 00:43:03] "GET /v2.0/networks.json?router%3Aexternal=True HTTP/1.1" 200 2650 0.056855
2016-09-02 00:43:04.041 11408 INFO neutron.wsgi [req-513bb4f1-8f77-4436-ac8a-153ef6cc6112 a01a11068ae742de856b960cad5860f2 4609a26e18504a5e828b2f02a95f3014 - - -] 10.1.13.251 - - [02/Sep/2016 00:43:04] "GET /v2.0/subnets.json HTTP/1.1" 200 1876 0.049047
2016-09-02 00:43:04.080 11408 INFO neutron.wsgi [req-440ad35e-458e-41c8-8107-6f0a70204e9d a01a11068ae742de856b960cad5860f2 4609a26e18504a5e828b2f02a95f3014 - - -] 10.1.13.251 - - [02/Sep/2016 00:43:04] "GET /v2.0/ports.json HTTP/1.1" 200 3429 0.035015
2016-09-02 00:43:04.130 11408 INFO neutron.wsgi [req-4c2d203d-a104-4354-bc91-48c7b817c5e1 a01a11068ae742de856b960cad5860f2 4609a26e18504a5e828b2f02a95f3014 - - -] 10.1.13.251 - - [02/Sep/2016 00:43:04] "GET /v2.0/routers.json?tenant_id=4609a26e18504a5e828b2f02a95f3014 HTTP/1.1" 200 750 0.046493
2016-09-02 00:43:08.852 11412 INFO neutron.wsgi [req-dbad3257-a597-4786-a530-ff56b82f8fa6 a01a11068ae742de856b960cad5860f2 4609a26e18504a5e828b2f02a95f3014 - - -] 10.1.13.251 - - [02/Sep/2016 00:43:08] "GET /v2.0/networks.json?fields=id&id=424e2f07-75bc-4cac-9587-118418c6800c HTTP/1.1" 200 275 0.154852
2016-09-02 00:43:09.052 11412 WARNING oslo.messaging._drivers.impl_rabbit [req-ef5beb87-4975-4b9f-9180-8fb89294c4c6 a01a11068ae742de856b960cad5860f2 4609a26e18504a5e828b2f02a95f3014 - - -] Process forked after connection established! This can result in unpredictable behavior. See: http://docs.openstack.org/developer/oslo.messaging/transport.html
2016-09-02 00:43:09.052 11412 ERROR oslo.messaging._drivers.impl_rabbit [req-ef5beb87-4975-4b9f-9180-8fb89294c4c6 a01a11068ae742de856b960cad5860f2 4609a26e18504a5e828b2f02a95f3014 - - -] AMQP server on 10.1.13.251:5671 is unreachable: [Errno 32] Broken pipe. Trying again in 1 seconds.
2016-09-02 00:43:10.093 11412 INFO oslo.messaging._drivers.impl_rabbit [req-ef5beb87-4975-4b9f-9180-8fb89294c4c6 a01a11068ae742de856b960cad5860f2 4609a26e18504a5e828b2f02a95f3014 - - -] Reconnected to AMQP server on 10.1.13.251:5671 via [amqp] client
2016-09-02 00:43:10.105 11412 INFO neutron.wsgi [req-ef5beb87-4975-4b9f-9180-8fb89294c4c6 a01a11068ae742de856b960cad5860f2 4609a26e18504a5e828b2f02a95f3014 - - -] 10.1.13.251 - - [02/Sep/2016 00:43:10] "DELETE /v2.0/networks/424e2f07-75bc-4cac-9587-118418c6800c.json HTTP/1.1" 204 173 1.250392
2016-09-02 00:43:14.414 11403 WARNING keystonemiddleware.auth_token [-] Using the in-process token cache is deprecated as of the 4.2.0 release and may be removed in the 5.0.0 release or the 'O' development cycle. The in-process cache causes inconsistent results and high memory usage. When the feature is removed the auth_token middleware will not cache tokens by default which may result in performance issues. It is recommended to use  memcache for the auth_token token cache by setting the memcached_servers option.
2016-09-02 00:43:14.891 11403 INFO neutron.wsgi [req-499474f1-1166-4d42-a72f-68a2100f75e7 a01a11068ae742de856b960cad5860f2 4609a26e18504a5e828b2f02a95f3014 - - -] 10.1.13.251 - - [02/Sep/2016 00:43:14] "GET /v2.0/networks.json?shared=False&tenant_id=4609a26e18504a5e828b2f02a95f3014 HTTP/1.1" 200 842 0.478666
2016-09-02 00:43:14.945 11403 INFO neutron.wsgi [req-d4db97f7-a8f7-493c-ab66-e567ca2c88cc a01a11068ae742de856b960cad5860f2 4609a26e18504a5e828b2f02a95f3014 - - -] 10.1.13.251 - - [02/Sep/2016 00:43:14] "GET /v2.0/subnets.json HTTP/1.1" 200 1876 0.050739
2016-09-02 00:43:15.134 11403 INFO neutron.wsgi [req-f462394d-4306-4f31-8d4f-87819eda87a6 a01a11068ae742de856b960cad5860f2 4609a26e18504a5e828b2f02a95f3014 - - -] 10.1.13.251 - - [02/Sep/2016 00:43:15] "GET /v2.0/networks.json?shared=True HTTP/1.1" 200 1442 0.184732
2016-09-02 00:43:15.189 11403 INFO neutron.wsgi [req-e39aeb48-67cc-4850-8545-4295cedad6d0 a01a11068ae742de856b960cad5860f2 4609a26e18504a5e828b2f02a95f3014 - - -] 10.1.13.251 - - [02/Sep/2016 00:43:15] "GET /v2.0/subnets.json HTTP/1.1" 200 1876 0.051521
2016-09-02 00:43:15.248 11403 INFO neutron.wsgi [req-4838c187-ce9b-49d3-adeb-d53b7f251a7b a01a11068ae742de856b960cad5860f2 4609a26e18504a5e828b2f02a95f3014 - - -] 10.1.13.251 - - [02/Sep/2016 00:43:15] "GET /v2.0/networks.json?router%3Aexternal=True HTTP/1.1" 200 2056 0.055599
2016-09-02 00:43:15.301 11403 INFO neutron.wsgi [req-830da252-d41c-4628-9255-64381ae27941 a01a11068ae742de856b960cad5860f2 4609a26e18504a5e828b2f02a95f3014 - - -] 10.1.13.251 - - [02/Sep/2016 00:43:15] "GET /v2.0/subnets.json HTTP/1.1" 200 1876 0.049409
2016-09-02 00:43:15.340 11403 INFO neutron.wsgi [req-30db1de7-6b75-4b02-be0f-8d1056bb5550 a01a11068ae742de856b960cad5860f2 4609a26e18504a5e828b2f02a95f3014 - - -] 10.1.13.251 - - [02/Sep/2016 00:43:15] "GET /v2.0/ports.json HTTP/1.1" 200 3429 0.034660
2016-09-02 00:43:15.391 11403 INFO neutron.wsgi [req-5c9e665f-ad0c-413c-814a-b8681bdc666a a01a11068ae742de856b960cad5860f2 4609a26e18504a5e828b2f02a95f3014 - - -] 10.1.13.251 - - [02/Sep/2016 00:43:15] "GET /v2.0/routers.json?tenant_id=4609a26e18504a5e828b2f02a95f3014 HTTP/1.1" 200 750 0.046719
2016-09-02 00:43:17.189 11426 INFO neutron.wsgi [req-f7b2aac6-2fc0-4e4d-b48f-19fea2655202 93e10f1269af498e9791f2baebe91f72 e5275a07edc54c9c97b5b304fe3b1b9a - - -] 10.1.13.251 - - [02/Sep/2016 00:43:17] "GET /v2.0/lb/vips.json HTTP/1.1" 200 225 0.117411
2016-09-02 00:43:17.320 11426 INFO neutron.wsgi [req-ef742f97-77f5-4d00-a066-00516a4ae49e 93e10f1269af498e9791f2baebe91f72 e5275a07edc54c9c97b5b304fe3b1b9a - - -] 10.1.13.251 - - [02/Sep/2016 00:43:17] "GET /v2.0/lbaas/loadbalancers.json HTTP/1.1" 404 266 0.125086
2016-09-02 00:43:17.329 11426 INFO neutron.wsgi [req-3f8217a5-2a57-436b-a170-52f0938f89ee 93e10f1269af498e9791f2baebe91f72 e5275a07edc54c9c97b5b304fe3b1b9a - - -] 10.1.13.251 - - [02/Sep/2016 00:43:17] "GET /v2.0/lbaas/loadbalancers.json HTTP/1.1" 404 266 0.002629
2016-09-02 00:43:17.485 11419 INFO neutron.wsgi [req-be8cc6e4-6b82-43ef-8efc-5566ea1a814f 93e10f1269af498e9791f2baebe91f72 e5275a07edc54c9c97b5b304fe3b1b9a - - -] 10.1.13.251 - - [02/Sep/2016 00:43:17] "GET /v2.0/floatingips.json HTTP/1.1" 200 232 0.122826
2016-09-02 00:43:17.605 11419 INFO neutron.wsgi [req-c655247f-47be-4ffa-bc0d-329abf956f25 93e10f1269af498e9791f2baebe91f72 e5275a07edc54c9c97b5b304fe3b1b9a - - -] 10.1.13.251 - - [02/Sep/2016 00:43:17] "GET /v2.0/lbaas/pools.json HTTP/1.1" 404 266 0.117207
2016-09-02 00:43:17.732 11419 INFO neutron.wsgi [req-560b2c50-bcf2-4b9f-9e74-5bfbe430e168 93e10f1269af498e9791f2baebe91f72 e5275a07edc54c9c97b5b304fe3b1b9a - - -] 10.1.13.251 - - [02/Sep/2016 00:43:17] "GET /v2.0/fw/firewalls.json HTTP/1.1" 200 230 0.118243
2016-09-02 00:43:18.102 11419 INFO neutron.wsgi [req-cf5b6cd0-e1f2-4fbf-b9f9-b4e7e835a1e2 93e10f1269af498e9791f2baebe91f72 e5275a07edc54c9c97b5b304fe3b1b9a - - -] 10.1.13.251 - - [02/Sep/2016 00:43:18] "GET /v2.0/vpn/vpnservices.json HTTP/1.1" 200 232 0.115039
2016-09-02 00:43:18.224 11419 INFO neutron.wsgi [req-7fd7a57f-36f5-4ce8-8995-4da922ffc30e 93e10f1269af498e9791f2baebe91f72 e5275a07edc54c9c97b5b304fe3b1b9a - - -] 10.1.13.251 - - [02/Sep/2016 00:43:18] "GET /v2.0/lbaas/pools.json HTTP/1.1" 404 266 0.114418
2016-09-02 00:43:18.349 11413 INFO neutron.wsgi [req-2c71f795-2c79-4d16-80bf-c52dfd4ce9df 93e10f1269af498e9791f2baebe91f72 e5275a07edc54c9c97b5b304fe3b1b9a - - -] 10.1.13.251 - - [02/Sep/2016 00:43:18] "GET /v2.0/vpn/ipsec-site-connections.json HTTP/1.1" 200 243 0.117691
2016-09-02 00:43:18.431 11406 WARNING keystonemiddleware.auth_token [-] Using the in-process token cache is deprecated as of the 4.2.0 release and may be removed in the 5.0.0 release or the 'O' development cycle. The in-process cache causes inconsistent results and high memory usage. When the feature is removed the auth_token middleware will not cache tokens by default which may result in performance issues. It is recommended to use  memcache for the auth_token token cache by setting the memcached_servers option.
2016-09-02 00:43:18.471 11413 INFO neutron.wsgi [req-c4334fef-e731-4efe-9bb3-5e7e3140d6cd 93e10f1269af498e9791f2baebe91f72 e5275a07edc54c9c97b5b304fe3b1b9a - - -] 10.1.13.251 - - [02/Sep/2016 00:43:18] "GET /v2.0/fw/firewall_policies.json HTTP/1.1" 200 238 0.114881
2016-09-02 00:43:18.480 11426 INFO neutron.wsgi [req-bf786fae-034f-48a6-8342-c154824c6e74 93e10f1269af498e9791f2baebe91f72 e5275a07edc54c9c97b5b304fe3b1b9a - - -] 10.1.13.251 - - [02/Sep/2016 00:43:18] "GET /v2.0/lbaas/loadbalancers.json HTTP/1.1" 404 266 0.002963
2016-09-02 00:43:18.492 11426 INFO neutron.wsgi [req-e23c1298-4f97-4f68-93c4-31d25f63df9e 93e10f1269af498e9791f2baebe91f72 e5275a07edc54c9c97b5b304fe3b1b9a - - -] 10.1.13.251 - - [02/Sep/2016 00:43:18] "GET /v2.0/lbaas/loadbalancers.json HTTP/1.1" 404 266 0.002556
2016-09-02 00:43:18.510 11426 INFO neutron.wsgi [req-181da865-24d4-4d2b-87e5-62f9defb43cd 93e10f1269af498e9791f2baebe91f72 e5275a07edc54c9c97b5b304fe3b1b9a - - -] 10.1.13.251 - - [02/Sep/2016 00:43:18] "GET /v2.0/lbaas/loadbalancers.json HTTP/1.1" 404 266 0.002708
2016-09-02 00:43:18.640 11412 INFO neutron.wsgi [req-bd6e9c74-126d-48a8-80b0-52a5506eb091 93e10f1269af498e9791f2baebe91f72 e5275a07edc54c9c97b5b304fe3b1b9a - - -] 10.1.13.251 - - [02/Sep/2016 00:43:18] "GET /v2.0/lbaas/listeners.json HTTP/1.1" 404 266 0.124391
2016-09-02 00:43:18.762 11412 INFO neutron.wsgi [req-64f0b640-09e9-4c19-9a05-506f5b356439 93e10f1269af498e9791f2baebe91f72 e5275a07edc54c9c97b5b304fe3b1b9a - - -] 10.1.13.251 - - [02/Sep/2016 00:43:18] "GET /v2.0/lbaas/healthmonitors.json HTTP/1.1" 404 266 0.116470
2016-09-02 00:43:19.005 11406 INFO neutron.wsgi [req-a55ad2f8-a791-46a6-b765-ece8c2f2e0db a01a11068ae742de856b960cad5860f2 4609a26e18504a5e828b2f02a95f3014 - - -] 10.1.13.251 - - [02/Sep/2016 00:43:19] "GET /v2.0/networks.json?fields=id&id=cf48fc7c-e8bb-4648-b23f-d109f74151db HTTP/1.1" 200 275 0.575605
2016-09-02 00:43:19.379 11406 WARNING oslo.messaging._drivers.impl_rabbit [req-ee19da6e-f5ac-4928-a072-73cfd8d43bcb a01a11068ae742de856b960cad5860f2 4609a26e18504a5e828b2f02a95f3014 - - -] Process forked after connection established! This can result in unpredictable behavior. See: http://docs.openstack.org/developer/oslo.messaging/transport.html
2016-09-02 00:43:19.380 11406 ERROR oslo.messaging._drivers.impl_rabbit [req-ee19da6e-f5ac-4928-a072-73cfd8d43bcb a01a11068ae742de856b960cad5860f2 4609a26e18504a5e828b2f02a95f3014 - - -] AMQP server on 10.1.13.251:5671 is unreachable: [Errno 32] Broken pipe. Trying again in 1 seconds.
2016-09-02 00:43:20.419 11406 INFO oslo.messaging._drivers.impl_rabbit [req-ee19da6e-f5ac-4928-a072-73cfd8d43bcb a01a11068ae742de856b960cad5860f2 4609a26e18504a5e828b2f02a95f3014 - - -] Reconnected to AMQP server on 10.1.13.251:5671 via [amqp] client
2016-09-02 00:43:20.432 11406 INFO neutron.wsgi [req-ee19da6e-f5ac-4928-a072-73cfd8d43bcb a01a11068ae742de856b960cad5860f2 4609a26e18504a5e828b2f02a95f3014 - - -] 10.1.13.251 - - [02/Sep/2016 00:43:20] "DELETE /v2.0/networks/cf48fc7c-e8bb-4648-b23f-d109f74151db.json HTTP/1.1" 204 173 1.424552
2016-09-02 00:43:26.999 11408 INFO neutron.wsgi [req-c31fcf44-d650-43ad-852d-1c249ddcd576 a01a11068ae742de856b960cad5860f2 4609a26e18504a5e828b2f02a95f3014 - - -] 10.1.13.251 - - [02/Sep/2016 00:43:26] "GET /v2.0/networks.json?shared=False&tenant_id=4609a26e18504a5e828b2f02a95f3014 HTTP/1.1" 200 842 0.069375
2016-09-02 00:43:27.058 11408 INFO neutron.wsgi [req-6b846a4f-f92f-447f-b89c-f083ae024824 a01a11068ae742de856b960cad5860f2 4609a26e18504a5e828b2f02a95f3014 - - -] 10.1.13.251 - - [02/Sep/2016 00:43:27] "GET /v2.0/subnets.json HTTP/1.1" 200 1876 0.052117
2016-09-02 00:43:27.063 11423 WARNING keystonemiddleware.auth_token [-] Using the in-process token cache is deprecated as of the 4.2.0 release and may be removed in the 5.0.0 release or the 'O' development cycle. The in-process cache causes inconsistent results and high memory usage. When the feature is removed the auth_token middleware will not cache tokens by default which may result in performance issues. It is recommended to use  memcache for the auth_token token cache by setting the memcached_servers option.
2016-09-02 00:43:27.548 11423 INFO neutron.wsgi [req-e5f26dc4-7f49-4bd0-a092-1a88c52d1070 a01a11068ae742de856b960cad5860f2 4609a26e18504a5e828b2f02a95f3014 - - -] 10.1.13.251 - - [02/Sep/2016 00:43:27] "GET /v2.0/networks.json?shared=True HTTP/1.1" 200 856 0.486769
2016-09-02 00:43:27.631 11413 INFO neutron.wsgi [req-b1caf8a1-9db1-46e4-a799-b28c53c13092 a01a11068ae742de856b960cad5860f2 4609a26e18504a5e828b2f02a95f3014 - - -] 10.1.13.251 - - [02/Sep/2016 00:43:27] "GET /v2.0/subnets.json HTTP/1.1" 200 1876 0.079751
2016-09-02 00:43:27.814 11413 INFO neutron.wsgi [req-05e8780b-ade4-4320-b0c0-aee32c1a0cf0 a01a11068ae742de856b960cad5860f2 4609a26e18504a5e828b2f02a95f3014 - - -] 10.1.13.251 - - [02/Sep/2016 00:43:27] "GET /v2.0/networks.json?router%3Aexternal=True HTTP/1.1" 200 1471 0.178609
2016-09-02 00:43:27.867 11413 INFO neutron.wsgi [req-cf22dad8-925d-4575-87e8-8619546c00cf a01a11068ae742de856b960cad5860f2 4609a26e18504a5e828b2f02a95f3014 - - -] 10.1.13.251 - - [02/Sep/2016 00:43:27] "GET /v2.0/subnets.json HTTP/1.1" 200 1876 0.050250
2016-09-02 00:43:27.904 11413 INFO neutron.wsgi [req-b52d5b0d-52bb-4790-a101-7739311a3639 a01a11068ae742de856b960cad5860f2 4609a26e18504a5e828b2f02a95f3014 - - -] 10.1.13.251 - - [02/Sep/2016 00:43:27] "GET /v2.0/ports.json HTTP/1.1" 200 3429 0.032517
2016-09-02 00:43:27.956 11413 INFO neutron.wsgi [req-86995841-c033-4f03-ab4a-dab559b21abb a01a11068ae742de856b960cad5860f2 4609a26e18504a5e828b2f02a95f3014 - - -] 10.1.13.251 - - [02/Sep/2016 00:43:27] "GET /v2.0/routers.json?tenant_id=4609a26e18504a5e828b2f02a95f3014 HTTP/1.1" 200 750 0.048396
2016-09-02 00:43:38.244 11422 INFO neutron.wsgi [req-01fef802-df27-4fe9-b922-68285aa73087 a01a11068ae742de856b960cad5860f2 4609a26e18504a5e828b2f02a95f3014 - - -] 10.1.13.251 - - [02/Sep/2016 00:43:38] "GET /v2.0/networks.json?shared=False&tenant_id=4609a26e18504a5e828b2f02a95f3014 HTTP/1.1" 200 842 0.062197
2016-09-02 00:43:38.302 11422 INFO neutron.wsgi [req-bd0ae3de-38c2-4368-8a99-5ea8c0beadd7 a01a11068ae742de856b960cad5860f2 4609a26e18504a5e828b2f02a95f3014 - - -] 10.1.13.251 - - [02/Sep/2016 00:43:38] "GET /v2.0/subnets.json HTTP/1.1" 200 1876 0.054704
2016-09-02 00:43:38.359 11422 INFO neutron.wsgi [req-36d486e9-7467-4dbd-b9a2-45939ee4f007 a01a11068ae742de856b960cad5860f2 4609a26e18504a5e828b2f02a95f3014 - - -] 10.1.13.251 - - [02/Sep/2016 00:43:38] "GET /v2.0/networks.json?shared=True HTTP/1.1" 200 856 0.053476
2016-09-02 00:43:38.414 11422 INFO neutron.wsgi [req-e4d265d0-ad45-4770-81a4-157e8c1fe785 a01a11068ae742de856b960cad5860f2 4609a26e18504a5e828b2f02a95f3014 - - -] 10.1.13.251 - - [02/Sep/2016 00:43:38] "GET /v2.0/subnets.json HTTP/1.1" 200 1876 0.051660
2016-09-02 00:43:38.473 11422 INFO neutron.wsgi [req-bd947c51-962a-4a70-a50c-1dd4accd2ca2 a01a11068ae742de856b960cad5860f2 4609a26e18504a5e828b2f02a95f3014 - - -] 10.1.13.251 - - [02/Sep/2016 00:43:38] "GET /v2.0/networks.json?router%3Aexternal=True HTTP/1.1" 200 1471 0.055148
2016-09-02 00:43:38.527 11422 INFO neutron.wsgi [req-e3b2e1ee-0d2e-45df-8756-ed354a8c0595 a01a11068ae742de856b960cad5860f2 4609a26e18504a5e828b2f02a95f3014 - - -] 10.1.13.251 - - [02/Sep/2016 00:43:38] "GET /v2.0/subnets.json HTTP/1.1" 200 1876 0.051087
2016-09-02 00:43:38.561 11422 INFO neutron.wsgi [req-c336759d-0bd8-4e85-ba5b-6e9e8b221006 a01a11068ae742de856b960cad5860f2 4609a26e18504a5e828b2f02a95f3014 - - -] 10.1.13.251 - - [02/Sep/2016 00:43:38] "GET /v2.0/ports.json HTTP/1.1" 200 3429 0.029541
2016-09-02 00:43:38.617 11422 INFO neutron.wsgi [req-5f1c6215-67c0-4eeb-adea-43c821d88d0c a01a11068ae742de856b960cad5860f2 4609a26e18504a5e828b2f02a95f3014 - - -] 10.1.13.251 - - [02/Sep/2016 00:43:38] "GET /v2.0/routers.json?tenant_id=4609a26e18504a5e828b2f02a95f3014 HTTP/1.1" 200 750 0.052016
2016-09-02 00:43:48.873 11423 INFO neutron.wsgi [req-224be08b-f371-4f34-b80b-337f793b09f2 a01a11068ae742de856b960cad5860f2 4609a26e18504a5e828b2f02a95f3014 - - -] 10.1.13.251 - - [02/Sep/2016 00:43:48] "GET /v2.0/networks.json?shared=False&tenant_id=4609a26e18504a5e828b2f02a95f3014 HTTP/1.1" 200 842 0.052859
2016-09-02 00:43:49.052 11423 INFO neutron.wsgi [req-891eea19-f48b-4117-af6b-55c906c43aec a01a11068ae742de856b960cad5860f2 4609a26e18504a5e828b2f02a95f3014 - - -] 10.1.13.251 - - [02/Sep/2016 00:43:49] "GET /v2.0/subnets.json HTTP/1.1" 200 1876 0.176028
2016-09-02 00:43:49.114 11410 INFO neutron.wsgi [req-23fde146-387b-4b01-b754-c6cb358ce63e a01a11068ae742de856b960cad5860f2 4609a26e18504a5e828b2f02a95f3014 - - -] 10.1.13.251 - - [02/Sep/2016 00:43:49] "GET /v2.0/networks.json?shared=True HTTP/1.1" 200 856 0.057508
2016-09-02 00:43:49.170 11410 INFO neutron.wsgi [req-aa3b91fb-e8ba-4d74-8ab9-e3b47bec8bf7 a01a11068ae742de856b960cad5860f2 4609a26e18504a5e828b2f02a95f3014 - - -] 10.1.13.251 - - [02/Sep/2016 00:43:49] "GET /v2.0/subnets.json HTTP/1.1" 200 1876 0.052829
2016-09-02 00:43:49.247 11410 INFO neutron.wsgi [req-73f6ade8-6522-4b23-86f4-fd0bcb15d694 a01a11068ae742de856b960cad5860f2 4609a26e18504a5e828b2f02a95f3014 - - -] 10.1.13.251 - - [02/Sep/2016 00:43:49] "GET /v2.0/networks.json?router%3Aexternal=True HTTP/1.1" 200 1471 0.072794
2016-09-02 00:43:49.313 11410 INFO neutron.wsgi [req-8a1f930c-d591-4e73-b8b8-6f4931f0668d a01a11068ae742de856b960cad5860f2 4609a26e18504a5e828b2f02a95f3014 - - -] 10.1.13.251 - - [02/Sep/2016 00:43:49] "GET /v2.0/subnets.json HTTP/1.1" 200 1876 0.061422
2016-09-02 00:43:49.352 11410 INFO neutron.wsgi [req-8db12209-f796-4292-a1a2-a08606209ce6 a01a11068ae742de856b960cad5860f2 4609a26e18504a5e828b2f02a95f3014 - - -] 10.1.13.251 - - [02/Sep/2016 00:43:49] "GET /v2.0/ports.json HTTP/1.1" 200 3429 0.035467
2016-09-02 00:43:49.408 11410 INFO neutron.wsgi [req-24ae8a63-5ac4-4e0f-8ff2-c7f544863e3b a01a11068ae742de856b960cad5860f2 4609a26e18504a5e828b2f02a95f3014 - - -] 10.1.13.251 - - [02/Sep/2016 00:43:49] "GET /v2.0/routers.json?tenant_id=4609a26e18504a5e828b2f02a95f3014 HTTP/1.1" 200 750 0.051175
2016-09-02 00:44:01.459 11422 INFO neutron.wsgi [req-cc6b61d1-060d-4b20-998d-e17865bfca81 a01a11068ae742de856b960cad5860f2 4609a26e18504a5e828b2f02a95f3014 - - -] 10.1.13.251 - - [02/Sep/2016 00:44:01] "GET /v2.0/networks.json?shared=False&tenant_id=4609a26e18504a5e828b2f02a95f3014 HTTP/1.1" 200 842 0.057711
2016-09-02 00:44:01.515 11422 INFO neutron.wsgi [req-e8c5ac5b-5bea-47d3-b349-9f34db1158a4 a01a11068ae742de856b960cad5860f2 4609a26e18504a5e828b2f02a95f3014 - - -] 10.1.13.251 - - [02/Sep/2016 00:44:01] "GET /v2.0/subnets.json HTTP/1.1" 200 1876 0.052775
2016-09-02 00:44:01.723 11422 INFO neutron.wsgi [req-7584ace0-ee2e-4d42-8ef1-1cdad8099642 a01a11068ae742de856b960cad5860f2 4609a26e18504a5e828b2f02a95f3014 - - -] 10.1.13.251 - - [02/Sep/2016 00:44:01] "GET /v2.0/networks.json?shared=True HTTP/1.1" 200 856 0.204837
2016-09-02 00:44:01.778 11422 INFO neutron.wsgi [req-1616a630-03f4-4226-a1c4-1a39c633ab6b a01a11068ae742de856b960cad5860f2 4609a26e18504a5e828b2f02a95f3014 - - -] 10.1.13.251 - - [02/Sep/2016 00:44:01] "GET /v2.0/subnets.json HTTP/1.1" 200 1876 0.051736
2016-09-02 00:44:01.834 11422 INFO neutron.wsgi [req-b8cee616-847c-4e5c-88d4-7f9a7e5195f7 a01a11068ae742de856b960cad5860f2 4609a26e18504a5e828b2f02a95f3014 - - -] 10.1.13.251 - - [02/Sep/2016 00:44:01] "GET /v2.0/networks.json?router%3Aexternal=True HTTP/1.1" 200 1471 0.052446
2016-09-02 00:44:01.890 11422 INFO neutron.wsgi [req-7e58ba0c-bc66-403a-bb09-73951e6af080 a01a11068ae742de856b960cad5860f2 4609a26e18504a5e828b2f02a95f3014 - - -] 10.1.13.251 - - [02/Sep/2016 00:44:01] "GET /v2.0/subnets.json HTTP/1.1" 200 1876 0.052893
2016-09-02 00:44:01.925 11422 INFO neutron.wsgi [req-ceb4ecd9-256f-462e-8df9-2483c3e6006f a01a11068ae742de856b960cad5860f2 4609a26e18504a5e828b2f02a95f3014 - - -] 10.1.13.251 - - [02/Sep/2016 00:44:01] "GET /v2.0/ports.json HTTP/1.1" 200 3429 0.029310
2016-09-02 00:44:01.931 11421 WARNING keystonemiddleware.auth_token [-] Using the in-process token cache is deprecated as of the 4.2.0 release and may be removed in the 5.0.0 release or the 'O' development cycle. The in-process cache causes inconsistent results and high memory usage. When the feature is removed the auth_token middleware will not cache tokens by default which may result in performance issues. It is recommended to use  memcache for the auth_token token cache by setting the memcached_servers option.
2016-09-02 00:44:02.411 11421 INFO neutron.wsgi [req-6174a065-77e9-444c-a47d-16bc7e5f5633 a01a11068ae742de856b960cad5860f2 4609a26e18504a5e828b2f02a95f3014 - - -] 10.1.13.251 - - [02/Sep/2016 00:44:02] "GET /v2.0/routers.json?tenant_id=4609a26e18504a5e828b2f02a95f3014 HTTP/1.1" 200 750 0.481542
2016-09-02 00:44:12.835 11407 INFO neutron.wsgi [req-4ccf0fc8-a4fb-4a83-ab31-569a60e79293 a01a11068ae742de856b960cad5860f2 4609a26e18504a5e828b2f02a95f3014 - - -] 10.1.13.251 - - [02/Sep/2016 00:44:12] "GET /v2.0/networks.json?shared=False&tenant_id=4609a26e18504a5e828b2f02a95f3014 HTTP/1.1" 200 842 0.182056
2016-09-02 00:44:12.924 11406 INFO neutron.wsgi [req-117db646-1c0a-4737-bdd5-48612d1bf7ac a01a11068ae742de856b960cad5860f2 4609a26e18504a5e828b2f02a95f3014 - - -] 10.1.13.251 - - [02/Sep/2016 00:44:12] "GET /v2.0/subnets.json HTTP/1.1" 200 1876 0.085238
2016-09-02 00:44:12.994 11406 INFO neutron.wsgi [req-3dc1833e-5be6-4e97-84bf-f65e6131b7fb a01a11068ae742de856b960cad5860f2 4609a26e18504a5e828b2f02a95f3014 - - -] 10.1.13.251 - - [02/Sep/2016 00:44:12] "GET /v2.0/networks.json?shared=True HTTP/1.1" 200 856 0.066172
2016-09-02 00:44:13.049 11406 INFO neutron.wsgi [req-52e6453d-9b3e-43e2-a3b6-c028ab6bea1f a01a11068ae742de856b960cad5860f2 4609a26e18504a5e828b2f02a95f3014 - - -] 10.1.13.251 - - [02/Sep/2016 00:44:13] "GET /v2.0/subnets.json HTTP/1.1" 200 1876 0.052628
2016-09-02 00:44:13.107 11406 INFO neutron.wsgi [req-3dafb743-3c0a-456a-8ca0-93e50a175b0a a01a11068ae742de856b960cad5860f2 4609a26e18504a5e828b2f02a95f3014 - - -] 10.1.13.251 - - [02/Sep/2016 00:44:13] "GET /v2.0/networks.json?router%3Aexternal=True HTTP/1.1" 200 1471 0.053974
2016-09-02 00:44:13.182 11406 INFO neutron.wsgi [req-b1705615-3b68-4cb9-ae50-4d23362ad103 a01a11068ae742de856b960cad5860f2 4609a26e18504a5e828b2f02a95f3014 - - -] 10.1.13.251 - - [02/Sep/2016 00:44:13] "GET /v2.0/subnets.json HTTP/1.1" 200 1876 0.070555
2016-09-02 00:44:13.223 11422 INFO neutron.wsgi [req-f7a71da5-f07d-4438-9cee-6a6ef7b3869f a01a11068ae742de856b960cad5860f2 4609a26e18504a5e828b2f02a95f3014 - - -] 10.1.13.251 - - [02/Sep/2016 00:44:13] "GET /v2.0/ports.json HTTP/1.1" 200 3429 0.037026
2016-09-02 00:44:13.275 11422 INFO neutron.wsgi [req-31bd5a2c-cd9d-4308-bebc-8adbbfa9e197 a01a11068ae742de856b960cad5860f2 4609a26e18504a5e828b2f02a95f3014 - - -] 10.1.13.251 - - [02/Sep/2016 00:44:13] "GET /v2.0/routers.json?tenant_id=4609a26e18504a5e828b2f02a95f3014 HTTP/1.1" 200 750 0.048140
2016-09-02 00:44:23.576 11404 WARNING keystonemiddleware.auth_token [-] Using the in-process token cache is deprecated as of the 4.2.0 release and may be removed in the 5.0.0 release or the 'O' development cycle. The in-process cache causes inconsistent results and high memory usage. When the feature is removed the auth_token middleware will not cache tokens by default which may result in performance issues. It is recommended to use  memcache for the auth_token token cache by setting the memcached_servers option.
2016-09-02 00:44:24.062 11404 INFO neutron.wsgi [req-aa4db215-7540-4b78-beb2-85f5a4508b68 a01a11068ae742de856b960cad5860f2 4609a26e18504a5e828b2f02a95f3014 - - -] 10.1.13.251 - - [02/Sep/2016 00:44:24] "GET /v2.0/networks.json?shared=False&tenant_id=4609a26e18504a5e828b2f02a95f3014 HTTP/1.1" 200 842 0.487411
2016-09-02 00:44:24.117 11404 INFO neutron.wsgi [req-7e78dc23-fe4e-4aef-bd0b-e8684af73834 a01a11068ae742de856b960cad5860f2 4609a26e18504a5e828b2f02a95f3014 - - -] 10.1.13.251 - - [02/Sep/2016 00:44:24] "GET /v2.0/subnets.json HTTP/1.1" 200 1876 0.051595
2016-09-02 00:44:24.122 11409 WARNING keystonemiddleware.auth_token [-] Using the in-process token cache is deprecated as of the 4.2.0 release and may be removed in the 5.0.0 release or the 'O' development cycle. The in-process cache causes inconsistent results and high memory usage. When the feature is removed the auth_token middleware will not cache tokens by default which may result in performance issues. It is recommended to use  memcache for the auth_token token cache by setting the memcached_servers option.
2016-09-02 00:44:24.615 11409 INFO neutron.wsgi [req-08373c8f-5e9e-4987-b2da-8babe1291528 a01a11068ae742de856b960cad5860f2 4609a26e18504a5e828b2f02a95f3014 - - -] 10.1.13.251 - - [02/Sep/2016 00:44:24] "GET /v2.0/networks.json?shared=True HTTP/1.1" 200 856 0.494735
