2016-09-02 00:01:57.782 32281 INFO neutron.wsgi [req-8b9efba7-b5ab-4a40-9c1d-e08078397c08 a01a11068ae742de856b960cad5860f2 4609a26e18504a5e828b2f02a95f3014 - - -] 10.1.13.251 - - [02/Sep/2016 00:01:57] "GET /v2.0/quotas/4609a26e18504a5e828b2f02a95f3014.json HTTP/1.1" 200 610 0.006967
2016-09-02 00:01:58.002 32278 INFO neutron.wsgi [req-a51df44c-64b9-4200-b318-b69652d6ee9e a01a11068ae742de856b960cad5860f2 4609a26e18504a5e828b2f02a95f3014 - - -] 10.1.13.251 - - [02/Sep/2016 00:01:58] "GET /v2.0/ports.json?device_id=941c6967-c55c-4c3e-8765-7efd85fb5a54 HTTP/1.1" 200 1069 0.110993
2016-09-02 00:01:58.045 32278 INFO neutron.wsgi [req-dca6016d-c87f-4a7d-9bd3-27820c930648 a01a11068ae742de856b960cad5860f2 4609a26e18504a5e828b2f02a95f3014 - - -] 10.1.13.251 - - [02/Sep/2016 00:01:58] "GET /v2.0/security-groups.json?id=2370e409-5e19-42ba-b636-f07d0d665de6 HTTP/1.1" 200 1841 0.040545
2016-09-02 00:01:58.094 32286 INFO neutron.wsgi [req-568db8b5-415c-464a-b3d9-951294e01141 a01a11068ae742de856b960cad5860f2 4609a26e18504a5e828b2f02a95f3014 - - -] 10.1.13.251 - - [02/Sep/2016 00:01:58] "GET /v2.0/floatingips.json?tenant_id=4609a26e18504a5e828b2f02a95f3014 HTTP/1.1" 200 232 0.016041
2016-09-02 00:01:58.127 32285 INFO neutron.wsgi [req-5adac1e6-4492-4899-b32f-770272c546fc a01a11068ae742de856b960cad5860f2 4609a26e18504a5e828b2f02a95f3014 - - -] 10.1.13.251 - - [02/Sep/2016 00:01:58] "GET /v2.0/ports.json?tenant_id=4609a26e18504a5e828b2f02a95f3014 HTTP/1.1" 200 1069 0.029365
2016-09-02 00:01:58.306 32285 INFO neutron.wsgi [req-a621940d-f9c6-4b60-8654-cc132062c991 a01a11068ae742de856b960cad5860f2 4609a26e18504a5e828b2f02a95f3014 - - -] 10.1.13.251 - - [02/Sep/2016 00:01:58] "GET /v2.0/security-groups.json?tenant_id=4609a26e18504a5e828b2f02a95f3014 HTTP/1.1" 200 1841 0.175698
2016-09-02 00:01:58.372 32295 INFO neutron.wsgi [req-a20882f7-1bec-4c05-8059-c27932721b5d a01a11068ae742de856b960cad5860f2 4609a26e18504a5e828b2f02a95f3014 - - -] 10.1.13.251 - - [02/Sep/2016 00:01:58] "GET /v2.0/networks.json?shared=False HTTP/1.1" 200 1438 0.060911
2016-09-02 00:01:58.430 32282 INFO neutron.wsgi [req-3385fc64-3221-4126-9353-b9bf538f4873 a01a11068ae742de856b960cad5860f2 4609a26e18504a5e828b2f02a95f3014 - - -] 10.1.13.251 - - [02/Sep/2016 00:01:58] "GET /v2.0/subnets.json HTTP/1.1" 200 1861 0.054862
2016-09-02 00:01:58.487 32287 INFO neutron.wsgi [req-530d0d3d-29e0-4edf-84ec-ccb823445800 a01a11068ae742de856b960cad5860f2 4609a26e18504a5e828b2f02a95f3014 - - -] 10.1.13.251 - - [02/Sep/2016 00:01:58] "GET /v2.0/networks.json?shared=True HTTP/1.1" 200 855 0.054291
2016-09-02 00:01:58.541 32287 INFO neutron.wsgi [req-31683fba-eec1-40dc-b08e-e557efff05ba a01a11068ae742de856b960cad5860f2 4609a26e18504a5e828b2f02a95f3014 - - -] 10.1.13.251 - - [02/Sep/2016 00:01:58] "GET /v2.0/subnets.json HTTP/1.1" 200 1861 0.050494
2016-09-02 00:01:58.594 32287 INFO neutron.wsgi [req-43657fa9-8de1-4cc1-bb13-c6640b2c7bd2 a01a11068ae742de856b960cad5860f2 4609a26e18504a5e828b2f02a95f3014 - - -] 10.1.13.251 - - [02/Sep/2016 00:01:58] "GET /v2.0/subnets.json HTTP/1.1" 200 1861 0.049441
2016-09-02 00:01:58.645 32287 INFO neutron.wsgi [req-15125ec8-1ef1-436e-a2d8-de6b1a02fa1d a01a11068ae742de856b960cad5860f2 4609a26e18504a5e828b2f02a95f3014 - - -] 10.1.13.251 - - [02/Sep/2016 00:01:58] "GET /v2.0/routers.json HTTP/1.1" 200 1248 0.048397
2016-09-02 00:02:00.288 32288 INFO neutron.quota [req-2d7b86af-c27a-4520-ba84-23ebbf11d1b3 a01a11068ae742de856b960cad5860f2 4609a26e18504a5e828b2f02a95f3014 - - -] Loaded quota_driver: <neutron.db.quota.driver.DbQuotaDriver object at 0x6d89590>.
2016-09-02 00:02:00.685 32288 INFO neutron.wsgi [req-2d7b86af-c27a-4520-ba84-23ebbf11d1b3 a01a11068ae742de856b960cad5860f2 4609a26e18504a5e828b2f02a95f3014 - - -] 10.1.13.251 - - [02/Sep/2016 00:02:00] "POST /v2.0/floatingips.json HTTP/1.1" 201 562 0.447937
2016-09-02 00:02:03.347 32289 INFO neutron.wsgi [req-87dac621-1c1b-4fdb-be12-c2672ee95cfd a01a11068ae742de856b960cad5860f2 4609a26e18504a5e828b2f02a95f3014 - - -] 10.1.13.251 - - [02/Sep/2016 00:02:03] "GET /v2.0/extensions.json HTTP/1.1" 200 7211 0.003182
2016-09-02 00:02:03.365 32289 INFO neutron.wsgi [req-40dc6b41-065f-4f3e-bf53-5fb3f9e67677 a01a11068ae742de856b960cad5860f2 4609a26e18504a5e828b2f02a95f3014 - - -] 10.1.13.251 - - [02/Sep/2016 00:02:03] "GET /v2.0/floatingips.json?tenant_id=4609a26e18504a5e828b2f02a95f3014 HTTP/1.1" 200 560 0.014871
2016-09-02 00:02:03.396 32289 INFO neutron.wsgi [req-6e5d3ef8-02b8-45d7-9513-fd838ed79fe2 a01a11068ae742de856b960cad5860f2 4609a26e18504a5e828b2f02a95f3014 - - -] 10.1.13.251 - - [02/Sep/2016 00:02:03] "GET /v2.0/ports.json?tenant_id=4609a26e18504a5e828b2f02a95f3014 HTTP/1.1" 200 1069 0.027587
2016-09-02 00:02:03.429 32289 INFO neutron.wsgi [req-c3f84d7d-fba7-435b-937c-ea634e40c57c a01a11068ae742de856b960cad5860f2 4609a26e18504a5e828b2f02a95f3014 - - -] 10.1.13.251 - - [02/Sep/2016 00:02:03] "GET /v2.0/ports.json?tenant_id=4609a26e18504a5e828b2f02a95f3014 HTTP/1.1" 200 1069 0.029084
2016-09-02 00:02:03.645 32297 INFO neutron.wsgi [req-e47b3c01-a7c8-497f-a654-afc056d91feb a01a11068ae742de856b960cad5860f2 4609a26e18504a5e828b2f02a95f3014 - - -] 10.1.13.251 - - [02/Sep/2016 00:02:03] "GET /v2.0/ports.json?device_id=941c6967-c55c-4c3e-8765-7efd85fb5a54 HTTP/1.1" 200 1069 0.108273
2016-09-02 00:02:03.690 32297 INFO neutron.wsgi [req-650b63a6-bffc-4953-9ebe-a55cb511639d a01a11068ae742de856b960cad5860f2 4609a26e18504a5e828b2f02a95f3014 - - -] 10.1.13.251 - - [02/Sep/2016 00:02:03] "GET /v2.0/security-groups.json?id=2370e409-5e19-42ba-b636-f07d0d665de6 HTTP/1.1" 200 1841 0.043218
2016-09-02 00:02:03.763 32297 INFO neutron.wsgi [req-bb154cb1-0e8b-4af5-a41b-376edc419226 a01a11068ae742de856b960cad5860f2 4609a26e18504a5e828b2f02a95f3014 - - -] 10.1.13.251 - - [02/Sep/2016 00:02:03] "GET /v2.0/networks.json?router%3Aexternal=True HTTP/1.1" 200 1470 0.066634
2016-09-02 00:02:03.822 32284 INFO neutron.wsgi [req-316ec6e2-1fb1-40b6-9de0-bb7273a0beca a01a11068ae742de856b960cad5860f2 4609a26e18504a5e828b2f02a95f3014 - - -] 10.1.13.251 - - [02/Sep/2016 00:02:03] "GET /v2.0/routers.json HTTP/1.1" 200 1248 0.055040
2016-09-02 00:02:04.044 32284 INFO neutron.wsgi [req-4260c37f-1c84-45e5-b6de-5f6d7b7165f6 a01a11068ae742de856b960cad5860f2 4609a26e18504a5e828b2f02a95f3014 - - -] 10.1.13.251 - - [02/Sep/2016 00:02:04] "GET /v2.0/networks.json?shared=True HTTP/1.1" 200 855 0.218549
2016-09-02 00:02:04.099 32284 INFO neutron.wsgi [req-f6607485-4be1-44a0-9a42-f6f399afeb82 a01a11068ae742de856b960cad5860f2 4609a26e18504a5e828b2f02a95f3014 - - -] 10.1.13.251 - - [02/Sep/2016 00:02:04] "GET /v2.0/subnets.json HTTP/1.1" 200 1861 0.052230
2016-09-02 00:02:04.110 32284 INFO neutron.wsgi [req-e54d5a29-20ec-4b8a-acfd-166942d38621 a01a11068ae742de856b960cad5860f2 4609a26e18504a5e828b2f02a95f3014 - - -] 10.1.13.251 - - [02/Sep/2016 00:02:04] "GET /v2.0/lb/vips.json HTTP/1.1" 200 225 0.007419
2016-09-02 00:02:17.160 32296 INFO neutron.wsgi [req-fb24d13a-8713-4f3a-bb99-1e7688b6fc01 c0bc6bd293694e058aaf419c3a5c1b33 e5275a07edc54c9c97b5b304fe3b1b9a - - -] 10.1.13.13 - - [02/Sep/2016 00:02:17] "GET /v2.0/ports.json?tenant_id=4609a26e18504a5e828b2f02a95f3014&device_id=941c6967-c55c-4c3e-8765-7efd85fb5a54 HTTP/1.1" 200 1069 0.040196
2016-09-02 00:02:17.217 32296 INFO neutron.wsgi [req-c91e0e1f-75c0-4a0d-bab9-4651480dfcb6 c0bc6bd293694e058aaf419c3a5c1b33 e5275a07edc54c9c97b5b304fe3b1b9a - - -] 10.1.13.13 - - [02/Sep/2016 00:02:17] "GET /v2.0/networks.json?id=2e81e9bf-a6b0-431c-bf15-eeacbb07ea5a HTTP/1.1" 200 842 0.054686
2016-09-02 00:02:17.233 32296 INFO neutron.wsgi [req-c93dbdd8-3a6c-4ad9-a9ad-b7a826c9b586 c0bc6bd293694e058aaf419c3a5c1b33 e5275a07edc54c9c97b5b304fe3b1b9a - - -] 10.1.13.13 - - [02/Sep/2016 00:02:17] "GET /v2.0/floatingips.json?fixed_ip_address=172.24.4.227&port_id=d411ccce-9c9f-4fed-9552-07b2bb032390 HTTP/1.1" 200 232 0.013697
2016-09-02 00:02:17.284 32296 INFO neutron.wsgi [req-4edc76e9-1444-48b1-a0b0-e29b4b6e7512 c0bc6bd293694e058aaf419c3a5c1b33 e5275a07edc54c9c97b5b304fe3b1b9a - - -] 10.1.13.13 - - [02/Sep/2016 00:02:17] "GET /v2.0/subnets.json?id=d97934d0-2a7a-46af-8ec9-6b5bd0511d1d HTTP/1.1" 200 778 0.048757
2016-09-02 00:02:17.313 32296 INFO neutron.wsgi [req-1ee4ce61-74b4-4696-9fc5-e33bebe7c78f c0bc6bd293694e058aaf419c3a5c1b33 e5275a07edc54c9c97b5b304fe3b1b9a - - -] 10.1.13.13 - - [02/Sep/2016 00:02:17] "GET /v2.0/ports.json?network_id=2e81e9bf-a6b0-431c-bf15-eeacbb07ea5a&device_owner=network%3Adhcp HTTP/1.1" 200 226 0.026614
2016-09-02 00:02:22.125 32286 INFO neutron.wsgi [req-022cdc32-7705-436f-a162-bfe7f82b7201 a01a11068ae742de856b960cad5860f2 4609a26e18504a5e828b2f02a95f3014 - - -] 10.1.13.251 - - [02/Sep/2016 00:02:22] "GET /v2.0/networks.json?shared=False&tenant_id=4609a26e18504a5e828b2f02a95f3014 HTTP/1.1" 200 842 0.194243
2016-09-02 00:02:22.180 32286 INFO neutron.wsgi [req-6b47d777-2079-4367-88d2-099f550407c1 a01a11068ae742de856b960cad5860f2 4609a26e18504a5e828b2f02a95f3014 - - -] 10.1.13.251 - - [02/Sep/2016 00:02:22] "GET /v2.0/subnets.json HTTP/1.1" 200 1861 0.050968
2016-09-02 00:02:22.237 32286 INFO neutron.wsgi [req-120bf22a-eac6-48d9-b460-5cf9105d9bdb a01a11068ae742de856b960cad5860f2 4609a26e18504a5e828b2f02a95f3014 - - -] 10.1.13.251 - - [02/Sep/2016 00:02:22] "GET /v2.0/networks.json?shared=True HTTP/1.1" 200 855 0.054194
2016-09-02 00:02:22.292 32286 INFO neutron.wsgi [req-789034a9-0840-425b-97d4-9c88d071d682 a01a11068ae742de856b960cad5860f2 4609a26e18504a5e828b2f02a95f3014 - - -] 10.1.13.251 - - [02/Sep/2016 00:02:22] "GET /v2.0/subnets.json HTTP/1.1" 200 1861 0.051740
2016-09-02 00:02:27.057 32297 INFO neutron.wsgi [req-33360da5-6228-42e5-ba0b-d88d245e2892 a01a11068ae742de856b960cad5860f2 4609a26e18504a5e828b2f02a95f3014 - - -] 10.1.13.251 - - [02/Sep/2016 00:02:27] "GET /v2.0/networks.json?shared=False&tenant_id=4609a26e18504a5e828b2f02a95f3014 HTTP/1.1" 200 842 0.188273
2016-09-02 00:02:27.113 32297 INFO neutron.wsgi [req-cc1a0968-9e57-4255-ac41-51b600441e7c a01a11068ae742de856b960cad5860f2 4609a26e18504a5e828b2f02a95f3014 - - -] 10.1.13.251 - - [02/Sep/2016 00:02:27] "GET /v2.0/subnets.json HTTP/1.1" 200 1861 0.052701
2016-09-02 00:02:27.324 32276 INFO neutron.wsgi [req-7c9e8799-6d86-46ac-b56c-0819bf8f2c48 a01a11068ae742de856b960cad5860f2 4609a26e18504a5e828b2f02a95f3014 - - -] 10.1.13.251 - - [02/Sep/2016 00:02:27] "GET /v2.0/networks.json?shared=True HTTP/1.1" 200 855 0.208017
2016-09-02 00:02:27.381 32276 INFO neutron.wsgi [req-b7993920-5afb-4e53-a587-3e71a4a5e3a5 a01a11068ae742de856b960cad5860f2 4609a26e18504a5e828b2f02a95f3014 - - -] 10.1.13.251 - - [02/Sep/2016 00:02:27] "GET /v2.0/subnets.json HTTP/1.1" 200 1861 0.053019
2016-09-02 00:02:28.939 32296 INFO neutron.wsgi [req-08ff232b-6806-467b-abae-b964657faeb6 a01a11068ae742de856b960cad5860f2 4609a26e18504a5e828b2f02a95f3014 - - -] 10.1.13.13 - - [02/Sep/2016 00:02:28] "GET /v2.0/networks.json?id=472e77a7-f01d-4fcf-974b-485522822598 HTTP/1.1" 200 855 0.054940
2016-09-02 00:02:29.232 32296 ERROR neutron.plugins.ml2.managers [req-e1b9ee10-f6c8-4dc7-85a5-be05bc0fc907 c0bc6bd293694e058aaf419c3a5c1b33 e5275a07edc54c9c97b5b304fe3b1b9a - - -] Failed to bind port 1a79a4aa-72e2-4f9f-bbe2-7c1b3eb096a5 on host stack3.orbit8.com for vnic_type normal using segments [{'segmentation_id': 10, 'physical_network': u'bond0', 'id': u'3e851880-2265-4b72-b169-43ca71ebe646', 'network_type': u'vlan'}]
2016-09-02 00:02:29.233 32296 INFO neutron.plugins.ml2.plugin [req-e1b9ee10-f6c8-4dc7-85a5-be05bc0fc907 c0bc6bd293694e058aaf419c3a5c1b33 e5275a07edc54c9c97b5b304fe3b1b9a - - -] Attempt 2 to bind port 1a79a4aa-72e2-4f9f-bbe2-7c1b3eb096a5
2016-09-02 00:02:29.239 32296 ERROR neutron.plugins.ml2.managers [req-e1b9ee10-f6c8-4dc7-85a5-be05bc0fc907 c0bc6bd293694e058aaf419c3a5c1b33 e5275a07edc54c9c97b5b304fe3b1b9a - - -] Failed to bind port 1a79a4aa-72e2-4f9f-bbe2-7c1b3eb096a5 on host stack3.orbit8.com for vnic_type normal using segments [{'segmentation_id': 10, 'physical_network': u'bond0', 'id': u'3e851880-2265-4b72-b169-43ca71ebe646', 'network_type': u'vlan'}]
2016-09-02 00:02:29.240 32296 INFO neutron.plugins.ml2.plugin [req-e1b9ee10-f6c8-4dc7-85a5-be05bc0fc907 c0bc6bd293694e058aaf419c3a5c1b33 e5275a07edc54c9c97b5b304fe3b1b9a - - -] Attempt 3 to bind port 1a79a4aa-72e2-4f9f-bbe2-7c1b3eb096a5
2016-09-02 00:02:29.247 32296 ERROR neutron.plugins.ml2.managers [req-e1b9ee10-f6c8-4dc7-85a5-be05bc0fc907 c0bc6bd293694e058aaf419c3a5c1b33 e5275a07edc54c9c97b5b304fe3b1b9a - - -] Failed to bind port 1a79a4aa-72e2-4f9f-bbe2-7c1b3eb096a5 on host stack3.orbit8.com for vnic_type normal using segments [{'segmentation_id': 10, 'physical_network': u'bond0', 'id': u'3e851880-2265-4b72-b169-43ca71ebe646', 'network_type': u'vlan'}]
2016-09-02 00:02:29.247 32296 INFO neutron.plugins.ml2.plugin [req-e1b9ee10-f6c8-4dc7-85a5-be05bc0fc907 c0bc6bd293694e058aaf419c3a5c1b33 e5275a07edc54c9c97b5b304fe3b1b9a - - -] Attempt 4 to bind port 1a79a4aa-72e2-4f9f-bbe2-7c1b3eb096a5
2016-09-02 00:02:29.254 32296 ERROR neutron.plugins.ml2.managers [req-e1b9ee10-f6c8-4dc7-85a5-be05bc0fc907 c0bc6bd293694e058aaf419c3a5c1b33 e5275a07edc54c9c97b5b304fe3b1b9a - - -] Failed to bind port 1a79a4aa-72e2-4f9f-bbe2-7c1b3eb096a5 on host stack3.orbit8.com for vnic_type normal using segments [{'segmentation_id': 10, 'physical_network': u'bond0', 'id': u'3e851880-2265-4b72-b169-43ca71ebe646', 'network_type': u'vlan'}]
2016-09-02 00:02:29.254 32296 INFO neutron.plugins.ml2.plugin [req-e1b9ee10-f6c8-4dc7-85a5-be05bc0fc907 c0bc6bd293694e058aaf419c3a5c1b33 e5275a07edc54c9c97b5b304fe3b1b9a - - -] Attempt 5 to bind port 1a79a4aa-72e2-4f9f-bbe2-7c1b3eb096a5
2016-09-02 00:02:29.261 32296 ERROR neutron.plugins.ml2.managers [req-e1b9ee10-f6c8-4dc7-85a5-be05bc0fc907 c0bc6bd293694e058aaf419c3a5c1b33 e5275a07edc54c9c97b5b304fe3b1b9a - - -] Failed to bind port 1a79a4aa-72e2-4f9f-bbe2-7c1b3eb096a5 on host stack3.orbit8.com for vnic_type normal using segments [{'segmentation_id': 10, 'physical_network': u'bond0', 'id': u'3e851880-2265-4b72-b169-43ca71ebe646', 'network_type': u'vlan'}]
2016-09-02 00:02:29.262 32296 INFO neutron.plugins.ml2.plugin [req-e1b9ee10-f6c8-4dc7-85a5-be05bc0fc907 c0bc6bd293694e058aaf419c3a5c1b33 e5275a07edc54c9c97b5b304fe3b1b9a - - -] Attempt 6 to bind port 1a79a4aa-72e2-4f9f-bbe2-7c1b3eb096a5
2016-09-02 00:02:29.269 32296 ERROR neutron.plugins.ml2.managers [req-e1b9ee10-f6c8-4dc7-85a5-be05bc0fc907 c0bc6bd293694e058aaf419c3a5c1b33 e5275a07edc54c9c97b5b304fe3b1b9a - - -] Failed to bind port 1a79a4aa-72e2-4f9f-bbe2-7c1b3eb096a5 on host stack3.orbit8.com for vnic_type normal using segments [{'segmentation_id': 10, 'physical_network': u'bond0', 'id': u'3e851880-2265-4b72-b169-43ca71ebe646', 'network_type': u'vlan'}]
2016-09-02 00:02:29.269 32296 INFO neutron.plugins.ml2.plugin [req-e1b9ee10-f6c8-4dc7-85a5-be05bc0fc907 c0bc6bd293694e058aaf419c3a5c1b33 e5275a07edc54c9c97b5b304fe3b1b9a - - -] Attempt 7 to bind port 1a79a4aa-72e2-4f9f-bbe2-7c1b3eb096a5
2016-09-02 00:02:29.276 32296 ERROR neutron.plugins.ml2.managers [req-e1b9ee10-f6c8-4dc7-85a5-be05bc0fc907 c0bc6bd293694e058aaf419c3a5c1b33 e5275a07edc54c9c97b5b304fe3b1b9a - - -] Failed to bind port 1a79a4aa-72e2-4f9f-bbe2-7c1b3eb096a5 on host stack3.orbit8.com for vnic_type normal using segments [{'segmentation_id': 10, 'physical_network': u'bond0', 'id': u'3e851880-2265-4b72-b169-43ca71ebe646', 'network_type': u'vlan'}]
2016-09-02 00:02:29.276 32296 INFO neutron.plugins.ml2.plugin [req-e1b9ee10-f6c8-4dc7-85a5-be05bc0fc907 c0bc6bd293694e058aaf419c3a5c1b33 e5275a07edc54c9c97b5b304fe3b1b9a - - -] Attempt 8 to bind port 1a79a4aa-72e2-4f9f-bbe2-7c1b3eb096a5
2016-09-02 00:02:29.283 32296 ERROR neutron.plugins.ml2.managers [req-e1b9ee10-f6c8-4dc7-85a5-be05bc0fc907 c0bc6bd293694e058aaf419c3a5c1b33 e5275a07edc54c9c97b5b304fe3b1b9a - - -] Failed to bind port 1a79a4aa-72e2-4f9f-bbe2-7c1b3eb096a5 on host stack3.orbit8.com for vnic_type normal using segments [{'segmentation_id': 10, 'physical_network': u'bond0', 'id': u'3e851880-2265-4b72-b169-43ca71ebe646', 'network_type': u'vlan'}]
2016-09-02 00:02:29.283 32296 INFO neutron.plugins.ml2.plugin [req-e1b9ee10-f6c8-4dc7-85a5-be05bc0fc907 c0bc6bd293694e058aaf419c3a5c1b33 e5275a07edc54c9c97b5b304fe3b1b9a - - -] Attempt 9 to bind port 1a79a4aa-72e2-4f9f-bbe2-7c1b3eb096a5
2016-09-02 00:02:29.290 32296 ERROR neutron.plugins.ml2.managers [req-e1b9ee10-f6c8-4dc7-85a5-be05bc0fc907 c0bc6bd293694e058aaf419c3a5c1b33 e5275a07edc54c9c97b5b304fe3b1b9a - - -] Failed to bind port 1a79a4aa-72e2-4f9f-bbe2-7c1b3eb096a5 on host stack3.orbit8.com for vnic_type normal using segments [{'segmentation_id': 10, 'physical_network': u'bond0', 'id': u'3e851880-2265-4b72-b169-43ca71ebe646', 'network_type': u'vlan'}]
2016-09-02 00:02:29.291 32296 INFO neutron.plugins.ml2.plugin [req-e1b9ee10-f6c8-4dc7-85a5-be05bc0fc907 c0bc6bd293694e058aaf419c3a5c1b33 e5275a07edc54c9c97b5b304fe3b1b9a - - -] Attempt 10 to bind port 1a79a4aa-72e2-4f9f-bbe2-7c1b3eb096a5
2016-09-02 00:02:29.297 32296 ERROR neutron.plugins.ml2.managers [req-e1b9ee10-f6c8-4dc7-85a5-be05bc0fc907 c0bc6bd293694e058aaf419c3a5c1b33 e5275a07edc54c9c97b5b304fe3b1b9a - - -] Failed to bind port 1a79a4aa-72e2-4f9f-bbe2-7c1b3eb096a5 on host stack3.orbit8.com for vnic_type normal using segments [{'segmentation_id': 10, 'physical_network': u'bond0', 'id': u'3e851880-2265-4b72-b169-43ca71ebe646', 'network_type': u'vlan'}]
2016-09-02 00:02:29.521 32296 INFO neutron.wsgi [req-e1b9ee10-f6c8-4dc7-85a5-be05bc0fc907 c0bc6bd293694e058aaf419c3a5c1b33 e5275a07edc54c9c97b5b304fe3b1b9a - - -] 10.1.13.13 - - [02/Sep/2016 00:02:29] "POST /v2.0/ports.json HTTP/1.1" 201 1034 0.578358
2016-09-02 00:02:29.811 32296 INFO neutron.wsgi [req-cb8c7a70-3af0-4bc0-8dc7-c892b29c34ce c0bc6bd293694e058aaf419c3a5c1b33 e5275a07edc54c9c97b5b304fe3b1b9a - - -] 10.1.13.13 - - [02/Sep/2016 00:02:29] "DELETE /v2.0/ports/1a79a4aa-72e2-4f9f-bbe2-7c1b3eb096a5.json HTTP/1.1" 204 173 0.287703
2016-09-02 00:02:31.472 32288 INFO neutron.wsgi [req-0732bce2-c273-4b46-94b9-3201648baf9b a01a11068ae742de856b960cad5860f2 4609a26e18504a5e828b2f02a95f3014 - - -] 10.1.13.251 - - [02/Sep/2016 00:02:31] "GET /v2.0/ports.json?device_id=941c6967-c55c-4c3e-8765-7efd85fb5a54 HTTP/1.1" 200 1069 0.030293
2016-09-02 00:02:31.510 32288 INFO neutron.wsgi [req-789d993d-3af7-426b-8724-93876e052719 a01a11068ae742de856b960cad5860f2 4609a26e18504a5e828b2f02a95f3014 - - -] 10.1.13.251 - - [02/Sep/2016 00:02:31] "GET /v2.0/security-groups.json?id=2370e409-5e19-42ba-b636-f07d0d665de6 HTTP/1.1" 200 1841 0.035429
2016-09-02 00:02:31.609 32280 INFO neutron.wsgi [req-7423219a-1aac-4f94-9d59-2e4108013d15 a01a11068ae742de856b960cad5860f2 4609a26e18504a5e828b2f02a95f3014 - - -] 10.1.13.251 - - [02/Sep/2016 00:02:31] "GET /v2.0/ports.json?device_id=941c6967-c55c-4c3e-8765-7efd85fb5a54 HTTP/1.1" 200 1069 0.092191
2016-09-02 00:02:31.627 32290 INFO neutron.wsgi [req-66c43cea-b70a-43fb-b0d8-e6f68c7fe6e1 a01a11068ae742de856b960cad5860f2 4609a26e18504a5e828b2f02a95f3014 - - -] 10.1.13.251 - - [02/Sep/2016 00:02:31] "GET /v2.0/floatingips.json?tenant_id=4609a26e18504a5e828b2f02a95f3014&port_id=d411ccce-9c9f-4fed-9552-07b2bb032390 HTTP/1.1" 200 232 0.014151
2016-09-02 00:02:31.659 32294 INFO neutron.wsgi [req-7b5faf5c-58e1-4374-a919-37378e8e511f a01a11068ae742de856b960cad5860f2 4609a26e18504a5e828b2f02a95f3014 - - -] 10.1.13.251 - - [02/Sep/2016 00:02:31] "GET /v2.0/ports.json?tenant_id=4609a26e18504a5e828b2f02a95f3014 HTTP/1.1" 200 1069 0.028854
2016-09-02 00:02:31.713 32294 INFO neutron.wsgi [req-30ebd04d-b695-4683-a1fe-a3c368019b8d a01a11068ae742de856b960cad5860f2 4609a26e18504a5e828b2f02a95f3014 - - -] 10.1.13.251 - - [02/Sep/2016 00:02:31] "GET /v2.0/networks.json?id=2e81e9bf-a6b0-431c-bf15-eeacbb07ea5a HTTP/1.1" 200 842 0.051099
2016-09-02 00:02:31.770 32294 INFO neutron.wsgi [req-952ae419-5bf5-4cce-8893-5c40150178fb a01a11068ae742de856b960cad5860f2 4609a26e18504a5e828b2f02a95f3014 - - -] 10.1.13.251 - - [02/Sep/2016 00:02:31] "GET /v2.0/subnets.json HTTP/1.1" 200 1861 0.054201
2016-09-02 00:02:32.094 32296 INFO neutron.notifiers.nova [-] Nova event response: {u'status': u'completed', u'tag': u'1a79a4aa-72e2-4f9f-bbe2-7c1b3eb096a5', u'name': u'network-vif-deleted', u'server_uuid': u'941c6967-c55c-4c3e-8765-7efd85fb5a54', u'code': 200}
2016-09-02 00:02:32.338 32291 INFO neutron.wsgi [req-09397809-4282-40bd-b377-2a019239952c a01a11068ae742de856b960cad5860f2 4609a26e18504a5e828b2f02a95f3014 - - -] 10.1.13.251 - - [02/Sep/2016 00:02:32] "GET /v2.0/extensions.json HTTP/1.1" 200 7211 0.003423
2016-09-02 00:03:01.747 32284 INFO neutron.wsgi [req-aab60587-aac9-4a98-92d8-fd74e40a9f35 93e10f1269af498e9791f2baebe91f72 e5275a07edc54c9c97b5b304fe3b1b9a - - -] 10.1.13.251 - - [02/Sep/2016 00:03:01] "GET /v2.0/ports.json?device_id=941c6967-c55c-4c3e-8765-7efd85fb5a54 HTTP/1.1" 200 1069 0.143328
2016-09-02 00:03:01.802 32284 INFO neutron.wsgi [req-aebf2ff9-60f5-4c7c-a26a-da1de6c23d8e 93e10f1269af498e9791f2baebe91f72 e5275a07edc54c9c97b5b304fe3b1b9a - - -] 10.1.13.251 - - [02/Sep/2016 00:03:01] "GET /v2.0/security-groups.json?id=2370e409-5e19-42ba-b636-f07d0d665de6 HTTP/1.1" 200 1841 0.052001
2016-09-02 00:03:17.148 32294 INFO neutron.wsgi [req-3b157d7a-691f-47d7-af9e-b344a37f8f36 93e10f1269af498e9791f2baebe91f72 e5275a07edc54c9c97b5b304fe3b1b9a - - -] 10.1.13.251 - - [02/Sep/2016 00:03:17] "GET /v2.0/ports.json?device_id=941c6967-c55c-4c3e-8765-7efd85fb5a54&device_id=415b6af1-e47a-4ac6-912f-aeddd9d5d1b1 HTTP/1.1" 200 1069 0.141209
2016-09-02 00:03:17.189 32294 INFO neutron.wsgi [req-bd5ddc7c-8d07-4971-bd86-269aded181bf 93e10f1269af498e9791f2baebe91f72 e5275a07edc54c9c97b5b304fe3b1b9a - - -] 10.1.13.251 - - [02/Sep/2016 00:03:17] "GET /v2.0/security-groups.json?id=2370e409-5e19-42ba-b636-f07d0d665de6 HTTP/1.1" 200 1841 0.038409
2016-09-02 00:03:17.435 32286 INFO neutron.wsgi [req-d545a047-a27e-4527-b298-2fce39836d7e 93e10f1269af498e9791f2baebe91f72 e5275a07edc54c9c97b5b304fe3b1b9a - - -] 10.1.13.251 - - [02/Sep/2016 00:03:17] "GET /v2.0/lb/vips.json HTTP/1.1" 200 225 0.115320
2016-09-02 00:03:17.565 32286 INFO neutron.wsgi [req-c065d3fd-83a7-441e-9ca2-36136da8822d 93e10f1269af498e9791f2baebe91f72 e5275a07edc54c9c97b5b304fe3b1b9a - - -] 10.1.13.251 - - [02/Sep/2016 00:03:17] "GET /v2.0/lbaas/loadbalancers.json HTTP/1.1" 404 266 0.121099
2016-09-02 00:03:17.574 32286 INFO neutron.wsgi [req-ea52ba16-54c7-4ab0-9dee-c9f16c31cd15 93e10f1269af498e9791f2baebe91f72 e5275a07edc54c9c97b5b304fe3b1b9a - - -] 10.1.13.251 - - [02/Sep/2016 00:03:17] "GET /v2.0/lbaas/loadbalancers.json HTTP/1.1" 404 266 0.002463
2016-09-02 00:03:17.736 32292 INFO neutron.wsgi [req-810301a2-c79b-4bdb-b5b4-c58501497bb4 93e10f1269af498e9791f2baebe91f72 e5275a07edc54c9c97b5b304fe3b1b9a - - -] 10.1.13.251 - - [02/Sep/2016 00:03:17] "GET /v2.0/floatingips.json HTTP/1.1" 200 560 0.123766
2016-09-02 00:03:17.852 32276 INFO neutron.wsgi [req-500bbb62-43a8-4169-9d72-838b0308cb32 93e10f1269af498e9791f2baebe91f72 e5275a07edc54c9c97b5b304fe3b1b9a - - -] 10.1.13.251 - - [02/Sep/2016 00:03:17] "GET /v2.0/lbaas/pools.json HTTP/1.1" 404 266 0.112796
2016-09-02 00:03:17.966 32292 INFO neutron.wsgi [req-85f7d251-1c19-4b88-9109-2ab25608b928 93e10f1269af498e9791f2baebe91f72 e5275a07edc54c9c97b5b304fe3b1b9a - - -] 10.1.13.251 - - [02/Sep/2016 00:03:17] "GET /v2.0/fw/firewalls.json HTTP/1.1" 200 230 0.108235
2016-09-02 00:03:18.531 32283 INFO neutron.wsgi [req-96a96879-1f26-4931-9dad-ff53a2c49dab 93e10f1269af498e9791f2baebe91f72 e5275a07edc54c9c97b5b304fe3b1b9a - - -] 10.1.13.251 - - [02/Sep/2016 00:03:18] "GET /v2.0/vpn/vpnservices.json HTTP/1.1" 200 232 0.109981
2016-09-02 00:03:18.650 32278 INFO neutron.wsgi [req-dcc3d1b2-cfdc-4425-b972-41eed309c98d 93e10f1269af498e9791f2baebe91f72 e5275a07edc54c9c97b5b304fe3b1b9a - - -] 10.1.13.251 - - [02/Sep/2016 00:03:18] "GET /v2.0/lbaas/pools.json HTTP/1.1" 404 266 0.110318
2016-09-02 00:03:18.768 32280 INFO neutron.wsgi [req-0c4f09f4-366f-4665-b377-baf40908a62b 93e10f1269af498e9791f2baebe91f72 e5275a07edc54c9c97b5b304fe3b1b9a - - -] 10.1.13.251 - - [02/Sep/2016 00:03:18] "GET /v2.0/vpn/ipsec-site-connections.json HTTP/1.1" 200 243 0.109662
2016-09-02 00:03:18.884 32280 INFO neutron.wsgi [req-f4144c33-17a5-4f8b-b353-937dbb0dedf9 93e10f1269af498e9791f2baebe91f72 e5275a07edc54c9c97b5b304fe3b1b9a - - -] 10.1.13.251 - - [02/Sep/2016 00:03:18] "GET /v2.0/fw/firewall_policies.json HTTP/1.1" 200 238 0.109141
2016-09-02 00:03:18.895 32286 INFO neutron.wsgi [req-459b2bbb-2275-49fd-b9fd-6ee4efdd720f 93e10f1269af498e9791f2baebe91f72 e5275a07edc54c9c97b5b304fe3b1b9a - - -] 10.1.13.251 - - [02/Sep/2016 00:03:18] "GET /v2.0/lbaas/loadbalancers.json HTTP/1.1" 404 266 0.002978
2016-09-02 00:03:18.910 32286 INFO neutron.wsgi [req-789d30d6-c5a7-413e-9a8b-d9b344c6f8f1 93e10f1269af498e9791f2baebe91f72 e5275a07edc54c9c97b5b304fe3b1b9a - - -] 10.1.13.251 - - [02/Sep/2016 00:03:18] "GET /v2.0/lbaas/loadbalancers.json HTTP/1.1" 404 266 0.002459
2016-09-02 00:03:18.928 32286 INFO neutron.wsgi [req-136cec54-344e-41f4-9692-559b4408e4f5 93e10f1269af498e9791f2baebe91f72 e5275a07edc54c9c97b5b304fe3b1b9a - - -] 10.1.13.251 - - [02/Sep/2016 00:03:18] "GET /v2.0/lbaas/loadbalancers.json HTTP/1.1" 404 266 0.002453
2016-09-02 00:03:19.046 32292 INFO neutron.wsgi [req-c53dc228-ae34-4d93-9a2f-68263f7f0cab 93e10f1269af498e9791f2baebe91f72 e5275a07edc54c9c97b5b304fe3b1b9a - - -] 10.1.13.251 - - [02/Sep/2016 00:03:19] "GET /v2.0/lbaas/listeners.json HTTP/1.1" 404 266 0.111707
2016-09-02 00:03:19.179 32296 INFO neutron.wsgi [req-7f114c8e-9689-41fc-8f36-0bd2f7b866cc c0bc6bd293694e058aaf419c3a5c1b33 e5275a07edc54c9c97b5b304fe3b1b9a - - -] 10.1.13.13 - - [02/Sep/2016 00:03:19] "GET /v2.0/ports.json?tenant_id=4609a26e18504a5e828b2f02a95f3014&device_id=941c6967-c55c-4c3e-8765-7efd85fb5a54 HTTP/1.1" 200 1069 0.034075
2016-09-02 00:03:19.182 32294 INFO neutron.wsgi [req-6636874e-95e2-47a1-9b11-caa567342ee1 93e10f1269af498e9791f2baebe91f72 e5275a07edc54c9c97b5b304fe3b1b9a - - -] 10.1.13.251 - - [02/Sep/2016 00:03:19] "GET /v2.0/lbaas/healthmonitors.json HTTP/1.1" 404 266 0.130102
2016-09-02 00:03:19.235 32296 INFO neutron.wsgi [req-f0b1ed94-fb6f-40d0-8fa8-b94730b029db c0bc6bd293694e058aaf419c3a5c1b33 e5275a07edc54c9c97b5b304fe3b1b9a - - -] 10.1.13.13 - - [02/Sep/2016 00:03:19] "GET /v2.0/networks.json?id=2e81e9bf-a6b0-431c-bf15-eeacbb07ea5a HTTP/1.1" 200 842 0.053968
2016-09-02 00:03:19.251 32296 INFO neutron.wsgi [req-d9788bff-0813-4db3-a2ed-b3708fcff26c c0bc6bd293694e058aaf419c3a5c1b33 e5275a07edc54c9c97b5b304fe3b1b9a - - -] 10.1.13.13 - - [02/Sep/2016 00:03:19] "GET /v2.0/floatingips.json?fixed_ip_address=172.24.4.227&port_id=d411ccce-9c9f-4fed-9552-07b2bb032390 HTTP/1.1" 200 232 0.013372
2016-09-02 00:03:19.302 32296 INFO neutron.wsgi [req-9f14eee1-8122-414c-9818-15a0d4dc71a5 c0bc6bd293694e058aaf419c3a5c1b33 e5275a07edc54c9c97b5b304fe3b1b9a - - -] 10.1.13.13 - - [02/Sep/2016 00:03:19] "GET /v2.0/subnets.json?id=d97934d0-2a7a-46af-8ec9-6b5bd0511d1d HTTP/1.1" 200 778 0.049256
2016-09-02 00:03:19.331 32296 INFO neutron.wsgi [req-a04834e2-31f5-4ac2-932b-522798249082 c0bc6bd293694e058aaf419c3a5c1b33 e5275a07edc54c9c97b5b304fe3b1b9a - - -] 10.1.13.13 - - [02/Sep/2016 00:03:19] "GET /v2.0/ports.json?network_id=2e81e9bf-a6b0-431c-bf15-eeacbb07ea5a&device_owner=network%3Adhcp HTTP/1.1" 200 226 0.026957
2016-09-02 00:04:13.059 32296 INFO neutron.wsgi [req-6a2d13c9-3faa-49e9-b84e-bc91ddc2bb48 a01a11068ae742de856b960cad5860f2 4609a26e18504a5e828b2f02a95f3014 - - -] 10.1.13.251 - - [02/Sep/2016 00:04:13] "GET /v2.0/ports.json?device_id=941c6967-c55c-4c3e-8765-7efd85fb5a54 HTTP/1.1" 200 1069 0.048370
2016-09-02 00:04:13.100 32296 INFO neutron.wsgi [req-aa8a7acd-b3fe-44e3-9c68-055583f2dc6a a01a11068ae742de856b960cad5860f2 4609a26e18504a5e828b2f02a95f3014 - - -] 10.1.13.251 - - [02/Sep/2016 00:04:13] "GET /v2.0/security-groups.json?id=2370e409-5e19-42ba-b636-f07d0d665de6 HTTP/1.1" 200 1841 0.038530
2016-09-02 00:04:13.203 32291 INFO neutron.wsgi [req-70e70e56-82e9-4ad1-8c75-93c26456ecf3 a01a11068ae742de856b960cad5860f2 4609a26e18504a5e828b2f02a95f3014 - - -] 10.1.13.251 - - [02/Sep/2016 00:04:13] "GET /v2.0/extensions.json HTTP/1.1" 200 7211 0.003371
2016-09-02 00:04:13.235 32291 INFO neutron.wsgi [req-0c82836b-03cf-4ea5-a0be-fa8e3b843e4a a01a11068ae742de856b960cad5860f2 4609a26e18504a5e828b2f02a95f3014 - - -] 10.1.13.251 - - [02/Sep/2016 00:04:13] "GET /v2.0/ports.json?device_id=941c6967-c55c-4c3e-8765-7efd85fb5a54 HTTP/1.1" 200 1069 0.029157
2016-09-02 00:04:13.275 32287 INFO neutron.wsgi [req-b731f77e-7db0-4a25-b209-ec2f22a5e99a a01a11068ae742de856b960cad5860f2 4609a26e18504a5e828b2f02a95f3014 - - -] 10.1.13.251 - - [02/Sep/2016 00:04:13] "GET /v2.0/security-groups.json?id=2370e409-5e19-42ba-b636-f07d0d665de6 HTTP/1.1" 200 1841 0.037255
2016-09-02 00:04:13.310 32287 INFO neutron.wsgi [req-db68f22d-485b-4cd0-a12a-c3903aabaab6 a01a11068ae742de856b960cad5860f2 4609a26e18504a5e828b2f02a95f3014 - - -] 10.1.13.251 - - [02/Sep/2016 00:04:13] "GET /v2.0/ports.json?device_id=941c6967-c55c-4c3e-8765-7efd85fb5a54 HTTP/1.1" 200 1069 0.031293
2016-09-02 00:04:13.330 32297 INFO neutron.wsgi [req-fbe84017-deb2-4fad-84a1-f9e6d22faf0e a01a11068ae742de856b960cad5860f2 4609a26e18504a5e828b2f02a95f3014 - - -] 10.1.13.251 - - [02/Sep/2016 00:04:13] "GET /v2.0/floatingips.json?tenant_id=4609a26e18504a5e828b2f02a95f3014&port_id=d411ccce-9c9f-4fed-9552-07b2bb032390 HTTP/1.1" 200 232 0.016074
2016-09-02 00:04:13.362 32297 INFO neutron.wsgi [req-cfd57a76-f3a6-4273-8b1b-88bf5728ffb2 a01a11068ae742de856b960cad5860f2 4609a26e18504a5e828b2f02a95f3014 - - -] 10.1.13.251 - - [02/Sep/2016 00:04:13] "GET /v2.0/ports.json?tenant_id=4609a26e18504a5e828b2f02a95f3014 HTTP/1.1" 200 1069 0.029593
2016-09-02 00:04:13.417 32297 INFO neutron.wsgi [req-5cd7bc95-e4d2-49fb-b95f-2a3d970986b8 a01a11068ae742de856b960cad5860f2 4609a26e18504a5e828b2f02a95f3014 - - -] 10.1.13.251 - - [02/Sep/2016 00:04:13] "GET /v2.0/networks.json?id=2e81e9bf-a6b0-431c-bf15-eeacbb07ea5a HTTP/1.1" 200 842 0.051605
2016-09-02 00:04:13.472 32297 INFO neutron.wsgi [req-f2bd0ac8-731b-48a6-9710-8725de25f363 a01a11068ae742de856b960cad5860f2 4609a26e18504a5e828b2f02a95f3014 - - -] 10.1.13.251 - - [02/Sep/2016 00:04:13] "GET /v2.0/subnets.json HTTP/1.1" 200 1861 0.051614
2016-09-02 00:04:17.879 32275 WARNING keystonemiddleware.auth_token [-] Using the in-process token cache is deprecated as of the 4.2.0 release and may be removed in the 5.0.0 release or the 'O' development cycle. The in-process cache causes inconsistent results and high memory usage. When the feature is removed the auth_token middleware will not cache tokens by default which may result in performance issues. It is recommended to use  memcache for the auth_token token cache by setting the memcached_servers option.
2016-09-02 00:04:18.383 32275 INFO neutron.wsgi [req-99c784be-8ee8-4ee7-b8a9-b069b853c103 a01a11068ae742de856b960cad5860f2 4609a26e18504a5e828b2f02a95f3014 - - -] 10.1.13.251 - - [02/Sep/2016 00:04:18] "GET /v2.0/ports.json?device_id=941c6967-c55c-4c3e-8765-7efd85fb5a54 HTTP/1.1" 200 1069 0.506671
2016-09-02 00:04:18.436 32275 INFO neutron.wsgi [req-14759c45-00d7-4902-9788-7339c83bf7af a01a11068ae742de856b960cad5860f2 4609a26e18504a5e828b2f02a95f3014 - - -] 10.1.13.251 - - [02/Sep/2016 00:04:18] "GET /v2.0/security-groups.json?id=2370e409-5e19-42ba-b636-f07d0d665de6 HTTP/1.1" 200 1841 0.049859
2016-09-02 00:04:18.536 32280 INFO neutron.wsgi [req-b4790851-2291-47c7-aad5-cbf3a78347de a01a11068ae742de856b960cad5860f2 4609a26e18504a5e828b2f02a95f3014 - - -] 10.1.13.251 - - [02/Sep/2016 00:04:18] "GET /v2.0/extensions.json HTTP/1.1" 200 7211 0.004323
2016-09-02 00:04:18.568 32279 INFO neutron.wsgi [req-7c4f26ae-09d5-4b6f-b900-43046560fcbb a01a11068ae742de856b960cad5860f2 4609a26e18504a5e828b2f02a95f3014 - - -] 10.1.13.251 - - [02/Sep/2016 00:04:18] "GET /v2.0/ports.json?device_id=941c6967-c55c-4c3e-8765-7efd85fb5a54 HTTP/1.1" 200 1069 0.029168
2016-09-02 00:04:18.611 32279 INFO neutron.wsgi [req-49a1caa7-7270-4a88-9b4a-1a2301aa5b21 a01a11068ae742de856b960cad5860f2 4609a26e18504a5e828b2f02a95f3014 - - -] 10.1.13.251 - - [02/Sep/2016 00:04:18] "GET /v2.0/security-groups.json?id=2370e409-5e19-42ba-b636-f07d0d665de6 HTTP/1.1" 200 1841 0.039489
2016-09-02 00:04:18.781 32279 INFO neutron.wsgi [req-d622c520-6b9a-4cf9-9a1a-954f23b5fb87 a01a11068ae742de856b960cad5860f2 4609a26e18504a5e828b2f02a95f3014 - - -] 10.1.13.251 - - [02/Sep/2016 00:04:18] "GET /v2.0/ports.json?device_id=941c6967-c55c-4c3e-8765-7efd85fb5a54 HTTP/1.1" 200 1069 0.166850
2016-09-02 00:04:18.799 32279 INFO neutron.wsgi [req-716289d1-431b-4718-9a34-88a0018f27c9 a01a11068ae742de856b960cad5860f2 4609a26e18504a5e828b2f02a95f3014 - - -] 10.1.13.251 - - [02/Sep/2016 00:04:18] "GET /v2.0/floatingips.json?tenant_id=4609a26e18504a5e828b2f02a95f3014&port_id=d411ccce-9c9f-4fed-9552-07b2bb032390 HTTP/1.1" 200 232 0.014545
2016-09-02 00:04:18.828 32279 INFO neutron.wsgi [req-d282b68d-8e71-4191-995a-dc07e5191417 a01a11068ae742de856b960cad5860f2 4609a26e18504a5e828b2f02a95f3014 - - -] 10.1.13.251 - - [02/Sep/2016 00:04:18] "GET /v2.0/ports.json?tenant_id=4609a26e18504a5e828b2f02a95f3014 HTTP/1.1" 200 1069 0.026872
2016-09-02 00:04:18.889 32279 INFO neutron.wsgi [req-14e08f1c-9021-44ee-acf2-9ae5f97c70a1 a01a11068ae742de856b960cad5860f2 4609a26e18504a5e828b2f02a95f3014 - - -] 10.1.13.251 - - [02/Sep/2016 00:04:18] "GET /v2.0/networks.json?id=2e81e9bf-a6b0-431c-bf15-eeacbb07ea5a HTTP/1.1" 200 842 0.057367
2016-09-02 00:04:18.952 32279 INFO neutron.wsgi [req-92cc8e18-6f55-46b4-ad30-6331fde47cc6 a01a11068ae742de856b960cad5860f2 4609a26e18504a5e828b2f02a95f3014 - - -] 10.1.13.251 - - [02/Sep/2016 00:04:18] "GET /v2.0/subnets.json HTTP/1.1" 200 1861 0.060399
2016-09-02 00:04:20.140 32296 INFO neutron.wsgi [req-a913aebb-8889-44c5-85ed-0a0ed66e199b c0bc6bd293694e058aaf419c3a5c1b33 e5275a07edc54c9c97b5b304fe3b1b9a - - -] 10.1.13.13 - - [02/Sep/2016 00:04:20] "GET /v2.0/ports.json?tenant_id=4609a26e18504a5e828b2f02a95f3014&device_id=941c6967-c55c-4c3e-8765-7efd85fb5a54 HTTP/1.1" 200 1069 0.028971
2016-09-02 00:04:20.197 32296 INFO neutron.wsgi [req-2b7226b0-9fc4-436b-8de1-be906dbd2f7d c0bc6bd293694e058aaf419c3a5c1b33 e5275a07edc54c9c97b5b304fe3b1b9a - - -] 10.1.13.13 - - [02/Sep/2016 00:04:20] "GET /v2.0/networks.json?id=2e81e9bf-a6b0-431c-bf15-eeacbb07ea5a HTTP/1.1" 200 842 0.054886
2016-09-02 00:04:20.213 32296 INFO neutron.wsgi [req-7d226b4c-eb5a-439e-8b27-f08d6c3a0a04 c0bc6bd293694e058aaf419c3a5c1b33 e5275a07edc54c9c97b5b304fe3b1b9a - - -] 10.1.13.13 - - [02/Sep/2016 00:04:20] "GET /v2.0/floatingips.json?fixed_ip_address=172.24.4.227&port_id=d411ccce-9c9f-4fed-9552-07b2bb032390 HTTP/1.1" 200 232 0.012786
2016-09-02 00:04:20.264 32296 INFO neutron.wsgi [req-cbac66f4-0ac7-41db-9daf-3b2db57b2ce9 c0bc6bd293694e058aaf419c3a5c1b33 e5275a07edc54c9c97b5b304fe3b1b9a - - -] 10.1.13.13 - - [02/Sep/2016 00:04:20] "GET /v2.0/subnets.json?id=d97934d0-2a7a-46af-8ec9-6b5bd0511d1d HTTP/1.1" 200 778 0.049423
2016-09-02 00:04:20.295 32296 INFO neutron.wsgi [req-080bc819-a148-4899-b0b7-606344ac5dc7 c0bc6bd293694e058aaf419c3a5c1b33 e5275a07edc54c9c97b5b304fe3b1b9a - - -] 10.1.13.13 - - [02/Sep/2016 00:04:20] "GET /v2.0/ports.json?network_id=2e81e9bf-a6b0-431c-bf15-eeacbb07ea5a&device_owner=network%3Adhcp HTTP/1.1" 200 226 0.028311
2016-09-02 00:04:22.748 32282 INFO neutron.wsgi [req-1e0b03d1-28d9-4db9-b687-1767f60cb125 a01a11068ae742de856b960cad5860f2 4609a26e18504a5e828b2f02a95f3014 - - -] 10.1.13.251 - - [02/Sep/2016 00:04:22] "GET /v2.0/ports.json?device_id=941c6967-c55c-4c3e-8765-7efd85fb5a54 HTTP/1.1" 200 1069 0.029671
2016-09-02 00:04:22.787 32282 INFO neutron.wsgi [req-5a80b01d-cd16-4a75-b4cb-d557432f471d a01a11068ae742de856b960cad5860f2 4609a26e18504a5e828b2f02a95f3014 - - -] 10.1.13.251 - - [02/Sep/2016 00:04:22] "GET /v2.0/security-groups.json?id=2370e409-5e19-42ba-b636-f07d0d665de6 HTTP/1.1" 200 1841 0.036949
2016-09-02 00:04:22.898 32277 WARNING keystonemiddleware.auth_token [-] Using the in-process token cache is deprecated as of the 4.2.0 release and may be removed in the 5.0.0 release or the 'O' development cycle. The in-process cache causes inconsistent results and high memory usage. When the feature is removed the auth_token middleware will not cache tokens by default which may result in performance issues. It is recommended to use  memcache for the auth_token token cache by setting the memcached_servers option.
2016-09-02 00:04:23.291 32277 INFO neutron.wsgi [req-ac8e1555-b0c4-443b-a003-c560df175a1a a01a11068ae742de856b960cad5860f2 4609a26e18504a5e828b2f02a95f3014 - - -] 10.1.13.251 - - [02/Sep/2016 00:04:23] "GET /v2.0/extensions.json HTTP/1.1" 200 7211 0.394820
2016-09-02 00:04:23.296 32298 WARNING keystonemiddleware.auth_token [-] Using the in-process token cache is deprecated as of the 4.2.0 release and may be removed in the 5.0.0 release or the 'O' development cycle. The in-process cache causes inconsistent results and high memory usage. When the feature is removed the auth_token middleware will not cache tokens by default which may result in performance issues. It is recommended to use  memcache for the auth_token token cache by setting the memcached_servers option.
2016-09-02 00:04:23.771 32298 INFO neutron.wsgi [req-014a4170-3250-4c25-b09e-95ce7c8e4ff1 a01a11068ae742de856b960cad5860f2 4609a26e18504a5e828b2f02a95f3014 - - -] 10.1.13.251 - - [02/Sep/2016 00:04:23] "GET /v2.0/ports.json?device_id=941c6967-c55c-4c3e-8765-7efd85fb5a54 HTTP/1.1" 200 1069 0.476095
2016-09-02 00:04:23.814 32298 INFO neutron.wsgi [req-990b1d45-c872-449f-8a45-2e2f993a0686 a01a11068ae742de856b960cad5860f2 4609a26e18504a5e828b2f02a95f3014 - - -] 10.1.13.251 - - [02/Sep/2016 00:04:23] "GET /v2.0/security-groups.json?id=2370e409-5e19-42ba-b636-f07d0d665de6 HTTP/1.1" 200 1841 0.039488
2016-09-02 00:04:23.845 32298 INFO neutron.wsgi [req-473d8260-8a68-473a-af03-9c4dd73b7719 a01a11068ae742de856b960cad5860f2 4609a26e18504a5e828b2f02a95f3014 - - -] 10.1.13.251 - - [02/Sep/2016 00:04:23] "GET /v2.0/ports.json?device_id=941c6967-c55c-4c3e-8765-7efd85fb5a54 HTTP/1.1" 200 1069 0.027001
2016-09-02 00:04:23.869 32298 INFO neutron.wsgi [req-c1d6d114-db4a-44ef-a695-1008c42094a9 a01a11068ae742de856b960cad5860f2 4609a26e18504a5e828b2f02a95f3014 - - -] 10.1.13.251 - - [02/Sep/2016 00:04:23] "GET /v2.0/floatingips.json?tenant_id=4609a26e18504a5e828b2f02a95f3014&port_id=d411ccce-9c9f-4fed-9552-07b2bb032390 HTTP/1.1" 200 232 0.020528
2016-09-02 00:04:23.899 32298 INFO neutron.wsgi [req-979c8c07-fb98-4156-95e0-c13157a014f6 a01a11068ae742de856b960cad5860f2 4609a26e18504a5e828b2f02a95f3014 - - -] 10.1.13.251 - - [02/Sep/2016 00:04:23] "GET /v2.0/ports.json?tenant_id=4609a26e18504a5e828b2f02a95f3014 HTTP/1.1" 200 1069 0.027273
2016-09-02 00:04:24.091 32298 INFO neutron.wsgi [req-54542449-3d4a-47a4-81f8-b5bb8e767405 a01a11068ae742de856b960cad5860f2 4609a26e18504a5e828b2f02a95f3014 - - -] 10.1.13.251 - - [02/Sep/2016 00:04:24] "GET /v2.0/networks.json?id=2e81e9bf-a6b0-431c-bf15-eeacbb07ea5a HTTP/1.1" 200 842 0.189324
2016-09-02 00:04:24.146 32298 INFO neutron.wsgi [req-e3cca6e9-4626-4ef9-9094-b3fd984328bc a01a11068ae742de856b960cad5860f2 4609a26e18504a5e828b2f02a95f3014 - - -] 10.1.13.251 - - [02/Sep/2016 00:04:24] "GET /v2.0/subnets.json HTTP/1.1" 200 1861 0.051846
2016-09-02 00:05:22.218 32296 INFO neutron.wsgi [req-962c5ec7-189b-4146-ae7e-f0a736ac17e7 c0bc6bd293694e058aaf419c3a5c1b33 e5275a07edc54c9c97b5b304fe3b1b9a - - -] 10.1.13.13 - - [02/Sep/2016 00:05:22] "GET /v2.0/ports.json?tenant_id=4609a26e18504a5e828b2f02a95f3014&device_id=941c6967-c55c-4c3e-8765-7efd85fb5a54 HTTP/1.1" 200 1069 0.031499
2016-09-02 00:05:22.276 32296 INFO neutron.wsgi [req-c151faa7-d295-45b0-9468-9ab361259fe8 c0bc6bd293694e058aaf419c3a5c1b33 e5275a07edc54c9c97b5b304fe3b1b9a - - -] 10.1.13.13 - - [02/Sep/2016 00:05:22] "GET /v2.0/networks.json?id=2e81e9bf-a6b0-431c-bf15-eeacbb07ea5a HTTP/1.1" 200 842 0.054695
2016-09-02 00:05:22.291 32296 INFO neutron.wsgi [req-a9f564c4-d67e-46dd-bbd9-7b4e629a047a c0bc6bd293694e058aaf419c3a5c1b33 e5275a07edc54c9c97b5b304fe3b1b9a - - -] 10.1.13.13 - - [02/Sep/2016 00:05:22] "GET /v2.0/floatingips.json?fixed_ip_address=172.24.4.227&port_id=d411ccce-9c9f-4fed-9552-07b2bb032390 HTTP/1.1" 200 232 0.013444
2016-09-02 00:05:22.342 32296 INFO neutron.wsgi [req-c40fa38e-1ebb-4056-b7f6-3d5fe423f420 c0bc6bd293694e058aaf419c3a5c1b33 e5275a07edc54c9c97b5b304fe3b1b9a - - -] 10.1.13.13 - - [02/Sep/2016 00:05:22] "GET /v2.0/subnets.json?id=d97934d0-2a7a-46af-8ec9-6b5bd0511d1d HTTP/1.1" 200 778 0.048897
2016-09-02 00:05:22.371 32296 INFO neutron.wsgi [req-08f506f9-9260-498b-8a0a-c9c7e78c5025 c0bc6bd293694e058aaf419c3a5c1b33 e5275a07edc54c9c97b5b304fe3b1b9a - - -] 10.1.13.13 - - [02/Sep/2016 00:05:22] "GET /v2.0/ports.json?network_id=2e81e9bf-a6b0-431c-bf15-eeacbb07ea5a&device_owner=network%3Adhcp HTTP/1.1" 200 226 0.027061
2016-09-02 00:05:24.685 32294 INFO neutron.wsgi [req-8e0d710d-44f3-4e93-8710-816fc67071a8 a01a11068ae742de856b960cad5860f2 4609a26e18504a5e828b2f02a95f3014 - - -] 10.1.13.251 - - [02/Sep/2016 00:05:24] "GET /v2.0/ports.json?device_id=941c6967-c55c-4c3e-8765-7efd85fb5a54 HTTP/1.1" 200 1069 0.055250
2016-09-02 00:05:24.721 32294 INFO neutron.wsgi [req-6329bc07-c969-4d78-90c3-a78a7c43126e a01a11068ae742de856b960cad5860f2 4609a26e18504a5e828b2f02a95f3014 - - -] 10.1.13.251 - - [02/Sep/2016 00:05:24] "GET /v2.0/security-groups.json?id=2370e409-5e19-42ba-b636-f07d0d665de6 HTTP/1.1" 200 1841 0.034093
2016-09-02 00:05:24.938 32283 INFO neutron.wsgi [req-6490ecc9-eb4a-4f20-a43e-7eadbd97dc68 a01a11068ae742de856b960cad5860f2 4609a26e18504a5e828b2f02a95f3014 - - -] 10.1.13.251 - - [02/Sep/2016 00:05:24] "GET /v2.0/ports.json?device_id=941c6967-c55c-4c3e-8765-7efd85fb5a54 HTTP/1.1" 200 1069 0.210809
2016-09-02 00:05:24.956 32283 INFO neutron.wsgi [req-e1906ec8-b5d6-4bd6-a135-725514a7afea a01a11068ae742de856b960cad5860f2 4609a26e18504a5e828b2f02a95f3014 - - -] 10.1.13.251 - - [02/Sep/2016 00:05:24] "GET /v2.0/floatingips.json?tenant_id=4609a26e18504a5e828b2f02a95f3014&port_id=d411ccce-9c9f-4fed-9552-07b2bb032390 HTTP/1.1" 200 232 0.014446
2016-09-02 00:05:24.985 32283 INFO neutron.wsgi [req-31e5ef68-3aac-4ab4-b451-a7bffad11097 a01a11068ae742de856b960cad5860f2 4609a26e18504a5e828b2f02a95f3014 - - -] 10.1.13.251 - - [02/Sep/2016 00:05:24] "GET /v2.0/ports.json?tenant_id=4609a26e18504a5e828b2f02a95f3014 HTTP/1.1" 200 1069 0.026559
2016-09-02 00:05:25.069 32293 INFO neutron.wsgi [req-00c72a56-4a38-4573-955e-e0a9e987d89e a01a11068ae742de856b960cad5860f2 4609a26e18504a5e828b2f02a95f3014 - - -] 10.1.13.251 - - [02/Sep/2016 00:05:25] "GET /v2.0/networks.json?id=2e81e9bf-a6b0-431c-bf15-eeacbb07ea5a HTTP/1.1" 200 842 0.080706
2016-09-02 00:05:25.268 32293 INFO neutron.wsgi [req-99e1387d-29fc-4a15-acc8-88e13aa00396 a01a11068ae742de856b960cad5860f2 4609a26e18504a5e828b2f02a95f3014 - - -] 10.1.13.251 - - [02/Sep/2016 00:05:25] "GET /v2.0/subnets.json HTTP/1.1" 200 1861 0.194829
2016-09-02 00:05:25.835 32287 INFO neutron.wsgi [req-c52c9ec8-b84a-4639-a27a-cfb48d4074f4 a01a11068ae742de856b960cad5860f2 4609a26e18504a5e828b2f02a95f3014 - - -] 10.1.13.251 - - [02/Sep/2016 00:05:25] "GET /v2.0/extensions.json HTTP/1.1" 200 7211 0.003543
2016-09-02 00:05:29.055 32282 INFO neutron.wsgi [req-acdc44f5-110b-4d50-8c27-9f1581c28a61 a01a11068ae742de856b960cad5860f2 4609a26e18504a5e828b2f02a95f3014 - - -] 10.1.13.251 - - [02/Sep/2016 00:05:29] "GET /v2.0/extensions.json HTTP/1.1" 200 7211 0.004561
2016-09-02 00:05:29.099 32276 INFO neutron.wsgi [req-661bbe71-7720-4eed-b1b1-4a8c78d8ed72 a01a11068ae742de856b960cad5860f2 4609a26e18504a5e828b2f02a95f3014 - - -] 10.1.13.251 - - [02/Sep/2016 00:05:29] "GET /v2.0/security-groups.json?tenant_id=4609a26e18504a5e828b2f02a95f3014 HTTP/1.1" 200 1841 0.040388
2016-09-02 00:05:29.812 32291 INFO neutron.wsgi [req-4b5e79ee-aea2-4f58-bd48-b4afcbafd8f1 a01a11068ae742de856b960cad5860f2 4609a26e18504a5e828b2f02a95f3014 - - -] 10.1.13.251 - - [02/Sep/2016 00:05:29] "GET /v2.0/networks.json?shared=False&tenant_id=4609a26e18504a5e828b2f02a95f3014 HTTP/1.1" 200 842 0.206433
2016-09-02 00:05:29.868 32291 INFO neutron.wsgi [req-efbb5f0e-9ec8-470a-a05d-28f212afd525 a01a11068ae742de856b960cad5860f2 4609a26e18504a5e828b2f02a95f3014 - - -] 10.1.13.251 - - [02/Sep/2016 00:05:29] "GET /v2.0/subnets.json HTTP/1.1" 200 1861 0.051832
2016-09-02 00:05:29.934 32275 INFO neutron.wsgi [req-8c70cafd-a725-4a17-ac58-74738889e710 a01a11068ae742de856b960cad5860f2 4609a26e18504a5e828b2f02a95f3014 - - -] 10.1.13.251 - - [02/Sep/2016 00:05:29] "GET /v2.0/networks.json?shared=True HTTP/1.1" 200 855 0.062784
2016-09-02 00:05:30.138 32275 INFO neutron.wsgi [req-74bedfb1-af59-41d3-9420-9fc2e51cafe6 a01a11068ae742de856b960cad5860f2 4609a26e18504a5e828b2f02a95f3014 - - -] 10.1.13.251 - - [02/Sep/2016 00:05:30] "GET /v2.0/subnets.json HTTP/1.1" 200 1861 0.200006
2016-09-02 00:05:30.437 32276 INFO neutron.wsgi [req-358c16ec-a66b-4118-a687-87c3bd953120 a01a11068ae742de856b960cad5860f2 4609a26e18504a5e828b2f02a95f3014 - - -] 10.1.13.251 - - [02/Sep/2016 00:05:30] "GET /v2.0/ports.json?network_id=2e81e9bf-a6b0-431c-bf15-eeacbb07ea5a HTTP/1.1" 200 1857 0.037032
2016-09-02 00:05:30.451 32295 INFO neutron.wsgi [req-ecba3b98-00a0-4626-9824-a48b6fc7b180 a01a11068ae742de856b960cad5860f2 4609a26e18504a5e828b2f02a95f3014 - - -] 10.1.13.251 - - [02/Sep/2016 00:05:30] "GET /v2.0/ports.json?network_id=472e77a7-f01d-4fcf-974b-485522822598 HTTP/1.1" 200 1692 0.033076
2016-09-02 00:05:51.505 32294 INFO neutron.wsgi [req-c28b9cf8-b749-4466-a3a7-49d7b9fd725d a01a11068ae742de856b960cad5860f2 4609a26e18504a5e828b2f02a95f3014 - - -] 10.1.13.251 - - [02/Sep/2016 00:05:51] "GET /v2.0/security-groups.json?fields=id&id=2370e409-5e19-42ba-b636-f07d0d665de6 HTTP/1.1" 200 282 0.038248
2016-09-02 00:05:51.532 32294 INFO neutron.wsgi [req-ea6052a4-068e-4349-8cc9-e1a55d04f6a0 a01a11068ae742de856b960cad5860f2 4609a26e18504a5e828b2f02a95f3014 - - -] 10.1.13.251 - - [02/Sep/2016 00:05:51] "GET /v2.0/security-groups/2370e409-5e19-42ba-b636-f07d0d665de6.json HTTP/1.1" 200 1838 0.024567
2016-09-02 00:05:51.596 32294 INFO neutron.wsgi [req-420206e6-5ec0-4ec3-8962-383b28e14574 a01a11068ae742de856b960cad5860f2 4609a26e18504a5e828b2f02a95f3014 - - -] 10.1.13.251 - - [02/Sep/2016 00:05:51] "GET /v2.0/networks.json?id=472e77a7-f01d-4fcf-974b-485522822598 HTTP/1.1" 200 855 0.060423
2016-09-02 00:05:51.605 32294 INFO neutron.wsgi [req-9eff2f1c-44f8-4947-a9fe-56f4b7b5d44b a01a11068ae742de856b960cad5860f2 4609a26e18504a5e828b2f02a95f3014 - - -] 10.1.13.251 - - [02/Sep/2016 00:05:51] "GET /v2.0/quotas/4609a26e18504a5e828b2f02a95f3014.json HTTP/1.1" 200 610 0.007029
2016-09-02 00:05:51.634 32294 INFO neutron.wsgi [req-953647c7-2a7f-4b1b-bbf6-a92414deaebc a01a11068ae742de856b960cad5860f2 4609a26e18504a5e828b2f02a95f3014 - - -] 10.1.13.251 - - [02/Sep/2016 00:05:51] "GET /v2.0/ports.json?fields=id&tenant_id=4609a26e18504a5e828b2f02a95f3014 HTTP/1.1" 200 272 0.027405
2016-09-02 00:05:52.105 32294 INFO neutron.wsgi [req-31327e29-cfba-47c6-8a6f-35eafcf229a5 a01a11068ae742de856b960cad5860f2 4609a26e18504a5e828b2f02a95f3014 - - -] 10.1.13.251 - - [02/Sep/2016 00:05:52] "GET /v2.0/ports.json?device_id=ea918484-8ba8-4201-b369-df724f5e94c5 HTTP/1.1" 200 226 0.027211
2016-09-02 00:05:52.436 32279 INFO neutron.wsgi [req-db831ddc-c262-4b43-88b1-e0cb51526830 a01a11068ae742de856b960cad5860f2 4609a26e18504a5e828b2f02a95f3014 - - -] 10.1.13.251 - - [02/Sep/2016 00:05:52] "GET /v2.0/ports.json?device_id=ea918484-8ba8-4201-b369-df724f5e94c5&device_id=941c6967-c55c-4c3e-8765-7efd85fb5a54 HTTP/1.1" 200 1069 0.057617
2016-09-02 00:05:52.478 32279 INFO neutron.wsgi [req-2b96c2a0-9eda-4006-abcd-8c2a20aef5bc a01a11068ae742de856b960cad5860f2 4609a26e18504a5e828b2f02a95f3014 - - -] 10.1.13.251 - - [02/Sep/2016 00:05:52] "GET /v2.0/security-groups.json?id=2370e409-5e19-42ba-b636-f07d0d665de6 HTTP/1.1" 200 1841 0.039333
2016-09-02 00:05:52.514 32294 INFO neutron.wsgi [req-3e4ea20c-c943-4e3e-99a7-83ab0f8b8758 a01a11068ae742de856b960cad5860f2 4609a26e18504a5e828b2f02a95f3014 - - -] 10.1.13.251 - - [02/Sep/2016 00:05:52] "GET /v2.0/ports.json?device_id=ea918484-8ba8-4201-b369-df724f5e94c5&device_id=941c6967-c55c-4c3e-8765-7efd85fb5a54 HTTP/1.1" 200 1069 0.029795
2016-09-02 00:05:52.530 32294 INFO neutron.wsgi [req-cf62ab8e-799b-4782-a4b6-184122785453 a01a11068ae742de856b960cad5860f2 4609a26e18504a5e828b2f02a95f3014 - - -] 10.1.13.251 - - [02/Sep/2016 00:05:52] "GET /v2.0/floatingips.json?tenant_id=4609a26e18504a5e828b2f02a95f3014&port_id=d411ccce-9c9f-4fed-9552-07b2bb032390 HTTP/1.1" 200 232 0.012706
2016-09-02 00:05:52.569 32294 INFO neutron.wsgi [req-a4871b9f-ebc7-4639-b3e2-f0fd1d2814ca a01a11068ae742de856b960cad5860f2 4609a26e18504a5e828b2f02a95f3014 - - -] 10.1.13.251 - - [02/Sep/2016 00:05:52] "GET /v2.0/ports.json?tenant_id=4609a26e18504a5e828b2f02a95f3014 HTTP/1.1" 200 1069 0.035492
2016-09-02 00:05:52.632 32294 INFO neutron.wsgi [req-b61f532c-da18-477f-b52f-a6d030d6904c a01a11068ae742de856b960cad5860f2 4609a26e18504a5e828b2f02a95f3014 - - -] 10.1.13.251 - - [02/Sep/2016 00:05:52] "GET /v2.0/networks.json?id=2e81e9bf-a6b0-431c-bf15-eeacbb07ea5a HTTP/1.1" 200 842 0.058484
2016-09-02 00:05:52.687 32294 INFO neutron.wsgi [req-6dd44060-a40c-412f-a8ac-bd2454b1ae3c a01a11068ae742de856b960cad5860f2 4609a26e18504a5e828b2f02a95f3014 - - -] 10.1.13.251 - - [02/Sep/2016 00:05:52] "GET /v2.0/subnets.json HTTP/1.1" 200 1861 0.051865
2016-09-02 00:05:52.821 32290 INFO neutron.wsgi [req-c755f18e-4406-4b25-ba77-a82466593e26 a01a11068ae742de856b960cad5860f2 4609a26e18504a5e828b2f02a95f3014 - - -] 10.1.13.14 - - [02/Sep/2016 00:05:52] "GET /v2.0/extensions.json HTTP/1.1" 200 7211 0.003609
2016-09-02 00:05:52.852 32289 INFO neutron.wsgi [req-bfe45708-4ddc-4415-bfca-93b7c29c8db6 a01a11068ae742de856b960cad5860f2 4609a26e18504a5e828b2f02a95f3014 - - -] 10.1.13.251 - - [02/Sep/2016 00:05:52] "GET /v2.0/extensions.json HTTP/1.1" 200 7211 0.037008
